BL51 BANKED LINKER/LOCATER V6.22                                                        06/14/2019  09:34:49  PAGE 1


BL51 BANKED LINKER/LOCATER V6.22, INVOKED BY:
D:\PROGRAM FILES (X86)\KEIL\C51\BIN\BL51.EXE .\list\main.obj, .\list\function.obj, .\list\aes128app.obj, .\list\aes.obj,
>>  .\list\crc16.obj, .\list\sys_clock.obj, .\list\GPRS.obj, .\list\mystring.obj, .\list\delay.obj, .\list\GPIO.obj, .\l
>> ist\USART1.obj, .\list\stc_timer.obj, .\list\eeprom.obj TO .\list\dtu PRINT (.\list\dtu.m51) IXREF DISABLEWARNING (16
>> )


MEMORY MODEL: LARGE


INPUT MODULES INCLUDED:
  .\list\main.obj (MAIN)
  .\list\function.obj (FUNCTION)
  .\list\aes128app.obj (AES128APP)
  .\list\aes.obj (AES)
  .\list\crc16.obj (CRC16)
  .\list\sys_clock.obj (SYS_CLOCK)
  .\list\GPRS.obj (GPRS)
  .\list\mystring.obj (MYSTRING)
  .\list\delay.obj (DELAY)
  .\list\GPIO.obj (GPIO)
  .\list\USART1.obj (USART1)
  .\list\stc_timer.obj (STC_TIMER)
  .\list\eeprom.obj (EEPROM)
  D:\PROGRAM FILES (X86)\KEIL\C51\LIB\C51L.LIB (?C_STARTUP)
  D:\PROGRAM FILES (X86)\KEIL\C51\LIB\C51L.LIB (?C?COPY)
  D:\PROGRAM FILES (X86)\KEIL\C51\LIB\C51L.LIB (?C?CLDPTR)
  D:\PROGRAM FILES (X86)\KEIL\C51\LIB\C51L.LIB (?C?CLDOPTR)
  D:\PROGRAM FILES (X86)\KEIL\C51\LIB\C51L.LIB (?C?CSTPTR)
  D:\PROGRAM FILES (X86)\KEIL\C51\LIB\C51L.LIB (?C?CSTOPTR)
  D:\PROGRAM FILES (X86)\KEIL\C51\LIB\C51L.LIB (?C?UIDIV)
  D:\PROGRAM FILES (X86)\KEIL\C51\LIB\C51L.LIB (?C?IILDX)
  D:\PROGRAM FILES (X86)\KEIL\C51\LIB\C51L.LIB (?C?ILDIX)
  D:\PROGRAM FILES (X86)\KEIL\C51\LIB\C51L.LIB (?C?ILDOPTR)
  D:\PROGRAM FILES (X86)\KEIL\C51\LIB\C51L.LIB (?C?LMUL)
  D:\PROGRAM FILES (X86)\KEIL\C51\LIB\C51L.LIB (?C?ULDIV)
  D:\PROGRAM FILES (X86)\KEIL\C51\LIB\C51L.LIB (?C?ULCMP)
  D:\PROGRAM FILES (X86)\KEIL\C51\LIB\C51L.LIB (?C?ULSHR)
  D:\PROGRAM FILES (X86)\KEIL\C51\LIB\C51L.LIB (?C?LLDOPTR0)
  D:\PROGRAM FILES (X86)\KEIL\C51\LIB\C51L.LIB (?C?LSTXDATA)
  D:\PROGRAM FILES (X86)\KEIL\C51\LIB\C51L.LIB (?C?LSTKXDATA)
  D:\PROGRAM FILES (X86)\KEIL\C51\LIB\C51L.LIB (?C?OFFXADD)
  D:\PROGRAM FILES (X86)\KEIL\C51\LIB\C51L.LIB (?C?PLDPTR)
  D:\PROGRAM FILES (X86)\KEIL\C51\LIB\C51L.LIB (?C?PSTPTR)
  D:\PROGRAM FILES (X86)\KEIL\C51\LIB\C51L.LIB (?C?PLDOPTR)
  D:\PROGRAM FILES (X86)\KEIL\C51\LIB\C51L.LIB (?C?CCASE)
  D:\PROGRAM FILES (X86)\KEIL\C51\LIB\C51L.LIB (PRINTF)
  D:\PROGRAM FILES (X86)\KEIL\C51\LIB\C51L.LIB (STRCAT)
  D:\PROGRAM FILES (X86)\KEIL\C51\LIB\C51L.LIB (STRNCPY)
  D:\PROGRAM FILES (X86)\KEIL\C51\LIB\C51L.LIB (STRLEN)
  D:\PROGRAM FILES (X86)\KEIL\C51\LIB\C51L.LIB (STRSTR)
  D:\PROGRAM FILES (X86)\KEIL\C51\LIB\C51L.LIB (STRTOUL)
  D:\PROGRAM FILES (X86)\KEIL\C51\LIB\C51L.LIB (?C?MEMSET)
  D:\PROGRAM FILES (X86)\KEIL\C51\LIB\C51L.LIB (?C_INIT)
  D:\PROGRAM FILES (X86)\KEIL\C51\LIB\C51L.LIB (?C?LNEG)
  D:\PROGRAM FILES (X86)\KEIL\C51\LIB\C51L.LIB (?C?LLDIDATA0)
  D:\PROGRAM FILES (X86)\KEIL\C51\LIB\C51L.LIB (?C?LLDXDATA0)
  D:\PROGRAM FILES (X86)\KEIL\C51\LIB\C51L.LIB (?C?LLDPDATA0)
BL51 BANKED LINKER/LOCATER V6.22                                                      06/14/2019  09:34:49  PAGE 2


  D:\PROGRAM FILES (X86)\KEIL\C51\LIB\C51L.LIB (?C?LLDCODE0)
  D:\PROGRAM FILES (X86)\KEIL\C51\LIB\C51L.LIB (?C?PLDIDATA)
  D:\PROGRAM FILES (X86)\KEIL\C51\LIB\C51L.LIB (?C?PSTIDATA)
  D:\PROGRAM FILES (X86)\KEIL\C51\LIB\C51L.LIB (?C?PLDXDATA)
  D:\PROGRAM FILES (X86)\KEIL\C51\LIB\C51L.LIB (?C?PLDIXDATA)
  D:\PROGRAM FILES (X86)\KEIL\C51\LIB\C51L.LIB (?C?PSTXDATA)
  D:\PROGRAM FILES (X86)\KEIL\C51\LIB\C51L.LIB (?C?PLDPDATA)
  D:\PROGRAM FILES (X86)\KEIL\C51\LIB\C51L.LIB (?C?PSTPDATA)
  D:\PROGRAM FILES (X86)\KEIL\C51\LIB\C51L.LIB (?C?PLDCODE)


LINK MAP OF MODULE:  .\list\dtu (MAIN)


            TYPE    BASE      LENGTH    RELOCATION   SEGMENT NAME
            -----------------------------------------------------

            * * * * * * *   D A T A   M E M O R Y   * * * * * * *
            REG     0000H     0008H     ABSOLUTE     "REG BANK 0"
            DATA    0008H     0005H     UNIT         _DATA_GROUP_
            DATA    000DH     0002H     UNIT         ?DT?SYS_CLOCK
                    000FH     0001H                  *** GAP ***
            REG     0010H     0008H     ABSOLUTE     "REG BANK 2"
            REG     0018H     0008H     ABSOLUTE     "REG BANK 3"
            BIT     0020H.0   0001H.1   UNIT         _BIT_GROUP_
                    0021H.1   0000H.7                *** GAP ***
            IDATA   0022H     0001H     UNIT         ?STACK

            * * * * * * *  X D A T A   M E M O R Y  * * * * * * *
            XDATA   0000H     0217H     UNIT         ?XD?USART1
            XDATA   0217H     00B9H     UNIT         ?XD?AES
            XDATA   02D0H     008CH     UNIT         _XDATA_GROUP_
            XDATA   035CH     0043H     UNIT         ?XD?GPRS
            XDATA   039FH     0035H     UNIT         ?XD?FUNCTION
            XDATA   03D4H     0013H     UNIT         ?XD?_AES128_CBC_DECRYPT_BUFFER?AES
            XDATA   03E7H     0012H     UNIT         ?XD?_APP_DECRYPT_CBC?AES128APP
            XDATA   03F9H     000CH     UNIT         ?XD?_STRTRIM_FAST?MYSTRING
            XDATA   0405H     000BH     UNIT         ?XD?_CRC16?CRC16
            XDATA   0410H     000AH     UNIT         ?XD?_TRIM?MYSTRING
            XDATA   041AH     000AH     UNIT         ?XD?_STRNCPY?STRNCPY
            XDATA   0424H     0009H     UNIT         ?XD?_AES128_ECB_ENCRYPT?AES
            XDATA   042DH     0009H     UNIT         ?XD?_AES128_ECB_DECRYPT?AES
            XDATA   0436H     0006H     UNIT         ?XD?INVMIXCOLUMNS?AES
            XDATA   043CH     0004H     UNIT         ?XD?_PHEX?AES128APP
            XDATA   0440H     0002H     UNIT         ?XD?INVSUBBYTES?AES
            XDATA   0442H     0001H     UNIT         ?XD?INVCIPHER?AES

            * * * * * * *   C O D E   M E M O R Y   * * * * * * *
            CODE    0000H     0003H     ABSOLUTE     
            CODE    0003H     0007H     UNIT         ?CO?AES128APP
            CODE    000AH     0001H     UNIT         ?PR?TIMER1_INT?STC_TIMER
            CODE    000BH     0003H     ABSOLUTE     
            CODE    000EH     000DH     UNIT         ?PR?TIMER0_INT?STC_TIMER
            CODE    001BH     0003H     ABSOLUTE     
            CODE    001EH     0001H     UNIT         ?PR?TIMER2_INT?STC_TIMER
                    001FH     0004H                  *** GAP ***
            CODE    0023H     0003H     ABSOLUTE     
BL51 BANKED LINKER/LOCATER V6.22                                                      06/14/2019  09:34:49  PAGE 3


            CODE    0026H     0015H     UNIT         ?PR?_STRLEN?STRLEN
            CODE    003BH     0007H     UNIT         ?PR?_GETSBOXINVERT?AES
                    0042H     0001H                  *** GAP ***
            CODE    0043H     0003H     ABSOLUTE     
            CODE    0046H     0013H     UNIT         ?PR?_PRINTSTRING1?USART1
            CODE    0059H     0009H     UNIT         ?PR?GET_SYS_TICKS?SYS_CLOCK
                    0062H     0001H                  *** GAP ***
            CODE    0063H     0003H     ABSOLUTE     
            CODE    0066H     08D6H     UNIT         ?PR?_INIT_GPRS?GPRS
            CODE    093CH     0571H     UNIT         ?C?LIB_CODE
            CODE    0EADH     03BBH     UNIT         ?PR?KEYEXPANSION?AES
            CODE    1268H     037BH     UNIT         ?PR?_USART_CONFIGURATION?USART1
            CODE    15E3H     0365H     UNIT         ?PR?PRINTF?PRINTF
            CODE    1948H     02FFH     UNIT         ?CO?AES
            CODE    1C47H     02E6H     UNIT         ?CO?GPRS
            CODE    1F2DH     02D0H     UNIT         ?PR?INIT_CONFIG?FUNCTION
            CODE    21FDH     0252H     UNIT         ?PR?_STRTOUL?STRTOUL
            CODE    244FH     0200H     UNIT         ?CO?CRC16
            CODE    264FH     01FAH     UNIT         ?PR?INVMIXCOLUMNS?AES
            CODE    2849H     01F9H     UNIT         ?PR?MIXCOLUMNS?AES
            CODE    2A42H     01C4H     UNIT         ?PR?_GPIO_INILIZE?GPIO
            CODE    2C06H     019BH     UNIT         ?PR?_TIMER_INILIZE?STC_TIMER
            CODE    2DA1H     0160H     UNIT         ?PR?UART1_INT?USART1
            CODE    2F01H     015DH     UNIT         ?PR?_AES128_CBC_DECRYPT_BUFFER?AES
            CODE    305EH     012DH     UNIT         ?PR?_APP_ENCRYPT_CBC?AES128APP
            CODE    318BH     012CH     UNIT         ?PR?UART1_CHECK_TIMEOUT?FUNCTION
            CODE    32B7H     012AH     UNIT         ?PR?_AES128_CBC_ENCRYPT_BUFFER?AES
            CODE    33E1H     0120H     UNIT         ?PR?MAIN?MAIN
            CODE    3501H     0100H     UNIT         ?PR?_TRIM?MYSTRING
            CODE    3601H     00DAH     UNIT         ?PR?_STRTRIM_FAST?MYSTRING
            CODE    36DBH     00D9H     UNIT         ?PR?_APP_DECRYPT_CBC?AES128APP
            CODE    37B4H     00CCH     UNIT         ?PR?_GPRS_CMD?GPRS
            CODE    3880H     00CAH     UNIT         ?PR?_CRC16_2?CRC16
            CODE    394AH     00BFH     UNIT         ?PR?_STRSTR?STRSTR
            CODE    3A09H     00B6H     UNIT         ?PR?_STRTRIM?MYSTRING
            CODE    3ABFH     00A3H     UNIT         ?PR?SHIFTROWS?AES
            CODE    3B62H     00A3H     UNIT         ?PR?INVSHIFTROWS?AES
            CODE    3C05H     00A1H     UNIT         ?PR?_GPRS_CHECK?FUNCTION
            CODE    3CA6H     009FH     UNIT         ?C_INITSEG
            CODE    3D45H     0093H     UNIT         ?PR?_STRSEP?MYSTRING
            CODE    3DD8H     008CH     UNIT         ?C_C51STARTUP
            CODE    3E64H     007FH     UNIT         ?PR?USART1_AND_USART2?FUNCTION
            CODE    3EE3H     007BH     UNIT         ?PR?SUBBYTES?AES
            CODE    3F5EH     007BH     UNIT         ?PR?INVSUBBYTES?AES
            CODE    3FD9H     0075H     UNIT         ?PR?_CRC16?CRC16
            CODE    404EH     0072H     UNIT         ?PR?_STRPBRK?MYSTRING
            CODE    40C0H     006DH     UNIT         ?PR?_ADDROUNDKEY?AES
            CODE    412DH     006BH     UNIT         ?PR?_STRCAT?STRCAT
            CODE    4198H     0068H     UNIT         ?PR?_STRNCPY?STRNCPY
            CODE    4200H     005EH     UNIT         ?PR?UART2_INT?USART1
            CODE    425EH     005BH     UNIT         ?PR?_BLOCKCOPY?AES
            CODE    42B9H     005AH     UNIT         ?PR?UART_CONFIG?MAIN
            CODE    4313H     0054H     UNIT         ?CO?FUNCTION
            CODE    4367H     0051H     UNIT         ?PR?_XORWITHIV?AES
            CODE    43B8H     004DH     UNIT         ?CO?MAIN
            CODE    4405H     004DH     UNIT         ?PR?USART1_CMD_WRITE?FUNCTION
            CODE    4452H     004DH     UNIT         ?PR?INVCIPHER?AES
BL51 BANKED LINKER/LOCATER V6.22                                                      06/14/2019  09:34:49  PAGE 4


            CODE    449FH     004CH     UNIT         ?PR?CIPHER?AES
            CODE    44EBH     004BH     UNIT         ?PR?GPRS_CONF?FUNCTION
            CODE    4536H     0049H     UNIT         ?PR?_PHEX?AES128APP
            CODE    457FH     0047H     UNIT         ?PR?UART2_CHECK_TIMEOUT?FUNCTION
            CODE    45C6H     0044H     UNIT         ?PR?_AES128_ECB_ENCRYPT?AES
            CODE    460AH     0044H     UNIT         ?PR?_AES128_ECB_DECRYPT?AES
            CODE    464EH     003FH     UNIT         ?PR?_EEPROM_READ_N?EEPROM
            CODE    468DH     003FH     UNIT         ?PR?_EEPROM_WRITE_N?EEPROM
            CODE    46CCH     003EH     UNIT         ?PR?_DELAY_MS?DELAY
            CODE    470AH     003DH     UNIT         ?PR?_AT_SEND?GPRS
            CODE    4747H     0033H     UNIT         ?PR?_XTIME?AES
            CODE    477AH     0033H     UNIT         ?PR?_SEND_STRING?GPRS
            CODE    47ADH     002DH     UNIT         ?PR?_PRINTF1?USART1
            CODE    47DAH     002DH     UNIT         ?PR?_PRINTF2?USART1
            CODE    4807H     002CH     UNIT         ?PR?_USRT1_CONFIG?MAIN
            CODE    4833H     002BH     UNIT         ?PR?GPIO_CONFIG?MAIN
            CODE    485EH     0023H     UNIT         ?PR?_UART1_SET_TIMEOUT?FUNCTION
            CODE    4881H     0023H     UNIT         ?PR?_UART2_SET_TIMEOUT?FUNCTION
            CODE    48A4H     0023H     UNIT         ?PR?SYS_CLOCK_INIT?SYS_CLOCK
            CODE    48C7H     0020H     UNIT         ?PR?_EEPROM_SECTORERASE?EEPROM
            CODE    48E7H     0013H     UNIT         ?PR?_PRINTSTRING2?USART1
            CODE    48FAH     0012H     UNIT         ?PR?FUNCTION?FUNCTION
            CODE    490CH     0010H     UNIT         ?PR?_PUTCHAR?MAIN
            CODE    491CH     000FH     UNIT         ?PR?DELAY1000MS?DELAY
            CODE    492BH     000FH     UNIT         ?PR?_TX1_WRITE2BUFF?USART1
            CODE    493AH     000FH     UNIT         ?PR?_TX2_WRITE2BUFF?USART1
            CODE    4949H     000EH     UNIT         ?PR?DISABLEEEPROM?EEPROM
            CODE    4957H     000CH     UNIT         ?PR?INIT?MAIN
            CODE    4963H     000CH     UNIT         ?PR?_GETSBOXVALUE?AES



OVERLAY MAP OF MODULE:   .\list\dtu (MAIN)


SEGMENT                                       BIT_GROUP          DATA_GROUP          XDATA_GROUP
  +--> CALLED SEGMENT                      START    LENGTH     START    LENGTH     START    LENGTH
--------------------------------------------------------------------------------------------------
?PR?UART1_INT?USART1                       -----    -----      -----    -----      02D0H    0001H
  +--> ?PR?_UART1_SET_TIMEOUT?FUNCTION

?PR?_UART1_SET_TIMEOUT?FUNCTION            -----    -----      -----    -----      02D1H    0002H
  +--> ?PR?GET_SYS_TICKS?SYS_CLOCK

*** NEW ROOT ***************************************************

?PR?UART2_INT?USART1                       -----    -----      -----    -----      -----    -----
  +--> ?PR?_UART2_SET_TIMEOUT?FUNCTION

?PR?_UART2_SET_TIMEOUT?FUNCTION            -----    -----      -----    -----      02D3H    0002H
  +--> ?PR?GET_SYS_TICKS?SYS_CLOCK

*** NEW ROOT ***************************************************

?C_C51STARTUP                              -----    -----      -----    -----      -----    -----
  +--> ?PR?MAIN?MAIN
  +--> ?C_INITSEG
BL51 BANKED LINKER/LOCATER V6.22                                                      06/14/2019  09:34:49  PAGE 5



?PR?MAIN?MAIN                              -----    -----      -----    -----      02D5H    0005H
  +--> ?PR?INIT?MAIN
  +--> ?CO?MAIN
  +--> ?PR?PRINTF?PRINTF
  +--> ?PR?GET_SYS_TICKS?SYS_CLOCK
  +--> ?PR?USART1_AND_USART2?FUNCTION
  +--> ?PR?_DELAY_MS?DELAY
  +--> ?PR?USART1_CMD_WRITE?FUNCTION
  +--> ?PR?GPRS_CONF?FUNCTION
  +--> ?PR?FUNCTION?FUNCTION

?PR?INIT?MAIN                              -----    -----      -----    -----      -----    -----
  +--> ?PR?GPIO_CONFIG?MAIN
  +--> ?PR?UART_CONFIG?MAIN
  +--> ?PR?SYS_CLOCK_INIT?SYS_CLOCK

?PR?GPIO_CONFIG?MAIN                       -----    -----      -----    -----      02DAH    0002H
  +--> ?PR?_GPIO_INILIZE?GPIO

?PR?UART_CONFIG?MAIN                       -----    -----      -----    -----      02DAH    000DH
  +--> ?PR?_USART_CONFIGURATION?USART1

?PR?_USART_CONFIGURATION?USART1            -----    -----      -----    -----      032BH    0009H

?PR?SYS_CLOCK_INIT?SYS_CLOCK               -----    -----      -----    -----      02DAH    0008H
  +--> ?PR?_TIMER_INILIZE?STC_TIMER

?PR?PRINTF?PRINTF                          0020H.0  0001H.1    0008H    0005H      0334H    0028H
  +--> ?PR?_PUTCHAR?MAIN

?PR?USART1_AND_USART2?FUNCTION             -----    -----      -----    -----      -----    -----
  +--> ?PR?GET_SYS_TICKS?SYS_CLOCK
  +--> ?PR?_PRINTF2?USART1
  +--> ?PR?_PRINTF1?USART1

?PR?_PRINTF2?USART1                        -----    -----      -----    -----      02F2H    0003H
  +--> ?PR?_TX2_WRITE2BUFF?USART1

?PR?_PRINTF1?USART1                        -----    -----      -----    -----      0305H    0003H
  +--> ?PR?_TX1_WRITE2BUFF?USART1

?PR?_DELAY_MS?DELAY                        -----    -----      -----    -----      0337H    0004H
  +--> ?PR?GET_SYS_TICKS?SYS_CLOCK

?PR?USART1_CMD_WRITE?FUNCTION              -----    -----      -----    -----      -----    -----
  +--> ?PR?_EEPROM_SECTORERASE?EEPROM
  +--> ?PR?_DELAY_MS?DELAY
  +--> ?PR?_EEPROM_WRITE_N?EEPROM
  +--> ?CO?FUNCTION
  +--> ?PR?_PRINTF1?USART1

?PR?_EEPROM_SECTORERASE?EEPROM             -----    -----      -----    -----      -----    -----
  +--> ?PR?DISABLEEEPROM?EEPROM

?PR?_EEPROM_WRITE_N?EEPROM                 -----    -----      -----    -----      02DAH    0007H
  +--> ?PR?DISABLEEEPROM?EEPROM
BL51 BANKED LINKER/LOCATER V6.22                                                      06/14/2019  09:34:49  PAGE 6



?PR?GPRS_CONF?FUNCTION                     -----    -----      -----    -----      -----    -----
  +--> ?PR?_EEPROM_SECTORERASE?EEPROM
  +--> ?PR?_DELAY_MS?DELAY
  +--> ?PR?_EEPROM_WRITE_N?EEPROM
  +--> ?CO?FUNCTION
  +--> ?PR?_PRINTF1?USART1

?PR?FUNCTION?FUNCTION                      -----    -----      -----    -----      -----    -----
  +--> ?PR?INIT_CONFIG?FUNCTION
  +--> ?PR?UART1_CHECK_TIMEOUT?FUNCTION
  +--> ?PR?UART2_CHECK_TIMEOUT?FUNCTION
  +--> ?PR?_GPRS_CHECK?FUNCTION

?PR?INIT_CONFIG?FUNCTION                   -----    -----      -----    -----      02DAH    0044H
  +--> ?PR?_EEPROM_READ_N?EEPROM
  +--> ?PR?_DELAY_MS?DELAY
  +--> ?PR?_STRTRIM?MYSTRING
  +--> ?CO?FUNCTION
  +--> ?PR?_STRSEP?MYSTRING
  +--> ?PR?_STRTOUL?STRTOUL
  +--> ?PR?PRINTF?PRINTF
  +--> ?PR?_USRT1_CONFIG?MAIN
  +--> ?PR?_INIT_GPRS?GPRS

?PR?_EEPROM_READ_N?EEPROM                  -----    -----      -----    -----      031EH    0007H
  +--> ?PR?DISABLEEEPROM?EEPROM

?PR?_STRTRIM?MYSTRING                      -----    -----      -----    -----      031EH    0009H

?PR?_STRSEP?MYSTRING                       -----    -----      -----    -----      031EH    000CH
  +--> ?PR?_STRPBRK?MYSTRING

?PR?_STRPBRK?MYSTRING                      -----    -----      -----    -----      032AH    000CH

?PR?_STRTOUL?STRTOUL                       -----    -----      -----    -----      031EH    0012H

?PR?_USRT1_CONFIG?MAIN                     -----    -----      -----    -----      031EH    000DH
  +--> ?PR?_USART_CONFIGURATION?USART1

?PR?_INIT_GPRS?GPRS                        -----    -----      -----    -----      031EH    0007H
  +--> ?CO?GPRS
  +--> ?PR?PRINTF?PRINTF
  +--> ?PR?_GPRS_CMD?GPRS
  +--> ?PR?_STRSTR?STRSTR
  +--> ?PR?_STRCAT?STRCAT

?PR?_GPRS_CMD?GPRS                         -----    -----      -----    -----      0325H    000FH
  +--> ?PR?GET_SYS_TICKS?SYS_CLOCK
  +--> ?PR?_AT_SEND?GPRS
  +--> ?PR?_DELAY_MS?DELAY
  +--> ?PR?_STRSTR?STRSTR
  +--> ?CO?GPRS
  +--> ?PR?PRINTF?PRINTF

?PR?_AT_SEND?GPRS                          -----    -----      -----    -----      0334H    0003H
  +--> ?PR?_SEND_STRING?GPRS
BL51 BANKED LINKER/LOCATER V6.22                                                      06/14/2019  09:34:49  PAGE 7


  +--> ?CO?GPRS
  +--> ?PR?_DELAY_MS?DELAY

?PR?_SEND_STRING?GPRS                      -----    -----      -----    -----      0337H    0003H
  +--> ?PR?_TX2_WRITE2BUFF?USART1

?PR?_STRSTR?STRSTR                         -----    -----      -----    -----      0334H    000CH

?PR?_STRCAT?STRCAT                         -----    -----      -----    -----      0325H    0009H

?PR?UART1_CHECK_TIMEOUT?FUNCTION           -----    -----      -----    -----      02DAH    0018H
  +--> ?PR?GET_SYS_TICKS?SYS_CLOCK
  +--> ?PR?_APP_ENCRYPT_CBC?AES128APP
  +--> ?CO?FUNCTION
  +--> ?PR?_CRC16_2?CRC16
  +--> ?PR?_PRINTF2?USART1
  +--> ?PR?_TX2_WRITE2BUFF?USART1

?PR?_APP_ENCRYPT_CBC?AES128APP             -----    -----      -----    -----      02F2H    0013H
  +--> ?PR?_AES128_CBC_ENCRYPT_BUFFER?AES
  +--> ?PR?_PRINTF1?USART1

?PR?_AES128_CBC_ENCRYPT_BUFFER?AES         -----    -----      -----    -----      0305H    0013H
  +--> ?PR?_BLOCKCOPY?AES
  +--> ?PR?KEYEXPANSION?AES
  +--> ?PR?_XORWITHIV?AES
  +--> ?PR?CIPHER?AES

?PR?_BLOCKCOPY?AES                         -----    -----      -----    -----      0318H    0006H

?PR?KEYEXPANSION?AES                       -----    -----      -----    -----      0318H    0010H
  +--> ?PR?_GETSBOXVALUE?AES
  +--> ?CO?AES

?PR?_GETSBOXVALUE?AES                      -----    -----      -----    -----      -----    -----
  +--> ?CO?AES

?PR?_XORWITHIV?AES                         -----    -----      -----    -----      0318H    0003H

?PR?CIPHER?AES                             -----    -----      -----    -----      0318H    0001H
  +--> ?PR?_ADDROUNDKEY?AES
  +--> ?PR?SUBBYTES?AES
  +--> ?PR?SHIFTROWS?AES
  +--> ?PR?MIXCOLUMNS?AES

?PR?_ADDROUNDKEY?AES                       -----    -----      -----    -----      0319H    0003H

?PR?SUBBYTES?AES                           -----    -----      -----    -----      0319H    0002H
  +--> ?PR?_GETSBOXVALUE?AES

?PR?MIXCOLUMNS?AES                         -----    -----      -----    -----      0319H    0004H
  +--> ?PR?_XTIME?AES

?PR?_CRC16_2?CRC16                         -----    -----      -----    -----      02F2H    0010H
  +--> ?CO?CRC16

?PR?UART2_CHECK_TIMEOUT?FUNCTION           -----    -----      -----    -----      -----    -----
BL51 BANKED LINKER/LOCATER V6.22                                                      06/14/2019  09:34:49  PAGE 8


  +--> ?PR?GET_SYS_TICKS?SYS_CLOCK
  +--> ?PR?_PRINTF1?USART1

?PR?_GPRS_CHECK?FUNCTION                   -----    -----      -----    -----      02DAH    0002H
  +--> ?PR?GET_SYS_TICKS?SYS_CLOCK
  +--> ?CO?FUNCTION
  +--> ?PR?_GPRS_CMD?GPRS
  +--> ?PR?_DELAY_MS?DELAY

?C_INITSEG                                 -----    -----      -----    -----      -----    -----
  +--> ?CO?GPRS



SYMBOL TABLE OF MODULE:  .\list\dtu (MAIN)

  VALUE           TYPE          NAME
  ----------------------------------

  -------         MODULE        MAIN
  C:0000H         SYMBOL        _ICE_DUMMY_
  D:0080H         PUBLIC        P0
  D:0090H         PUBLIC        P1
  D:00A0H         PUBLIC        P2
  D:00B0H         PUBLIC        P3
  D:00C0H         PUBLIC        P4
  D:00C8H         PUBLIC        P5
  B:00A8H.7       PUBLIC        EA
  C:4833H         PUBLIC        GPIO_config
  D:00A8H         PUBLIC        IE
  B:0080H.0       PUBLIC        Power
  C:42B9H         PUBLIC        UART_config
  D:00B8H         PUBLIC        IP
  B:0098H.1       PUBLIC        TI
  D:00D8H         PUBLIC        CCON
  C:33E1H         PUBLIC        main
  D:0099H         PUBLIC        SBUF
  D:0098H         PUBLIC        SCON
  D:0088H         PUBLIC        TCON
  C:4957H         PUBLIC        init
  D:00F0H         PUBLIC        B
  D:00E0H         PUBLIC        ACC
  C:4807H         PUBLIC        _USRT1_config
  D:00D0H         PUBLIC        PSW
  C:490CH         PUBLIC        _putchar
  -------         PROC          GPIO_CONFIG
  -------         DO            
  X:02DAH         SYMBOL        GPIO_InitStructure
  -------         ENDDO         
  C:4833H         LINE#         15
  C:4833H         LINE#         16
  C:4833H         LINE#         18
  C:4839H         LINE#         19
  C:483EH         LINE#         20
  C:4848H         LINE#         21
  C:4853H         LINE#         22
  -------         ENDPROC       GPIO_CONFIG
BL51 BANKED LINKER/LOCATER V6.22                                                      06/14/2019  09:34:49  PAGE 9


  -------         PROC          UART_CONFIG
  -------         DO            
  X:02DAH         SYMBOL        COMx_InitStructure
  -------         ENDDO         
  C:42B9H         LINE#         26
  C:42B9H         LINE#         27
  C:42B9H         LINE#         29
  C:42BFH         LINE#         30
  C:42C3H         LINE#         31
  C:42CBH         LINE#         32
  C:42D1H         LINE#         33
  C:42D4H         LINE#         34
  C:42D7H         LINE#         35
  C:42DAH         LINE#         36
  C:42DCH         LINE#         37
  C:42DEH         LINE#         38
  C:42E9H         LINE#         40
  C:42EFH         LINE#         41
  C:42F9H         LINE#         42
  C:42FFH         LINE#         43
  C:4303H         LINE#         44
  C:4306H         LINE#         45
  C:4308H         LINE#         46
  -------         ENDPROC       UART_CONFIG
  -------         PROC          _USRT1_CONFIG
  D:0004H         SYMBOL        buad
  -------         DO            
  X:031EH         SYMBOL        COMx_InitStructure
  -------         ENDDO         
  C:4807H         LINE#         52
  C:4807H         LINE#         53
  C:4807H         LINE#         55
  C:480DH         LINE#         56
  C:4811H         LINE#         57
  C:4815H         LINE#         58
  C:481BH         LINE#         59
  C:481EH         LINE#         60
  C:4821H         LINE#         61
  C:4824H         LINE#         62
  C:4826H         LINE#         63
  C:4828H         LINE#         64
  -------         ENDPROC       _USRT1_CONFIG
  -------         PROC          INIT
  C:4957H         LINE#         67
  C:4957H         LINE#         68
  C:4957H         LINE#         69
  C:495AH         LINE#         70
  C:495DH         LINE#         71
  C:4960H         LINE#         72
  C:4962H         LINE#         81
  -------         ENDPROC       INIT
  -------         PROC          MAIN
  -------         DO            
  X:02D5H         SYMBOL        start_state
  X:02D6H         SYMBOL        tartt_time
  X:02D8H         SYMBOL        second_time
  C:34DBH         SYMBOL        start_x
BL51 BANKED LINKER/LOCATER V6.22                                                      06/14/2019  09:34:49  PAGE 10


  -------         ENDDO         
  C:33E1H         LINE#         83
  C:33E1H         LINE#         84
  C:33E1H         LINE#         88
  C:33E4H         LINE#         89
  C:33EAH         LINE#         90
  C:33EFH         LINE#         91
  C:33F3H         LINE#         92
  C:33F5H         LINE#         93
  C:33FEH         LINE#         95
  C:3409H         LINE#         96
  C:3409H         LINE#         97
  C:3409H         LINE#         98
  C:340FH         LINE#         99
  C:340FH         LINE#         100
  C:341AH         LINE#         101
  C:3425H         LINE#         102
  C:3445H         LINE#         103
  C:346AH         LINE#         104
  C:347FH         LINE#         106
  C:347FH         LINE#         107
  C:3494H         LINE#         108
  C:3494H         LINE#         110
  C:3494H         LINE#         111
  C:3494H         LINE#         112
  C:3497H         LINE#         113
  C:349AH         LINE#         114
  C:34A1H         LINE#         115
  C:34A4H         LINE#         116
  C:34ADH         LINE#         117
  C:34B3H         LINE#         118
  C:34B6H         LINE#         119
  C:34B6H         LINE#         120
  C:34BDH         LINE#         121
  C:34C0H         LINE#         122
  C:34C6H         LINE#         123
  C:34CFH         LINE#         124
  C:34D2H         LINE#         125
  C:34D2H         LINE#         127
  C:34DBH         LINE#         128
  C:34DBH         LINE#         129
  C:34DBH         LINE#         130
  C:34DBH         LINE#         131
  C:34DBH         LINE#         133
  C:34DBH         LINE#         134
  C:34DBH         LINE#         135
  C:34E4H         LINE#         136
  C:34E6H         LINE#         137
  C:34EBH         LINE#         138
  C:34EFH         LINE#         139
  C:34F3H         LINE#         140
  C:34F7H         LINE#         141
  C:34FCH         LINE#         142
  C:34FCH         LINE#         143
  C:34FCH         LINE#         144
  C:34FFH         LINE#         145
  -------         ENDPROC       MAIN
BL51 BANKED LINKER/LOCATER V6.22                                                      06/14/2019  09:34:49  PAGE 11


  -------         PROC          _PUTCHAR
  D:0007H         SYMBOL        c
  C:490CH         LINE#         149
  C:490CH         LINE#         150
  C:490CH         LINE#         151
  C:4910H         LINE#         152
  C:4910H         LINE#         153
  C:4913H         LINE#         154
  C:4916H         LINE#         155
  C:4916H         LINE#         156
  C:4918H         LINE#         157
  C:491BH         LINE#         159
  C:491BH         LINE#         160
  -------         ENDPROC       _PUTCHAR
  -------         ENDMOD        MAIN

  -------         MODULE        FUNCTION
  C:0000H         SYMBOL        _ICE_DUMMY_
  C:457FH         PUBLIC        uart2_check_TimeOut
  X:03A1H         PUBLIC        second
  D:0080H         PUBLIC        P0
  D:0090H         PUBLIC        P1
  D:00A0H         PUBLIC        P2
  D:00B0H         PUBLIC        P3
  D:00C0H         PUBLIC        P4
  D:00C8H         PUBLIC        P5
  B:00B0H.5       PUBLIC        LED1
  B:00B0H.4       PUBLIC        LED2
  C:4405H         PUBLIC        usart1_cmd_write
  D:00A8H         PUBLIC        IE
  B:0080H.0       PUBLIC        Power
  C:1F2DH         PUBLIC        init_config
  X:03A2H         PUBLIC        minute
  D:00B8H         PUBLIC        IP
  C:3C05H         PUBLIC        _GPRS_check
  D:00D8H         PUBLIC        CCON
  X:03A3H         PUBLIC        timerout1
  X:03A7H         PUBLIC        timerout2
  D:0098H         PUBLIC        SCON
  D:0088H         PUBLIC        TCON
  C:3E64H         PUBLIC        usart1_and_usart2
  D:00F0H         PUBLIC        B
  C:44EBH         PUBLIC        gprs_conf
  D:00E0H         PUBLIC        ACC
  C:485EH         PUBLIC        _uart1_set_TimeOut
  C:4881H         PUBLIC        _uart2_set_TimeOut
  D:00C7H         PUBLIC        ISP_CONTR
  X:03ABH         PUBLIC        aes128
  C:4365H         PUBLIC        sbuf1
  C:48FAH         PUBLIC        function
  D:00D0H         PUBLIC        PSW
  C:318BH         PUBLIC        uart1_check_TimeOut
  -------         PROC          INIT_CONFIG
  -------         DO            
  X:02DAH         SYMBOL        s_buf
  X:030CH         SYMBOL        ptr
  X:030FH         SYMBOL        ptr2
BL51 BANKED LINKER/LOCATER V6.22                                                      06/14/2019  09:34:49  PAGE 12


  X:0312H         SYMBOL        config
  X:0318H         SYMBOL        sta
  X:0319H         SYMBOL        baud
  X:031DH         SYMBOL        i
  -------         ENDDO         
  C:1F2DH         LINE#         33
  C:1F2DH         LINE#         34
  C:1F2DH         LINE#         38
  C:1F32H         LINE#         43
  C:1F36H         LINE#         46
  C:1F43H         LINE#         47
  C:1F58H         LINE#         48
  C:1F5FH         LINE#         52
  C:1F72H         LINE#         53
  C:1F85H         LINE#         54
  C:1F98H         LINE#         55
  C:1FA0H         LINE#         58
  C:1FB3H         LINE#         59
  C:1FC9H         LINE#         60
  C:1FD0H         LINE#         61
  C:1FE4H         LINE#         62
  C:200AH         LINE#         63
  C:2011H         LINE#         64
  C:2011H         LINE#         65
  C:2026H         LINE#         66
  C:2026H         LINE#         67
  C:202AH         LINE#         68
  C:202AH         LINE#         69
  C:203FH         LINE#         70
  C:203FH         LINE#         71
  C:2045H         LINE#         72
  C:2047H         LINE#         73
  C:2068H         LINE#         74
  C:2071H         LINE#         76
  C:207AH         LINE#         77
  C:2089H         LINE#         78
  C:20A9H         LINE#         79
  C:20B2H         LINE#         80
  C:20BBH         LINE#         81
  C:20CAH         LINE#         82
  C:20EAH         LINE#         83
  C:20F3H         LINE#         84
  C:20FCH         LINE#         85
  C:210BH         LINE#         86
  C:212BH         LINE#         87
  C:2134H         LINE#         89
  C:2151H         LINE#         90
  C:216FH         LINE#         91
  C:218DH         LINE#         92
  C:21ABH         LINE#         93
  C:21C6H         LINE#         94
  C:21D1H         LINE#         95
  C:21DCH         LINE#         97
  C:21EDH         LINE#         99
  C:21F6H         LINE#         100
  C:21FCH         LINE#         101
  -------         ENDPROC       INIT_CONFIG
BL51 BANKED LINKER/LOCATER V6.22                                                      06/14/2019  09:34:49  PAGE 13


  -------         PROC          FUNCTION
  C:48FAH         LINE#         102
  C:48FAH         LINE#         103
  C:48FAH         LINE#         105
  C:48FDH         LINE#         106
  C:48FDH         LINE#         107
  C:48FDH         LINE#         115
  C:4900H         LINE#         116
  C:4903H         LINE#         118
  C:490AH         LINE#         119
  -------         ENDPROC       FUNCTION
  -------         PROC          _UART1_SET_TIMEOUT
  X:02D1H         SYMBOL        ms
  C:485EH         LINE#         127
  C:4866H         LINE#         128
  C:4866H         LINE#         130
  C:4871H         LINE#         131
  C:4880H         LINE#         132
  -------         ENDPROC       _UART1_SET_TIMEOUT
  -------         PROC          _UART2_SET_TIMEOUT
  X:02D3H         SYMBOL        ms
  C:4881H         LINE#         134
  C:4889H         LINE#         135
  C:4889H         LINE#         137
  C:4894H         LINE#         138
  C:48A3H         LINE#         139
  -------         ENDPROC       _UART2_SET_TIMEOUT
  -------         PROC          UART1_CHECK_TIMEOUT
  -------         DO            
  D:0006H         SYMBOL        count1
  X:02DAH         SYMBOL        tmp
  X:02EEH         SYMBOL        crc
  X:02F0H         SYMBOL        data_len
  -------         ENDDO         
  C:318BH         LINE#         150
  C:318BH         LINE#         151
  C:318BH         LINE#         156
  C:3197H         LINE#         157
  C:3197H         LINE#         158
  C:319AH         LINE#         159
  C:31B9H         LINE#         160
  C:31B9H         LINE#         161
  C:31C4H         LINE#         162
  C:31C4H         LINE#         168
  C:3201H         LINE#         171
  C:320AH         LINE#         172
  C:3213H         LINE#         173
  C:3226H         LINE#         174
  C:3233H         LINE#         175
  C:3236H         LINE#         177
  C:3268H         LINE#         179
  C:3273H         LINE#         180
  C:3282H         LINE#         181
  C:328AH         LINE#         182
  C:3293H         LINE#         183
  C:3298H         LINE#         184
  C:3298H         LINE#         185
BL51 BANKED LINKER/LOCATER V6.22                                                      06/14/2019  09:34:49  PAGE 14


  C:329FH         LINE#         186
  C:329FH         LINE#         187
  C:32ADH         LINE#         188
  C:32ADH         LINE#         189
  C:32B2H         LINE#         190
  C:32B6H         LINE#         191
  C:32B6H         LINE#         192
  C:32B6H         LINE#         193
  -------         ENDPROC       UART1_CHECK_TIMEOUT
  -------         PROC          UART2_CHECK_TIMEOUT
  -------         DO            
  D:0006H         SYMBOL        count2
  -------         ENDDO         
  C:457FH         LINE#         195
  C:457FH         LINE#         196
  C:457FH         LINE#         199
  C:4588H         LINE#         200
  C:4588H         LINE#         201
  C:458BH         LINE#         202
  C:45A7H         LINE#         203
  C:45A7H         LINE#         210
  C:45A7H         LINE#         211
  C:45AEH         LINE#         212
  C:45AEH         LINE#         213
  C:45BCH         LINE#         214
  C:45BCH         LINE#         215
  C:45C1H         LINE#         216
  C:45C5H         LINE#         217
  C:45C5H         LINE#         218
  C:45C5H         LINE#         219
  -------         ENDPROC       UART2_CHECK_TIMEOUT
  -------         PROC          USART1_CMD_WRITE
  C:4405H         LINE#         224
  C:4405H         LINE#         225
  C:4405H         LINE#         234
  C:440BH         LINE#         235
  C:4412H         LINE#         236
  C:442BH         LINE#         237
  C:4432H         LINE#         238
  C:443DH         LINE#         239
  C:444CH         LINE#         240
  C:4451H         LINE#         242
  -------         ENDPROC       USART1_CMD_WRITE
  -------         PROC          GPRS_CONF
  C:44EBH         LINE#         243
  C:44EBH         LINE#         244
  C:44EBH         LINE#         245
  C:44F2H         LINE#         246
  C:44F9H         LINE#         247
  C:450FH         LINE#         248
  C:4516H         LINE#         249
  C:4521H         LINE#         251
  C:4530H         LINE#         252
  C:4535H         LINE#         253
  -------         ENDPROC       GPRS_CONF
  -------         PROC          _GPRS_CHECK
  X:02DAH         SYMBOL        times
BL51 BANKED LINKER/LOCATER V6.22                                                      06/14/2019  09:34:49  PAGE 15


  -------         DO            
  X:039FH         SYMBOL        start_T
  -------         ENDDO         
  C:3C05H         LINE#         261
  C:3C0DH         LINE#         262
  C:3C0DH         LINE#         265
  C:3C18H         LINE#         266
  C:3C33H         LINE#         267
  C:3C33H         LINE#         268
  C:3C3EH         LINE#         270
  C:3C40H         LINE#         271
  C:3C42H         LINE#         272
  C:3C4DH         LINE#         273
  C:3C4DH         LINE#         274
  C:3C4FH         LINE#         275
  C:3C62H         LINE#         276
  C:3C62H         LINE#         277
  C:3C8CH         LINE#         278
  C:3C8CH         LINE#         279
  C:3C8EH         LINE#         280
  C:3C94H         LINE#         281
  C:3C96H         LINE#         282
  C:3C9DH         LINE#         283
  C:3CA0H         LINE#         284
  C:3CA0H         LINE#         285
  C:3CA5H         LINE#         286
  C:3CA5H         LINE#         287
  C:3CA5H         LINE#         288
  C:3CA5H         LINE#         289
  -------         ENDPROC       _GPRS_CHECK
  -------         PROC          USART1_AND_USART2
  -------         DO            
  D:0006H         SYMBOL        count1
  D:0006H         SYMBOL        count2
  -------         ENDDO         
  C:3E64H         LINE#         291
  C:3E64H         LINE#         292
  C:3E64H         LINE#         295
  C:3E6DH         LINE#         296
  C:3E6DH         LINE#         297
  C:3E70H         LINE#         298
  C:3E8CH         LINE#         299
  C:3E8CH         LINE#         300
  C:3E9AH         LINE#         301
  C:3E9FH         LINE#         302
  C:3EA3H         LINE#         303
  C:3EA3H         LINE#         304
  C:3EA3H         LINE#         306
  C:3EACH         LINE#         307
  C:3EACH         LINE#         308
  C:3EAFH         LINE#         309
  C:3ECBH         LINE#         310
  C:3ECBH         LINE#         311
  C:3ED9H         LINE#         312
  C:3EDEH         LINE#         313
  C:3EE2H         LINE#         314
  C:3EE2H         LINE#         315
BL51 BANKED LINKER/LOCATER V6.22                                                      06/14/2019  09:34:49  PAGE 16


  C:3EE2H         LINE#         316
  -------         ENDPROC       USART1_AND_USART2
  -------         ENDMOD        FUNCTION

  -------         MODULE        AES128APP
  C:0000H         SYMBOL        _ICE_DUMMY_
  D:0080H         PUBLIC        P0
  D:0090H         PUBLIC        P1
  D:00A0H         PUBLIC        P2
  D:00B0H         PUBLIC        P3
  D:00C0H         PUBLIC        P4
  D:00C8H         PUBLIC        P5
  D:00A8H         PUBLIC        IE
  D:00B8H         PUBLIC        IP
  D:00D8H         PUBLIC        CCON
  C:36DBH         PUBLIC        _app_decrypt_cbc
  D:0098H         PUBLIC        SCON
  D:0088H         PUBLIC        TCON
  C:4536H         PUBLIC        _phex
  C:305EH         PUBLIC        _app_encrypt_cbc
  D:00F0H         PUBLIC        B
  D:00E0H         PUBLIC        ACC
  D:00D0H         PUBLIC        PSW
  -------         PROC          _PHEX
  X:043CH         SYMBOL        str
  -------         DO            
  X:043FH         SYMBOL        i
  -------         ENDDO         
  C:4536H         LINE#         21
  C:4541H         LINE#         22
  C:4541H         LINE#         24
  C:454EH         LINE#         25
  C:4576H         LINE#         26
  -------         ENDPROC       _PHEX
  -------         PROC          _APP_DECRYPT_CBC
  X:03E7H         SYMBOL        key
  X:03EAH         SYMBOL        iv
  X:03EDH         SYMBOL        in
  X:03F0H         SYMBOL        out
  -------         DO            
  X:03F3H         SYMBOL        len
  D:0004H         SYMBOL        cnt
  X:03F5H         SYMBOL        Sa
  X:03F7H         SYMBOL        Re
  -------         ENDDO         
  C:36DBH         LINE#         33
  C:36E6H         LINE#         34
  C:36E6H         LINE#         38
  C:36EFH         LINE#         39
  C:3706H         LINE#         40
  C:370FH         LINE#         41
  C:3736H         LINE#         42
  C:3756H         LINE#         43
  C:37ABH         LINE#         44
  C:37B3H         LINE#         45
  -------         ENDPROC       _APP_DECRYPT_CBC
  -------         PROC          _APP_ENCRYPT_CBC
BL51 BANKED LINKER/LOCATER V6.22                                                      06/14/2019  09:34:49  PAGE 17


  X:02F2H         SYMBOL        key
  X:02F5H         SYMBOL        iv
  X:02F8H         SYMBOL        in
  X:02FBH         SYMBOL        len
  X:02FCH         SYMBOL        out
  -------         DO            
  X:02FFH         SYMBOL        cnt
  X:0301H         SYMBOL        Sa
  X:0303H         SYMBOL        Re
  -------         ENDDO         
  C:305EH         LINE#         51
  C:3069H         LINE#         52
  C:3069H         LINE#         56
  C:307AH         LINE#         57
  C:3086H         LINE#         58
  C:3088H         LINE#         59
  C:3088H         LINE#         60
  C:30BCH         LINE#         61
  C:30E4H         LINE#         62
  C:30E4H         LINE#         64
  C:3156H         LINE#         66
  C:316EH         LINE#         67
  C:318AH         LINE#         68
  -------         ENDPROC       _APP_ENCRYPT_CBC
  -------         ENDMOD        AES128APP

  -------         MODULE        AES
  C:0000H         SYMBOL        _ICE_DUMMY_
  C:460AH         PUBLIC        _AES128_ECB_decrypt
  C:427EH         PUBLIC        _BlockCopy
  C:45C6H         PUBLIC        _AES128_ECB_encrypt
  C:4467H         PUBLIC        InvCipher
  C:1B48H         PUBLIC        Rcon
  C:2849H         PUBLIC        MixColumns
  C:436FH         SYMBOL        _XorWithIv
  X:0217H         SYMBOL        state
  C:4768H         PUBLIC        _xtime
  X:021AH         SYMBOL        Key
  C:3ABFH         PUBLIC        ShiftRows
  C:1A48H         PUBLIC        rsbox
  C:3EE3H         PUBLIC        SubBytes
  X:021DH         SYMBOL        RoundKey
  C:003BH         SYMBOL        _getSBoxInvert
  C:1948H         PUBLIC        sbox
  X:02CDH         SYMBOL        Iv
  C:40C0H         PUBLIC        _AddRoundKey
  C:4968H         PUBLIC        _getSBoxValue
  C:264FH         PUBLIC        InvMixColumns
  C:44B4H         SYMBOL        Cipher
  C:3B62H         PUBLIC        InvShiftRows
  C:2F01H         PUBLIC        _AES128_CBC_decrypt_buffer
  C:3F5EH         PUBLIC        InvSubBytes
  C:0EBFH         SYMBOL        KeyExpansion
  C:32B7H         PUBLIC        _AES128_CBC_encrypt_buffer
  C:4963H         SYMBOL        L?0100
  -------         PROC          L?0099
  -------         ENDPROC       L?0099
BL51 BANKED LINKER/LOCATER V6.22                                                      06/14/2019  09:34:49  PAGE 18


  C:4963H         SYMBOL        L?0100
  -------         PROC          _GETSBOXVALUE
  D:0007H         SYMBOL        num
  C:4968H         LINE#         149
  C:4968H         LINE#         150
  C:4968H         LINE#         151
  C:496EH         LINE#         152
  -------         ENDPROC       _GETSBOXVALUE
  -------         PROC          _GETSBOXINVERT
  D:0007H         SYMBOL        num
  C:003BH         LINE#         154
  C:003BH         LINE#         155
  C:003BH         LINE#         156
  C:0041H         LINE#         157
  -------         ENDPROC       _GETSBOXINVERT
  C:0EB5H         SYMBOL        L?0095
  C:0EB8H         SYMBOL        L?0096
  -------         PROC          L?0094
  -------         ENDPROC       L?0094
  C:0EB5H         SYMBOL        L?0095
  C:0EB8H         SYMBOL        L?0096
  -------         PROC          KEYEXPANSION
  -------         DO            
  X:0318H         SYMBOL        i
  X:031CH         SYMBOL        j
  X:0320H         SYMBOL        k
  X:0324H         SYMBOL        tempa
  -------         ENDDO         
  C:0EBFH         LINE#         160
  C:0EBFH         LINE#         161
  C:0EBFH         LINE#         166
  C:0EE6H         LINE#         167
  C:0EE6H         LINE#         168
  C:0F28H         LINE#         169
  C:0F5FH         LINE#         170
  C:0FADH         LINE#         171
  C:0FE4H         LINE#         172
  C:1006H         LINE#         175
  C:1023H         LINE#         176
  C:1023H         LINE#         177
  C:1047H         LINE#         178
  C:1047H         LINE#         179
  C:1080H         LINE#         180
  C:10A1H         LINE#         181
  C:10BCH         LINE#         182
  C:10BCH         LINE#         187
  C:10BCH         LINE#         188
  C:10CBH         LINE#         189
  C:10D3H         LINE#         190
  C:10DBH         LINE#         191
  C:10E3H         LINE#         192
  C:10EEH         LINE#         193
  C:10EEH         LINE#         199
  C:10EEH         LINE#         200
  C:10F9H         LINE#         201
  C:10FFH         LINE#         202
  C:1105H         LINE#         203
BL51 BANKED LINKER/LOCATER V6.22                                                      06/14/2019  09:34:49  PAGE 19


  C:110DH         LINE#         204
  C:110DH         LINE#         206
  C:113DH         LINE#         207
  C:113DH         LINE#         208
  C:113DH         LINE#         209
  C:113DH         LINE#         211
  C:113DH         LINE#         212
  C:113DH         LINE#         213
  C:113DH         LINE#         214
  C:113DH         LINE#         215
  C:113DH         LINE#         216
  C:113DH         LINE#         217
  C:113DH         LINE#         218
  C:117FH         LINE#         219
  C:11C1H         LINE#         220
  C:1203H         LINE#         221
  C:1245H         LINE#         222
  C:1267H         LINE#         223
  -------         ENDPROC       KEYEXPANSION
  -------         PROC          _ADDROUNDKEY
  X:0319H         SYMBOL        round
  -------         DO            
  X:031AH         SYMBOL        i
  X:031BH         SYMBOL        j
  -------         ENDDO         
  C:40C0H         LINE#         227
  C:40C5H         LINE#         228
  C:40C5H         LINE#         230
  C:40C8H         LINE#         231
  C:40C8H         LINE#         232
  C:40CDH         LINE#         233
  C:40CDH         LINE#         234
  C:4118H         LINE#         235
  C:4122H         LINE#         236
  C:412CH         LINE#         237
  -------         ENDPROC       _ADDROUNDKEY
  -------         PROC          SUBBYTES
  -------         DO            
  X:0319H         SYMBOL        i
  X:031AH         SYMBOL        j
  -------         ENDDO         
  C:3EE3H         LINE#         241
  C:3EE3H         LINE#         242
  C:3EE3H         LINE#         244
  C:3EE8H         LINE#         245
  C:3EE8H         LINE#         246
  C:3EF7H         LINE#         247
  C:3EF7H         LINE#         248
  C:3F49H         LINE#         249
  C:3F51H         LINE#         250
  C:3F5DH         LINE#         251
  -------         ENDPROC       SUBBYTES
  -------         PROC          SHIFTROWS
  -------         DO            
  D:0007H         SYMBOL        temp
  -------         ENDDO         
  C:3ABFH         LINE#         256
BL51 BANKED LINKER/LOCATER V6.22                                                      06/14/2019  09:34:49  PAGE 20


  C:3ABFH         LINE#         257
  C:3ABFH         LINE#         261
  C:3AD1H         LINE#         262
  C:3ADDH         LINE#         263
  C:3AE9H         LINE#         264
  C:3AF5H         LINE#         265
  C:3AFCH         LINE#         268
  C:3B03H         LINE#         269
  C:3B0FH         LINE#         270
  C:3B16H         LINE#         272
  C:3B1DH         LINE#         273
  C:3B29H         LINE#         274
  C:3B30H         LINE#         277
  C:3B37H         LINE#         278
  C:3B43H         LINE#         279
  C:3B4FH         LINE#         280
  C:3B5BH         LINE#         281
  -------         ENDPROC       SHIFTROWS
  C:4757H         SYMBOL        L?0087
  C:475CH         SYMBOL        L?0088
  C:475DH         SYMBOL        L?0089
  C:475FH         SYMBOL        L?0090
  C:4760H         SYMBOL        L?0091
  -------         PROC          L?0086
  -------         ENDPROC       L?0086
  C:4757H         SYMBOL        L?0087
  C:475CH         SYMBOL        L?0088
  C:475DH         SYMBOL        L?0089
  C:475FH         SYMBOL        L?0090
  C:4760H         SYMBOL        L?0091
  -------         PROC          _XTIME
  D:0007H         SYMBOL        x
  C:4768H         LINE#         284
  C:4768H         LINE#         285
  C:4768H         LINE#         286
  C:4779H         LINE#         287
  -------         ENDPROC       _XTIME
  -------         PROC          MIXCOLUMNS
  -------         DO            
  X:0319H         SYMBOL        i
  X:031AH         SYMBOL        Tmp
  X:031BH         SYMBOL        Tm
  X:031CH         SYMBOL        t
  -------         ENDDO         
  C:2849H         LINE#         290
  C:2849H         LINE#         291
  C:2849H         LINE#         294
  C:284EH         LINE#         295
  C:284EH         LINE#         296
  C:286EH         LINE#         297
  C:28BEH         LINE#         298
  C:2914H         LINE#         299
  C:2972H         LINE#         300
  C:29D3H         LINE#         301
  C:2A32H         LINE#         302
  C:2A41H         LINE#         303
  -------         ENDPROC       MIXCOLUMNS
BL51 BANKED LINKER/LOCATER V6.22                                                      06/14/2019  09:34:49  PAGE 21


  -------         PROC          INVMIXCOLUMNS
  -------         DO            
  X:0436H         SYMBOL        i
  X:0438H         SYMBOL        a
  X:0439H         SYMBOL        b
  X:043AH         SYMBOL        c
  X:043BH         SYMBOL        d
  -------         ENDDO         
  C:264FH         LINE#         328
  C:264FH         LINE#         329
  C:264FH         LINE#         332
  C:266BH         LINE#         333
  C:266BH         LINE#         334
  C:268CH         LINE#         335
  C:269CH         LINE#         336
  C:26A6H         LINE#         337
  C:26B0H         LINE#         339
  C:26FFH         LINE#         340
  C:275DH         LINE#         341
  C:27C3H         LINE#         342
  C:2834H         LINE#         343
  C:2848H         LINE#         344
  -------         ENDPROC       INVMIXCOLUMNS
  -------         PROC          INVSUBBYTES
  -------         DO            
  X:0440H         SYMBOL        i
  X:0441H         SYMBOL        j
  -------         ENDDO         
  C:3F5EH         LINE#         349
  C:3F5EH         LINE#         350
  C:3F5EH         LINE#         352
  C:3F63H         LINE#         353
  C:3F63H         LINE#         354
  C:3F72H         LINE#         355
  C:3F72H         LINE#         356
  C:3FC4H         LINE#         357
  C:3FCCH         LINE#         358
  C:3FD8H         LINE#         359
  -------         ENDPROC       INVSUBBYTES
  -------         PROC          INVSHIFTROWS
  -------         DO            
  D:0007H         SYMBOL        temp
  -------         ENDDO         
  C:3B62H         LINE#         361
  C:3B62H         LINE#         362
  C:3B62H         LINE#         366
  C:3B74H         LINE#         367
  C:3B80H         LINE#         368
  C:3B8CH         LINE#         369
  C:3B98H         LINE#         370
  C:3B9FH         LINE#         373
  C:3BA6H         LINE#         374
  C:3BB2H         LINE#         375
  C:3BB9H         LINE#         377
  C:3BC0H         LINE#         378
  C:3BCCH         LINE#         379
  C:3BD3H         LINE#         382
BL51 BANKED LINKER/LOCATER V6.22                                                      06/14/2019  09:34:49  PAGE 22


  C:3BDAH         LINE#         383
  C:3BE6H         LINE#         384
  C:3BF2H         LINE#         385
  C:3BFEH         LINE#         386
  -------         ENDPROC       INVSHIFTROWS
  -------         PROC          L?0097
  -------         ENDPROC       L?0097
  -------         PROC          CIPHER
  -------         DO            
  X:0318H         SYMBOL        round
  -------         ENDDO         
  C:44B4H         LINE#         391
  C:44B4H         LINE#         392
  C:44B4H         LINE#         393
  C:44B9H         LINE#         396
  C:44BDH         LINE#         401
  C:44C3H         LINE#         402
  C:44C3H         LINE#         403
  C:44C6H         LINE#         404
  C:44C9H         LINE#         405
  C:44CCH         LINE#         406
  C:44D4H         LINE#         407
  C:44E0H         LINE#         411
  C:44E3H         LINE#         412
  C:44E6H         LINE#         413
  -------         ENDPROC       CIPHER
  -------         PROC          L?0098
  -------         ENDPROC       L?0098
  -------         PROC          INVCIPHER
  -------         DO            
  X:0442H         SYMBOL        round
  -------         ENDDO         
  C:4467H         LINE#         416
  C:4467H         LINE#         417
  C:4467H         LINE#         418
  C:446CH         LINE#         421
  C:4471H         LINE#         426
  C:4477H         LINE#         427
  C:4477H         LINE#         428
  C:447AH         LINE#         429
  C:447DH         LINE#         430
  C:4485H         LINE#         431
  C:4488H         LINE#         432
  C:4494H         LINE#         436
  C:4497H         LINE#         437
  C:449AH         LINE#         438
  -------         ENDPROC       INVCIPHER
  C:4276H         SYMBOL        L?0093
  -------         PROC          L?0092
  -------         ENDPROC       L?0092
  C:4276H         SYMBOL        L?0093
  -------         PROC          _BLOCKCOPY
  X:0318H         SYMBOL        output
  X:031BH         SYMBOL        input
  -------         DO            
  D:0007H         SYMBOL        i
  -------         ENDDO         
BL51 BANKED LINKER/LOCATER V6.22                                                      06/14/2019  09:34:49  PAGE 23


  C:427EH         LINE#         441
  C:4289H         LINE#         442
  C:4289H         LINE#         444
  C:428BH         LINE#         445
  C:428BH         LINE#         446
  C:42B3H         LINE#         447
  C:42B8H         LINE#         448
  -------         ENDPROC       _BLOCKCOPY
  -------         PROC          _AES128_ECB_ENCRYPT
  X:0424H         SYMBOL        input
  X:0427H         SYMBOL        key
  X:042AH         SYMBOL        output
  C:45C6H         LINE#         458
  C:45D1H         LINE#         459
  C:45D1H         LINE#         461
  C:45ECH         LINE#         462
  C:4601H         LINE#         464
  C:4604H         LINE#         465
  C:4607H         LINE#         468
  -------         ENDPROC       _AES128_ECB_ENCRYPT
  -------         PROC          _AES128_ECB_DECRYPT
  X:042DH         SYMBOL        input
  X:0430H         SYMBOL        key
  X:0433H         SYMBOL        output
  C:460AH         LINE#         471
  C:4615H         LINE#         472
  C:4615H         LINE#         474
  C:4630H         LINE#         475
  C:4645H         LINE#         478
  C:4648H         LINE#         479
  C:464BH         LINE#         481
  -------         ENDPROC       _AES128_ECB_DECRYPT
  -------         PROC          L?0101
  -------         ENDPROC       L?0101
  -------         PROC          _XORWITHIV
  X:0318H         SYMBOL        buf
  -------         DO            
  D:0007H         SYMBOL        i
  -------         ENDDO         
  C:436FH         LINE#         494
  C:437AH         LINE#         495
  C:437AH         LINE#         497
  C:437CH         LINE#         498
  C:437CH         LINE#         499
  C:43B2H         LINE#         500
  C:43B7H         LINE#         501
  -------         ENDPROC       _XORWITHIV
  -------         PROC          _AES128_CBC_ENCRYPT_BUFFER
  X:0305H         SYMBOL        output
  X:0308H         SYMBOL        input
  X:030BH         SYMBOL        length
  X:030FH         SYMBOL        key
  X:0312H         SYMBOL        iv
  -------         DO            
  X:0315H         SYMBOL        i
  X:0317H         SYMBOL        remainders
  -------         ENDDO         
BL51 BANKED LINKER/LOCATER V6.22                                                      06/14/2019  09:34:49  PAGE 24


  C:32B7H         LINE#         503
  C:32C2H         LINE#         504
  C:32C2H         LINE#         506
  C:32D7H         LINE#         508
  C:32F7H         LINE#         509
  C:330CH         LINE#         512
  C:331AH         LINE#         513
  C:331AH         LINE#         514
  C:331BH         LINE#         515
  C:331EH         LINE#         516
  C:331EH         LINE#         518
  C:332CH         LINE#         519
  C:332CH         LINE#         520
  C:3337H         LINE#         521
  C:3337H         LINE#         523
  C:335DH         LINE#         524
  C:335DH         LINE#         525
  C:3363H         LINE#         526
  C:3366H         LINE#         527
  C:3366H         LINE#         528
  C:3369H         LINE#         529
  C:337EH         LINE#         530
  C:3388H         LINE#         531
  C:3392H         LINE#         532
  C:33A3H         LINE#         534
  C:33A9H         LINE#         535
  C:33A9H         LINE#         536
  C:33ACH         LINE#         537
  C:33DDH         LINE#         538
  C:33DDH         LINE#         539
  C:33E0H         LINE#         540
  C:33E0H         LINE#         541
  -------         ENDPROC       _AES128_CBC_ENCRYPT_BUFFER
  -------         PROC          _AES128_CBC_DECRYPT_BUFFER
  X:03D4H         SYMBOL        output
  X:03D7H         SYMBOL        input
  X:03DAH         SYMBOL        length
  X:03DEH         SYMBOL        key
  X:03E1H         SYMBOL        iv
  -------         DO            
  X:03E4H         SYMBOL        i
  X:03E6H         SYMBOL        remainders
  -------         ENDDO         
  C:2F01H         LINE#         543
  C:2F0CH         LINE#         544
  C:2F0CH         LINE#         546
  C:2F21H         LINE#         548
  C:2F41H         LINE#         549
  C:2F56H         LINE#         552
  C:2F64H         LINE#         553
  C:2F64H         LINE#         554
  C:2F68H         LINE#         555
  C:2F6BH         LINE#         556
  C:2F6BH         LINE#         559
  C:2F79H         LINE#         560
  C:2F79H         LINE#         561
  C:2F84H         LINE#         562
BL51 BANKED LINKER/LOCATER V6.22                                                      06/14/2019  09:34:49  PAGE 25


  C:2F84H         LINE#         564
  C:2FAAH         LINE#         565
  C:2FAAH         LINE#         566
  C:2FC5H         LINE#         567
  C:2FC5H         LINE#         568
  C:2FC8H         LINE#         569
  C:2FCEH         LINE#         570
  C:2FE3H         LINE#         571
  C:2FEDH         LINE#         572
  C:2FF7H         LINE#         573
  C:3008H         LINE#         575
  C:300EH         LINE#         576
  C:300EH         LINE#         577
  C:3029H         LINE#         578
  C:305AH         LINE#         579
  C:305AH         LINE#         580
  C:305DH         LINE#         581
  C:305DH         LINE#         582
  -------         ENDPROC       _AES128_CBC_DECRYPT_BUFFER
  -------         ENDMOD        AES

  -------         MODULE        CRC16
  C:0000H         SYMBOL        _ICE_DUMMY_
  C:3FD9H         PUBLIC        _crc16
  C:244FH         PUBLIC        auchCRCHi
  C:3880H         PUBLIC        _crc16_2
  C:254FH         PUBLIC        auchCRCLo
  -------         PROC          _CRC16
  X:0405H         SYMBOL        puchMsg
  X:0408H         SYMBOL        usDataLen
  -------         DO            
  X:040AH         SYMBOL        uchCRCHi
  X:040BH         SYMBOL        uchCRCLo
  X:040CH         SYMBOL        uIndex
  -------         ENDDO         
  C:3FD9H         LINE#         80
  C:3FEAH         LINE#         81
  C:3FEAH         LINE#         82
  C:3FEEH         LINE#         83
  C:3FF0H         LINE#         85
  C:3FFEH         LINE#         86
  C:3FFEH         LINE#         87
  C:4022H         LINE#         89
  C:4038H         LINE#         90
  C:4041H         LINE#         91
  C:4043H         LINE#         92
  C:404DH         LINE#         93
  -------         ENDPROC       _CRC16
  -------         PROC          _CRC16_2
  X:02F2H         SYMBOL        puchMsg1
  X:02F5H         SYMBOL        usDataLen1
  X:02F7H         SYMBOL        puchMsg2
  X:02FAH         SYMBOL        usDataLen2
  -------         DO            
  X:02FCH         SYMBOL        uchCRCHi
  X:02FDH         SYMBOL        uchCRCLo
  X:02FEH         SYMBOL        uIndex
BL51 BANKED LINKER/LOCATER V6.22                                                      06/14/2019  09:34:49  PAGE 26


  -------         ENDDO         
  C:3880H         LINE#         102
  C:3891H         LINE#         103
  C:3891H         LINE#         104
  C:3897H         LINE#         105
  C:3899H         LINE#         108
  C:38A7H         LINE#         109
  C:38A7H         LINE#         110
  C:38CBH         LINE#         111
  C:38E1H         LINE#         112
  C:38EAH         LINE#         113
  C:38ECH         LINE#         114
  C:38FAH         LINE#         115
  C:38FAH         LINE#         116
  C:391EH         LINE#         117
  C:3934H         LINE#         118
  C:393DH         LINE#         119
  C:393FH         LINE#         120
  C:3949H         LINE#         121
  -------         ENDPROC       _CRC16_2
  -------         ENDMOD        CRC16

  -------         MODULE        SYS_CLOCK
  C:0000H         SYMBOL        _ICE_DUMMY_
  D:0080H         PUBLIC        P0
  D:0090H         PUBLIC        P1
  D:00A0H         PUBLIC        P2
  D:00B0H         PUBLIC        P3
  D:00C0H         PUBLIC        P4
  C:0059H         PUBLIC        get_sys_ticks
  D:00C8H         PUBLIC        P5
  D:00A8H         PUBLIC        IE
  D:00B8H         PUBLIC        IP
  D:00D8H         PUBLIC        CCON
  D:0098H         PUBLIC        SCON
  D:0088H         PUBLIC        TCON
  D:00F0H         PUBLIC        B
  D:00E0H         PUBLIC        ACC
  B:0088H.4       PUBLIC        TR0
  D:000DH         PUBLIC        sys_ticks
  C:48A4H         PUBLIC        sys_clock_init
  D:00D0H         PUBLIC        PSW
  -------         PROC          SYS_CLOCK_INIT
  -------         DO            
  X:02DAH         SYMBOL        TIM_InitStructure
  -------         ENDDO         
  C:48A4H         LINE#         11
  C:48A4H         LINE#         12
  C:48A4H         LINE#         14
  C:48A9H         LINE#         15
  C:48ACH         LINE#         16
  C:48AEH         LINE#         17
  C:48B0H         LINE#         18
  C:48B3H         LINE#         19
  C:48BAH         LINE#         20
  C:48BDH         LINE#         21
  -------         ENDPROC       SYS_CLOCK_INIT
BL51 BANKED LINKER/LOCATER V6.22                                                      06/14/2019  09:34:49  PAGE 27


  -------         PROC          GET_SYS_TICKS
  -------         DO            
  D:0004H         SYMBOL        ticks
  -------         ENDDO         
  C:0059H         LINE#         25
  C:0059H         LINE#         26
  C:0059H         LINE#         28
  C:005BH         LINE#         29
  C:005FH         LINE#         30
  C:0061H         LINE#         31
  C:0061H         LINE#         32
  -------         ENDPROC       GET_SYS_TICKS
  -------         ENDMOD        SYS_CLOCK

  -------         MODULE        GPRS
  C:0000H         SYMBOL        _ICE_DUMMY_
  D:0080H         PUBLIC        P0
  D:0090H         PUBLIC        P1
  C:470AH         PUBLIC        _AT_Send
  X:035CH         PUBLIC        DNSserver
  D:00A0H         PUBLIC        P2
  X:035EH         PUBLIC        CCSTT
  D:00B0H         PUBLIC        P3
  X:0360H         PUBLIC        CIPMODE
  D:00C0H         PUBLIC        P4
  D:00C8H         PUBLIC        P5
  X:0362H         PUBLIC        CIPSEND
  X:0364H         PUBLIC        CIPMUX0
  X:0366H         PUBLIC        CIPMUX1
  X:0368H         PUBLIC        CDNSGIP
  D:00A8H         PUBLIC        IE
  X:036AH         PUBLIC        UCSTT
  X:036CH         PUBLIC        AT
  D:00B8H         PUBLIC        IP
  X:036EH         PUBLIC        CLCK
  X:0370H         PUBLIC        CIPSHUT
  D:00D8H         PUBLIC        CCON
  C:477AH         PUBLIC        _send_string
  X:0372H         PUBLIC        CPIN
  X:0374H         PUBLIC        CGSN
  X:0376H         PUBLIC        CFUN
  D:0098H         PUBLIC        SCON
  D:0088H         PUBLIC        TCON
  X:0378H         PUBLIC        COPS
  D:00F0H         PUBLIC        B
  X:037AH         PUBLIC        CIPSTATUS
  X:037CH         PUBLIC        CGAUTO
  X:037EH         PUBLIC        gprs_status
  D:00E0H         PUBLIC        ACC
  X:037FH         PUBLIC        s_config
  X:0385H         PUBLIC        ICF
  X:0387H         PUBLIC        CREG1
  X:0389H         PUBLIC        CREG2
  C:37B4H         PUBLIC        _gprs_cmd
  C:0066H         PUBLIC        _init_GPRS
  X:038BH         PUBLIC        ATF
  X:038DH         PUBLIC        GMM
BL51 BANKED LINKER/LOCATER V6.22                                                      06/14/2019  09:34:49  PAGE 28


  X:038FH         PUBLIC        CSQ
  X:0391H         PUBLIC        CGREG
  X:0393H         PUBLIC        CIICR
  X:0395H         PUBLIC        IPR
  X:0397H         PUBLIC        ATW
  X:0399H         PUBLIC        CIPSTART
  X:039BH         PUBLIC        CGATT
  X:039DH         PUBLIC        CIFSR
  D:00D0H         PUBLIC        PSW
  -------         PROC          _SEND_STRING
  X:0337H         SYMBOL        s
  C:477AH         LINE#         49
  C:4785H         LINE#         50
  C:4785H         LINE#         51
  C:4795H         LINE#         52
  C:47AAH         LINE#         53
  C:47ACH         LINE#         54
  -------         ENDPROC       _SEND_STRING
  -------         PROC          _AT_SEND
  X:0334H         SYMBOL        ATX
  C:470AH         LINE#         56
  C:4715H         LINE#         57
  C:4715H         LINE#         58
  C:4724H         LINE#         59
  C:4729H         LINE#         60
  C:4737H         LINE#         61
  C:4740H         LINE#         62
  -------         ENDPROC       _AT_SEND
  -------         PROC          _GPRS_CMD
  X:0325H         SYMBOL        cmd
  X:0328H         SYMBOL        input
  X:032BH         SYMBOL        ck_str
  X:032EH         SYMBOL        outtime_s
  -------         DO            
  X:032FH         SYMBOL        tartt_time
  X:0331H         SYMBOL        second_time
  X:0333H         SYMBOL        res
  -------         ENDDO         
  C:37B4H         LINE#         66
  C:37BFH         LINE#         67
  C:37BFH         LINE#         69
  C:37C4H         LINE#         71
  C:37C8H         LINE#         72
  C:37D3H         LINE#         73
  C:37E1H         LINE#         74
  C:37E8H         LINE#         75
  C:37EEH         LINE#         76
  C:3816H         LINE#         77
  C:3816H         LINE#         78
  C:3821H         LINE#         79
  C:382CH         LINE#         80
  C:384CH         LINE#         81
  C:386EH         LINE#         82
  C:386EH         LINE#         83
  C:3875H         LINE#         84
  C:3875H         LINE#         85
  C:3875H         LINE#         86
BL51 BANKED LINKER/LOCATER V6.22                                                      06/14/2019  09:34:49  PAGE 29


  C:3875H         LINE#         87
  C:387AH         LINE#         88
  C:387FH         LINE#         89
  -------         ENDPROC       _GPRS_CMD
  -------         PROC          _INIT_GPRS
  X:031EH         SYMBOL        s
  -------         DO            
  X:0321H         SYMBOL        addr
  X:0324H         SYMBOL        res
  -------         ENDDO         
  C:0066H         LINE#         92
  C:0071H         LINE#         93
  C:0071H         LINE#         97
  C:007AH         LINE#         99
  C:00AAH         LINE#         100
  C:00DAH         LINE#         101
  C:010AH         LINE#         102
  C:013AH         LINE#         103
  C:016AH         LINE#         104
  C:019AH         LINE#         105
  C:01C9H         LINE#         109
  C:01FEH         LINE#         110
  C:0206H         LINE#         111
  C:022FH         LINE#         113
  C:0241H         LINE#         117
  C:0271H         LINE#         121
  C:02A6H         LINE#         122
  C:02AEH         LINE#         123
  C:02D7H         LINE#         125
  C:02E9H         LINE#         127
  C:031EH         LINE#         128
  C:0326H         LINE#         129
  C:034FH         LINE#         131
  C:0361H         LINE#         133
  C:0396H         LINE#         134
  C:039EH         LINE#         135
  C:03C7H         LINE#         137
  C:03D9H         LINE#         139
  C:040EH         LINE#         140
  C:0416H         LINE#         141
  C:043FH         LINE#         143
  C:0451H         LINE#         147
  C:0486H         LINE#         148
  C:048EH         LINE#         149
  C:04B7H         LINE#         151
  C:04C9H         LINE#         153
  C:04FEH         LINE#         154
  C:0506H         LINE#         155
  C:052FH         LINE#         157
  C:0541H         LINE#         162
  C:0576H         LINE#         163
  C:057EH         LINE#         164
  C:05A7H         LINE#         166
  C:05B9H         LINE#         170
  C:05EEH         LINE#         171
  C:05F6H         LINE#         172
  C:061FH         LINE#         174
BL51 BANKED LINKER/LOCATER V6.22                                                      06/14/2019  09:34:49  PAGE 30


  C:0631H         LINE#         176
  C:0666H         LINE#         177
  C:066EH         LINE#         178
  C:0697H         LINE#         180
  C:06A9H         LINE#         182
  C:06C5H         LINE#         183
  C:06C5H         LINE#         184
  C:06F5H         LINE#         185
  C:0702H         LINE#         186
  C:0704H         LINE#         187
  C:0720H         LINE#         188
  C:0750H         LINE#         189
  C:077FH         LINE#         190
  C:077FH         LINE#         196
  C:07B4H         LINE#         197
  C:07BCH         LINE#         198
  C:07E5H         LINE#         200
  C:07F7H         LINE#         202
  C:082CH         LINE#         204
  C:085BH         LINE#         208
  C:087FH         LINE#         209
  C:08A9H         LINE#         212
  C:08C7H         LINE#         213
  C:08F8H         LINE#         214
  C:0900H         LINE#         215
  C:0929H         LINE#         217
  C:093BH         LINE#         219
  -------         ENDPROC       _INIT_GPRS
  -------         ENDMOD        GPRS

  -------         MODULE        MYSTRING
  C:0000H         SYMBOL        _ICE_DUMMY_
  C:404EH         PUBLIC        _strpbrk
  C:3A09H         PUBLIC        _strtrim
  C:3D45H         PUBLIC        _strsep
  C:3601H         PUBLIC        _strtrim_fast
  C:3501H         PUBLIC        _trim
  -------         PROC          _STRPBRK
  D:0001H         SYMBOL        cs
  X:032DH         SYMBOL        ct
  -------         DO            
  X:0330H         SYMBOL        sc1
  X:0333H         SYMBOL        sc2
  -------         ENDDO         
  C:404EH         LINE#         10
  C:404EH         LINE#         11
  C:404EH         LINE#         14
  C:4069H         LINE#         15
  C:408FH         LINE#         16
  C:40A0H         LINE#         17
  C:40A1H         LINE#         18
  C:40ADH         LINE#         19
  C:40B9H         LINE#         20
  C:40BFH         LINE#         21
  -------         ENDPROC       _STRPBRK
  -------         PROC          _STRSEP
  X:031EH         SYMBOL        s
BL51 BANKED LINKER/LOCATER V6.22                                                      06/14/2019  09:34:49  PAGE 31


  X:0321H         SYMBOL        ct
  -------         DO            
  X:0324H         SYMBOL        sbegin
  X:0327H         SYMBOL        end
  -------         ENDDO         
  C:3D45H         LINE#         35
  C:3D50H         LINE#         36
  C:3D50H         LINE#         37
  C:3D5EH         LINE#         40
  C:3D63H         LINE#         41
  C:3D67H         LINE#         43
  C:3D95H         LINE#         44
  C:3D99H         LINE#         45
  C:3DADH         LINE#         46
  C:3DCCH         LINE#         47
  C:3DD7H         LINE#         48
  -------         ENDPROC       _STRSEP
  -------         PROC          _STRTRIM
  X:031EH         SYMBOL        s
  -------         DO            
  X:0321H         SYMBOL        p
  X:0324H         SYMBOL        q
  -------         ENDDO         
  C:3A09H         LINE#         76
  C:3A14H         LINE#         77
  C:3A1DH         LINE#         78
  C:3A32H         LINE#         79
  C:3A55H         LINE#         80
  C:3A7FH         LINE#         82
  C:3A89H         LINE#         83
  C:3AACH         LINE#         84
  C:3AB3H         LINE#         85
  C:3ABEH         LINE#         86
  -------         ENDPROC       _STRTRIM
  -------         PROC          _STRTRIM_FAST
  X:03F9H         SYMBOL        s
  -------         DO            
  X:03FCH         SYMBOL        p
  X:03FFH         SYMBOL        q
  X:0402H         SYMBOL        end
  -------         ENDDO         
  C:3601H         LINE#         88
  C:360CH         LINE#         89
  C:3615H         LINE#         90
  C:362AH         LINE#         91
  C:363DH         LINE#         92
  C:3660H         LINE#         93
  C:3680H         LINE#         94
  C:36AAH         LINE#         95
  C:36BEH         LINE#         96
  C:36C0H         LINE#         97
  C:36CFH         LINE#         99
  C:36DAH         LINE#         100
  -------         ENDPROC       _STRTRIM_FAST
  -------         PROC          _TRIM
  X:0410H         SYMBOL        strIn
  X:0413H         SYMBOL        strOut
BL51 BANKED LINKER/LOCATER V6.22                                                      06/14/2019  09:34:49  PAGE 32


  -------         DO            
  X:0416H         SYMBOL        i
  X:0418H         SYMBOL        j
  -------         ENDDO         
  C:3501H         LINE#         102
  C:350CH         LINE#         106
  C:3513H         LINE#         108
  C:3524H         LINE#         110
  C:3546H         LINE#         111
  C:3556H         LINE#         113
  C:3578H         LINE#         114
  C:3588H         LINE#         115
  C:35D3H         LINE#         116
  -------         ENDPROC       _TRIM
  -------         ENDMOD        MYSTRING

  -------         MODULE        DELAY
  C:0000H         SYMBOL        _ICE_DUMMY_
  D:0080H         PUBLIC        P0
  D:0090H         PUBLIC        P1
  D:00A0H         PUBLIC        P2
  D:00B0H         PUBLIC        P3
  D:00C0H         PUBLIC        P4
  D:00C8H         PUBLIC        P5
  D:00A8H         PUBLIC        IE
  C:491CH         PUBLIC        Delay1000ms
  D:00B8H         PUBLIC        IP
  D:00D8H         PUBLIC        CCON
  D:0098H         PUBLIC        SCON
  D:0088H         PUBLIC        TCON
  D:00F0H         PUBLIC        B
  D:00E0H         PUBLIC        ACC
  C:46CCH         PUBLIC        _delay_ms
  D:00D0H         PUBLIC        PSW
  -------         PROC          _DELAY_MS
  X:0337H         SYMBOL        ms
  -------         DO            
  X:0339H         SYMBOL        start
  D:0002H         SYMBOL        ticks
  -------         ENDDO         
  C:46CCH         LINE#         8
  C:46D4H         LINE#         9
  C:46D4H         LINE#         10
  C:46DFH         LINE#         12
  C:46DFH         LINE#         13
  C:46E6H         LINE#         14
  C:4709H         LINE#         15
  -------         ENDPROC       _DELAY_MS
  -------         PROC          DELAY1000MS
  -------         DO            
  D:0007H         SYMBOL        i
  D:0006H         SYMBOL        j
  D:0005H         SYMBOL        k
  -------         ENDDO         
  C:491CH         LINE#         18
  C:491CH         LINE#         19
  C:491CH         LINE#         22
BL51 BANKED LINKER/LOCATER V6.22                                                      06/14/2019  09:34:49  PAGE 33


  C:491DH         LINE#         23
  C:491EH         LINE#         24
  C:4920H         LINE#         25
  C:4922H         LINE#         26
  C:4924H         LINE#         28
  C:4924H         LINE#         30
  C:4924H         LINE#         31
  C:4926H         LINE#         32
  C:4928H         LINE#         33
  C:492AH         LINE#         34
  -------         ENDPROC       DELAY1000MS
  -------         ENDMOD        DELAY

  -------         MODULE        GPIO
  C:0000H         SYMBOL        _ICE_DUMMY_
  D:0093H         PUBLIC        P0M1
  D:0092H         PUBLIC        P1M0
  D:0096H         PUBLIC        P2M0
  D:0091H         PUBLIC        P1M1
  D:0080H         PUBLIC        P0
  D:00B2H         PUBLIC        P3M0
  D:0095H         PUBLIC        P2M1
  D:0090H         PUBLIC        P1
  D:00B4H         PUBLIC        P4M0
  D:00B1H         PUBLIC        P3M1
  D:00A0H         PUBLIC        P2
  D:00CAH         PUBLIC        P5M0
  D:00B3H         PUBLIC        P4M1
  D:00B0H         PUBLIC        P3
  D:00C9H         PUBLIC        P5M1
  D:00C0H         PUBLIC        P4
  D:00C8H         PUBLIC        P5
  D:00A8H         PUBLIC        IE
  D:00B8H         PUBLIC        IP
  D:00D8H         PUBLIC        CCON
  D:0098H         PUBLIC        SCON
  D:0088H         PUBLIC        TCON
  D:00F0H         PUBLIC        B
  D:00E0H         PUBLIC        ACC
  C:2A42H         PUBLIC        _GPIO_Inilize
  D:00D0H         PUBLIC        PSW
  D:0094H         PUBLIC        P0M0
[...]
  D:0001H         SYMBOL        DataAddress
  X:02DFH         SYMBOL        number
  C:468DH         LINE#         89
  C:4691H         LINE#         90
  C:4691H         LINE#         91
  C:4693H         LINE#         93
  C:4696H         LINE#         94
  C:4699H         LINE#         96
  C:4699H         LINE#         97
  C:469CH         LINE#         98
  C:46A0H         LINE#         99
  C:46A5H         LINE#         100
  C:46ABH         LINE#         101
  C:46ACH         LINE#         102
  C:46B1H         LINE#         103
  C:46B8H         LINE#         104
  C:46C6H         LINE#         106
  C:46C9H         LINE#         107
  C:46CBH         LINE#         108
  -------         ENDPROC       _EEPROM_WRITE_N
  -------         ENDMOD        EEPROM

  -------         MODULE        ?C?COPY
BL51 BANKED LINKER/LOCATER V6.22                                                      06/14/2019  09:34:49  PAGE 44


  C:0A0CH         PUBLIC        ?C?COPY
  -------         ENDMOD        ?C?COPY

  -------         MODULE        ?C?CLDPTR
  C:0A32H         PUBLIC        ?C?CLDPTR
  -------         ENDMOD        ?C?CLDPTR

  -------         MODULE        ?C?CLDOPTR
  C:0A4BH         PUBLIC        ?C?CLDOPTR
  -------         ENDMOD        ?C?CLDOPTR

  -------         MODULE        ?C?CSTPTR
  C:0A78H         PUBLIC        ?C?CSTPTR
  -------         ENDMOD        ?C?CSTPTR

  -------         MODULE        ?C?CSTOPTR
  C:0A8AH         PUBLIC        ?C?CSTOPTR
  -------         ENDMOD        ?C?CSTOPTR

  -------         MODULE        ?C?UIDIV
  C:0AACH         PUBLIC        ?C?UIDIV
  -------         ENDMOD        ?C?UIDIV

  -------         MODULE        ?C?IILDX
  C:0B01H         PUBLIC        ?C?IILDX
  -------         ENDMOD        ?C?IILDX

  -------         MODULE        ?C?ILDIX
  C:0B17H         PUBLIC        ?C?ILDIX
  -------         ENDMOD        ?C?ILDIX

  -------         MODULE        ?C?ILDOPTR
  C:0B2DH         PUBLIC        ?C?ILDOPTR
  -------         ENDMOD        ?C?ILDOPTR

  -------         MODULE        ?C?LMUL
  C:0B65H         PUBLIC        ?C?LMUL
  -------         ENDMOD        ?C?LMUL

  -------         MODULE        ?C?ULDIV
  C:0BF0H         PUBLIC        ?C?ULDIV
  -------         ENDMOD        ?C?ULDIV

  -------         MODULE        ?C?ULCMP
  C:0C82H         PUBLIC        ?C?ULCMP
  -------         ENDMOD        ?C?ULCMP

  -------         MODULE        ?C?ULSHR
  C:0C93H         PUBLIC        ?C?ULSHR
  -------         ENDMOD        ?C?ULSHR

  -------         MODULE        ?C?LLDOPTR0
  C:0CA6H         PUBLIC        ?C?LLDOPTR0
  -------         ENDMOD        ?C?LLDOPTR0

  -------         MODULE        ?C?LSTXDATA
  C:0CD6H         PUBLIC        ?C?LSTXDATA
BL51 BANKED LINKER/LOCATER V6.22                                                      06/14/2019  09:34:49  PAGE 45


  -------         ENDMOD        ?C?LSTXDATA

  -------         MODULE        ?C?LSTKXDATA
  C:0CE2H         PUBLIC        ?C?LSTKXDATA
  -------         ENDMOD        ?C?LSTKXDATA

  -------         MODULE        ?C?OFFXADD
  C:0D13H         PUBLIC        ?C?OFFXADD
  -------         ENDMOD        ?C?OFFXADD

  -------         MODULE        ?C?PLDPTR
  C:0D1FH         PUBLIC        ?C?PLDPTR
  -------         ENDMOD        ?C?PLDPTR

  -------         MODULE        ?C?PSTPTR
  C:0D3FH         PUBLIC        ?C?PSTPTR
  -------         ENDMOD        ?C?PSTPTR

  -------         MODULE        ?C?PLDOPTR
  C:0D8EH         PUBLIC        ?C?PLDOPTR
  -------         ENDMOD        ?C?PLDOPTR

  -------         MODULE        ?C?CCASE
  C:0DBEH         PUBLIC        ?C?CCASE
  -------         ENDMOD        ?C?CCASE

  -------         MODULE        PRINTF
  X:0334H         PUBLIC        ?_PRINTF517?BYTE
  X:0334H         PUBLIC        ?_PRINTF?BYTE
  X:0334H         PUBLIC        ?_SPRINTF517?BYTE
  X:0334H         PUBLIC        ?_SPRINTF?BYTE
  C:164EH         PUBLIC        _PRINTF
  C:164EH         PUBLIC        _PRINTF517
  C:1648H         PUBLIC        _SPRINTF
  C:1648H         PUBLIC        _SPRINTF517
  -------         ENDMOD        PRINTF

  -------         MODULE        STRCAT
  X:0325H         PUBLIC        ?_strcat?BYTE
  C:412DH         PUBLIC        _strcat
  -------         ENDMOD        STRCAT

  -------         MODULE        STRNCPY
  X:041AH         PUBLIC        ?_strncpy?BYTE
  C:4198H         PUBLIC        _strncpy
  -------         ENDMOD        STRNCPY

  -------         MODULE        STRLEN
  C:0026H         PUBLIC        _STRLEN
  -------         ENDMOD        STRLEN

  -------         MODULE        STRSTR
  X:0334H         PUBLIC        ?_strstr?BYTE
  C:394AH         PUBLIC        _strstr
  -------         ENDMOD        STRSTR

  -------         MODULE        STRTOUL
BL51 BANKED LINKER/LOCATER V6.22                                                      06/14/2019  09:34:49  PAGE 46


  X:031EH         PUBLIC        ?_strtoul?BYTE
  C:21FDH         PUBLIC        _strtoul
  -------         ENDMOD        STRTOUL

  -------         MODULE        ?C?MEMSET
  C:0DE4H         PUBLIC        ?C?MEMSET
  -------         ENDMOD        ?C?MEMSET

  -------         MODULE        ?C?LNEG
  C:0E10H         PUBLIC        ?C?LNEG
  -------         ENDMOD        ?C?LNEG

  -------         MODULE        ?C?LLDIDATA0
  C:0E1EH         PUBLIC        ?C?LLDIDATA0
  -------         ENDMOD        ?C?LLDIDATA0

  -------         MODULE        ?C?LLDXDATA0
  C:0E2BH         PUBLIC        ?C?LLDXDATA0
  -------         ENDMOD        ?C?LLDXDATA0

  -------         MODULE        ?C?LLDPDATA0
  C:0E37H         PUBLIC        ?C?LLDPDATA0
  -------         ENDMOD        ?C?LLDPDATA0

  -------         MODULE        ?C?LLDCODE0
  C:0E44H         PUBLIC        ?C?LLDCODE0
  -------         ENDMOD        ?C?LLDCODE0

  -------         MODULE        ?C?PLDIDATA
  C:0E54H         PUBLIC        ?C?PLDIDATA
  -------         ENDMOD        ?C?PLDIDATA

  -------         MODULE        ?C?PSTIDATA
  C:0E5DH         PUBLIC        ?C?PSTIDATA
  -------         ENDMOD        ?C?PSTIDATA

  -------         MODULE        ?C?PLDXDATA
  C:0E66H         PUBLIC        ?C?PLDXDATA
  -------         ENDMOD        ?C?PLDXDATA

  -------         MODULE        ?C?PLDIXDATA
  C:0E6FH         PUBLIC        ?C?PLDIXDATA
  -------         ENDMOD        ?C?PLDIXDATA

  -------         MODULE        ?C?PSTXDATA
  C:0E86H         PUBLIC        ?C?PSTXDATA
  -------         ENDMOD        ?C?PSTXDATA

  -------         MODULE        ?C?PLDPDATA
  C:0E8FH         PUBLIC        ?C?PLDPDATA
  -------         ENDMOD        ?C?PLDPDATA

  -------         MODULE        ?C?PSTPDATA
  C:0E98H         PUBLIC        ?C?PSTPDATA
  -------         ENDMOD        ?C?PSTPDATA

  -------         MODULE        ?C?PLDCODE
BL51 BANKED LINKER/LOCATER V6.22                                                      06/14/2019  09:34:49  PAGE 47


  C:0EA1H         PUBLIC        ?C?PLDCODE
  -------         ENDMOD        ?C?PLDCODE



INTER-MODULE CROSS-REFERENCE LISTING
------------------------------------


NAME . . . . . . . . . . . . . . . USAGE    MODULE NAMES
--------------------------------------------------------

?C?CCASE . . . . . . . . . . . . . CODE;    ?C?CCASE  PRINTF  USART1  
?C?CLDOPTR . . . . . . . . . . . . CODE;    ?C?CLDOPTR  AES  AES128APP  GPIO  MYSTRING  PRINTF  STC_TIMER  STRTOUL  USAR
                                            T1  
?C?CLDPTR. . . . . . . . . . . . . CODE;    ?C?CLDPTR  AES  CRC16  EEPROM  GPIO  GPRS  MYSTRING  PRINTF  STC_TIMER  STRC
                                            AT  STRLEN  STRNCPY  STRSTR  STRTOUL  USART1  
?C?COPY. . . . . . . . . . . . . . CODE;    ?C?COPY  FUNCTION  
?C?CSTOPTR . . . . . . . . . . . . CODE;    ?C?CSTOPTR  AES  AES128APP  MYSTRING  STRNCPY  
?C?CSTPTR. . . . . . . . . . . . . CODE;    ?C?CSTPTR  AES  EEPROM  MYSTRING  PRINTF  STRCAT  
?C?IILDX . . . . . . . . . . . . . CODE;    ?C?IILDX  AES  EEPROM  MYSTRING  STRCAT  STRNCPY  STRSTR  STRTOUL  
?C?ILDIX . . . . . . . . . . . . . CODE;    ?C?ILDIX  CRC16  GPRS  MYSTRING  STRCAT  STRNCPY  STRTOUL  
?C?ILDOPTR . . . . . . . . . . . . CODE;    ?C?ILDOPTR  STC_TIMER  
?C?LLDCODE0. . . . . . . . . . . . CODE;    ?C?LLDCODE0  ?C?LLDOPTR0  
?C?LLDIDATA0 . . . . . . . . . . . CODE;    ?C?LLDIDATA0  ?C?LLDOPTR0  
?C?LLDOPTR0. . . . . . . . . . . . CODE;    ?C?LLDOPTR0  USART1  
?C?LLDPDATA0 . . . . . . . . . . . CODE;    ?C?LLDPDATA0  ?C?LLDOPTR0  
?C?LLDXDATA0 . . . . . . . . . . . CODE;    ?C?LLDXDATA0  ?C?LLDOPTR0  
?C?LMUL. . . . . . . . . . . . . . CODE;    ?C?LMUL  AES  STRTOUL  
?C?LNEG. . . . . . . . . . . . . . CODE;    ?C?LNEG  STRTOUL  
?C?LSTKXDATA . . . . . . . . . . . CODE;    ?C?LSTKXDATA  AES  AES128APP  MAIN  STRTOUL  
?C?LSTXDATA. . . . . . . . . . . . CODE;    ?C?LSTXDATA  AES  AES128APP  CRC16  FUNCTION  MAIN  STRTOUL  USART1  
?C?MEMSET. . . . . . . . . . . . . CODE;    ?C?MEMSET  AES  FUNCTION  GPRS  
?C?OFFXADD . . . . . . . . . . . . CODE;    ?C?OFFXADD  AES  
?C?PLDCODE . . . . . . . . . . . . CODE;    ?C?PLDCODE  ?C?PLDOPTR  ?C?PLDPTR  
?C?PLDIDATA. . . . . . . . . . . . CODE;    ?C?PLDIDATA  ?C?PLDOPTR  ?C?PLDPTR  
?C?PLDIXDATA . . . . . . . . . . . CODE;    ?C?PLDIXDATA  PRINTF  
?C?PLDOPTR . . . . . . . . . . . . CODE;    ?C?PLDOPTR  GPRS  
?C?PLDPDATA. . . . . . . . . . . . CODE;    ?C?PLDPDATA  ?C?PLDOPTR  ?C?PLDPTR  
?C?PLDPTR. . . . . . . . . . . . . CODE;    ?C?PLDPTR  MYSTRING  
?C?PLDXDATA. . . . . . . . . . . . CODE;    ?C?PLDXDATA  ?C?PLDOPTR  ?C?PLDPTR  
?C?PSTIDATA. . . . . . . . . . . . CODE;    ?C?PSTIDATA  ?C?PSTPTR  
?C?PSTPDATA. . . . . . . . . . . . CODE;    ?C?PSTPDATA  ?C?PSTPTR  
?C?PSTPTR. . . . . . . . . . . . . CODE;    ?C?PSTPTR  MYSTRING  STRTOUL  
?C?PSTXDATA. . . . . . . . . . . . CODE;    ?C?PSTXDATA  ?C?PSTPTR  PRINTF  
?C?UIDIV . . . . . . . . . . . . . CODE;    ?C?UIDIV  DELAY  GPRS  MAIN  
?C?ULCMP . . . . . . . . . . . . . CODE;    ?C?ULCMP  AES  FUNCTION  STRTOUL  USART1  
?C?ULDIV . . . . . . . . . . . . . CODE;    ?C?ULDIV  AES  USART1  
?C?ULSHR . . . . . . . . . . . . . CODE;    ?C?ULSHR  USART1  
?C_INITSEGSTART. . . . . . . . . . CODE;    ** L51 GENERATED **  
?C_START . . . . . . . . . . . . . CODE;    ?C_INIT  ?C_STARTUP  
?C_STARTUP . . . . . . . . . . . . CODE;    ?C_STARTUP  MAIN  
?_AES128_CBC_DECRYPT_BUFFER?BYTE . XDATA;   AES  AES128APP  
?_AES128_CBC_ENCRYPT_BUFFER?BYTE . XDATA;   AES  AES128APP  
?_AES128_ECB_DECRYPT?BYTE. . . . . XDATA;   AES  
?_AES128_ECB_ENCRYPT?BYTE. . . . . XDATA;   AES  
?_APP_DECRYPT_CBC?BYTE . . . . . . XDATA;   AES128APP  
BL51 BANKED LINKER/LOCATER V6.22                                                      06/14/2019  09:34:49  PAGE 48


?_APP_ENCRYPT_CBC?BYTE . . . . . . XDATA;   AES128APP  FUNCTION  
?_BLOCKCOPY?BYTE . . . . . . . . . XDATA;   AES  
?_CRC16_2?BYTE . . . . . . . . . . XDATA;   CRC16  FUNCTION  
?_EEPROM_READ_N?BYTE . . . . . . . XDATA;   EEPROM  FUNCTION  
?_EEPROM_WRITE_N?BYTE. . . . . . . XDATA;   EEPROM  FUNCTION  
?_GPRS_CMD?BYTE. . . . . . . . . . XDATA;   GPRS  FUNCTION  
?_PRINTF517?BYTE . . . . . . . . . XDATA;   PRINTF  
?_PRINTF?BYTE. . . . . . . . . . . XDATA;   PRINTF  AES128APP  FUNCTION  GPRS  MAIN  
?_SPRINTF517?BYTE. . . . . . . . . XDATA;   PRINTF  
?_SPRINTF?BYTE . . . . . . . . . . XDATA;   PRINTF  
?_STRCAT?BYTE. . . . . . . . . . . XDATA;   STRCAT  GPRS  
?_STRNCPY?BYTE . . . . . . . . . . XDATA;   STRNCPY  MYSTRING  
?_STRPBRK?BYTE . . . . . . . . . . XDATA;   MYSTRING  
?_STRSEP?BYTE. . . . . . . . . . . XDATA;   MYSTRING  FUNCTION  
?_STRSTR?BYTE. . . . . . . . . . . XDATA;   STRSTR  GPRS  
?_STRTOUL?BYTE . . . . . . . . . . XDATA;   STRTOUL  FUNCTION  
?_TRIM?BYTE. . . . . . . . . . . . XDATA;   MYSTRING  
AES128 . . . . . . . . . . . . . . XDATA;   FUNCTION  
AT . . . . . . . . . . . . . . . . XDATA;   GPRS  
ATF. . . . . . . . . . . . . . . . XDATA;   GPRS  
ATW. . . . . . . . . . . . . . . . XDATA;   GPRS  
AUCHCRCHI. . . . . . . . . . . . . CODE;    CRC16  
AUCHCRCLO. . . . . . . . . . . . . CODE;    CRC16  
CCSTT. . . . . . . . . . . . . . . XDATA;   GPRS  
CDNSGIP. . . . . . . . . . . . . . XDATA;   GPRS  
CFUN . . . . . . . . . . . . . . . XDATA;   GPRS  
CGATT. . . . . . . . . . . . . . . XDATA;   GPRS  
CGAUTO . . . . . . . . . . . . . . XDATA;   GPRS  
CGREG. . . . . . . . . . . . . . . XDATA;   GPRS  
CGSN . . . . . . . . . . . . . . . XDATA;   GPRS  
CIFSR. . . . . . . . . . . . . . . XDATA;   GPRS  
CIICR. . . . . . . . . . . . . . . XDATA;   GPRS  
CIPMODE. . . . . . . . . . . . . . XDATA;   GPRS  
CIPMUX0. . . . . . . . . . . . . . XDATA;   GPRS  
CIPMUX1. . . . . . . . . . . . . . XDATA;   GPRS  
CIPSEND. . . . . . . . . . . . . . XDATA;   GPRS  
CIPSHUT. . . . . . . . . . . . . . XDATA;   GPRS  
CIPSTART . . . . . . . . . . . . . XDATA;   GPRS  
CIPSTATUS. . . . . . . . . . . . . XDATA;   GPRS  
CLCK . . . . . . . . . . . . . . . XDATA;   GPRS  
COM1 . . . . . . . . . . . . . . . XDATA;   USART1  FUNCTION  MAIN  
COM2 . . . . . . . . . . . . . . . XDATA;   USART1  FUNCTION  GPRS  MAIN  
CONFIG_MODE. . . . . . . . . . . . XDATA;   USART1  MAIN  
COPS . . . . . . . . . . . . . . . XDATA;   GPRS  
COUNT. . . . . . . . . . . . . . . XDATA;   USART1  
CPIN . . . . . . . . . . . . . . . XDATA;   GPRS  
CREG1. . . . . . . . . . . . . . . XDATA;   GPRS  
CREG2. . . . . . . . . . . . . . . XDATA;   GPRS  
CSQ. . . . . . . . . . . . . . . . XDATA;   GPRS  
DELAY1000MS. . . . . . . . . . . . CODE;    DELAY  
DISABLEEEPROM. . . . . . . . . . . CODE;    EEPROM  
DNSSERVER. . . . . . . . . . . . . XDATA;   GPRS  
FUNCTION . . . . . . . . . . . . . CODE;    FUNCTION  MAIN  
GET_SYS_TICKS. . . . . . . . . . . CODE;    SYS_CLOCK  DELAY  FUNCTION  GPRS  MAIN  
GMM. . . . . . . . . . . . . . . . XDATA;   GPRS  
GPIO_CONFIG. . . . . . . . . . . . CODE;    MAIN  
GPRS_CONF. . . . . . . . . . . . . CODE;    FUNCTION  MAIN  
BL51 BANKED LINKER/LOCATER V6.22                                                      06/14/2019  09:34:49  PAGE 49


GPRS_STATUS. . . . . . . . . . . . XDATA;   GPRS  FUNCTION  
ICF. . . . . . . . . . . . . . . . XDATA;   GPRS  
INIT . . . . . . . . . . . . . . . CODE;    MAIN  
INIT_CONFIG. . . . . . . . . . . . CODE;    FUNCTION  
INVCIPHER. . . . . . . . . . . . . CODE;    AES  
INVMIXCOLUMNS. . . . . . . . . . . CODE;    AES  
INVSHIFTROWS . . . . . . . . . . . CODE;    AES  
INVSUBBYTES. . . . . . . . . . . . CODE;    AES  
IPR. . . . . . . . . . . . . . . . XDATA;   GPRS  
MAIN . . . . . . . . . . . . . . . CODE;    MAIN  ?C_INIT  
MINUTE . . . . . . . . . . . . . . XDATA;   FUNCTION  
MIXCOLUMNS . . . . . . . . . . . . CODE;    AES  
RCON . . . . . . . . . . . . . . . CODE;    AES  
REC. . . . . . . . . . . . . . . . XDATA;   USART1  
REC_OVER . . . . . . . . . . . . . XDATA;   USART1  
REND . . . . . . . . . . . . . . . XDATA;   USART1  
RSBOX. . . . . . . . . . . . . . . CODE;    AES  
RX1_BUFFER . . . . . . . . . . . . XDATA;   USART1  FUNCTION  
RX2_BUFFER . . . . . . . . . . . . XDATA;   USART1  FUNCTION  GPRS  
SBOX . . . . . . . . . . . . . . . CODE;    AES  
SBUF1. . . . . . . . . . . . . . . CODE;    FUNCTION  
SECOND . . . . . . . . . . . . . . XDATA;   FUNCTION  
SHIFTROWS. . . . . . . . . . . . . CODE;    AES  
SUBBYTES . . . . . . . . . . . . . CODE;    AES  
SYS_CLOCK_INIT . . . . . . . . . . CODE;    SYS_CLOCK  MAIN  
SYS_TICKS. . . . . . . . . . . . . DATA;    SYS_CLOCK  STC_TIMER  
S_CONFIG . . . . . . . . . . . . . XDATA;   GPRS  
TEMP . . . . . . . . . . . . . . . XDATA;   USART1  
TIMER0_INT . . . . . . . . . . . . CODE;    STC_TIMER  
TIMER1_INT . . . . . . . . . . . . CODE;    STC_TIMER  
TIMER2_INT . . . . . . . . . . . . CODE;    STC_TIMER  
TIMEROUT1. . . . . . . . . . . . . XDATA;   FUNCTION  
TIMEROUT2. . . . . . . . . . . . . XDATA;   FUNCTION  
TX1_BUFFER . . . . . . . . . . . . XDATA;   USART1  
TX2_BUFFER . . . . . . . . . . . . XDATA;   USART1  FUNCTION  
UART1_CHECK_TIMEOUT. . . . . . . . CODE;    FUNCTION  
UART1_CMD. . . . . . . . . . . . . XDATA;   USART1  FUNCTION  MAIN  
UART1_INT. . . . . . . . . . . . . CODE;    USART1  
UART2_CHECK_TIMEOUT. . . . . . . . CODE;    FUNCTION  
UART2_INT. . . . . . . . . . . . . CODE;    USART1  
UART_CONFIG. . . . . . . . . . . . CODE;    MAIN  
UCSTT. . . . . . . . . . . . . . . XDATA;   GPRS  
USART1_AND_USART2. . . . . . . . . CODE;    FUNCTION  MAIN  
USART1_CMD_WRITE . . . . . . . . . CODE;    FUNCTION  MAIN  
_ADDROUNDKEY . . . . . . . . . . . CODE;    AES  
_AES128_CBC_DECRYPT_BUFFER . . . . CODE;    AES  AES128APP  
_AES128_CBC_ENCRYPT_BUFFER . . . . CODE;    AES  AES128APP  
_AES128_ECB_DECRYPT. . . . . . . . CODE;    AES  
_AES128_ECB_ENCRYPT. . . . . . . . CODE;    AES  
_APP_DECRYPT_CBC . . . . . . . . . CODE;    AES128APP  
_APP_ENCRYPT_CBC . . . . . . . . . CODE;    AES128APP  FUNCTION  
_AT_SEND . . . . . . . . . . . . . CODE;    GPRS  
_BLOCKCOPY . . . . . . . . . . . . CODE;    AES  
_CRC16 . . . . . . . . . . . . . . CODE;    CRC16  
_CRC16_2 . . . . . . . . . . . . . CODE;    CRC16  FUNCTION  
_DELAY_MS. . . . . . . . . . . . . CODE;    DELAY  FUNCTION  GPRS  MAIN  
_EEPROM_READ_N . . . . . . . . . . CODE;    EEPROM  FUNCTION  
BL51 BANKED LINKER/LOCATER V6.22                                                      06/14/2019  09:34:49  PAGE 50


_EEPROM_SECTORERASE. . . . . . . . CODE;    EEPROM  FUNCTION  
_EEPROM_WRITE_N. . . . . . . . . . CODE;    EEPROM  FUNCTION  
_GETSBOXVALUE. . . . . . . . . . . CODE;    AES  
_GPIO_INILIZE. . . . . . . . . . . CODE;    GPIO  MAIN  
_GPRS_CHECK. . . . . . . . . . . . CODE;    FUNCTION  
_GPRS_CMD. . . . . . . . . . . . . CODE;    GPRS  FUNCTION  
_INIT_GPRS . . . . . . . . . . . . CODE;    GPRS  FUNCTION  
_PHEX. . . . . . . . . . . . . . . CODE;    AES128APP  
_PRINTF. . . . . . . . . . . . . . CODE;    PRINTF  AES128APP  FUNCTION  GPRS  MAIN  
_PRINTF1 . . . . . . . . . . . . . CODE;    USART1  AES128APP  FUNCTION  
_PRINTF2 . . . . . . . . . . . . . CODE;    USART1  FUNCTION  
_PRINTF517 . . . . . . . . . . . . CODE;    PRINTF  
_PRINTSTRING1. . . . . . . . . . . CODE;    USART1  
_PRINTSTRING2. . . . . . . . . . . CODE;    USART1  
_PUTCHAR . . . . . . . . . . . . . CODE;    MAIN  PRINTF  
_SEND_STRING . . . . . . . . . . . CODE;    GPRS  
_SPRINTF . . . . . . . . . . . . . CODE;    PRINTF  
_SPRINTF517. . . . . . . . . . . . CODE;    PRINTF  
_STRCAT. . . . . . . . . . . . . . CODE;    STRCAT  GPRS  
_STRLEN. . . . . . . . . . . . . . CODE;    STRLEN  MYSTRING  
_STRNCPY . . . . . . . . . . . . . CODE;    STRNCPY  MYSTRING  
_STRPBRK . . . . . . . . . . . . . CODE;    MYSTRING  
_STRSEP. . . . . . . . . . . . . . CODE;    MYSTRING  FUNCTION  
_STRSTR. . . . . . . . . . . . . . CODE;    STRSTR  GPRS  
_STRTOUL . . . . . . . . . . . . . CODE;    STRTOUL  FUNCTION  
_STRTRIM . . . . . . . . . . . . . CODE;    MYSTRING  FUNCTION  
_STRTRIM_FAST. . . . . . . . . . . CODE;    MYSTRING  
_TIMER_INILIZE . . . . . . . . . . CODE;    STC_TIMER  SYS_CLOCK  
_TRIM. . . . . . . . . . . . . . . CODE;    MYSTRING  
_TX1_WRITE2BUFF. . . . . . . . . . CODE;    USART1  
_TX2_WRITE2BUFF. . . . . . . . . . CODE;    USART1  FUNCTION  GPRS  
_UART1_SET_TIMEOUT . . . . . . . . CODE;    FUNCTION  USART1  
_UART2_SET_TIMEOUT . . . . . . . . CODE;    FUNCTION  USART1  
_USART_CONFIGURATION . . . . . . . CODE;    USART1  MAIN  
_USRT1_CONFIG. . . . . . . . . . . CODE;    MAIN  FUNCTION  
_XTIME . . . . . . . . . . . . . . CODE;    AES  

Program Size: data=33.1 xdata=1091 code=18793
LINK/LOCATE RUN COMPLETE.  0 WARNING(S),  0 ERROR(S)
