BL51 BANKED LINKER/LOCATER V6.22                                                        02/28/2019  14:36:11  PAGE 1


BL51 BANKED LINKER/LOCATER V6.22, INVOKED BY:
D:\PROGRAM FILES (X86)\KEIL\C51\BIN\BL51.EXE .\list\main.obj, .\list\function.obj, .\list\aes128app.obj, .\list\aes.obj,
>>  .\list\crc16.obj, .\list\sys_clock.obj, .\list\GPRS.obj, .\list\mystring.obj, .\list\delay.obj, .\list\GPIO.obj, .\l
>> ist\USART1.obj, .\list\stc_timer.obj, .\list\eeprom.obj, .\list\ADC.obj TO .\list\dtu PRINT (.\list\dtu.m51) IXREF DI
>> SABLEWARNING (16)


MEMORY MODEL: LARGE


INPUT MODULES INCLUDED:
  .\list\main.obj (MAIN)
  .\list\function.obj (FUNCTION)
  .\list\aes128app.obj (AES128APP)
  .\list\aes.obj (AES)
  .\list\crc16.obj (CRC16)
  .\list\sys_clock.obj (SYS_CLOCK)
  .\list\GPRS.obj (GPRS)
  .\list\mystring.obj (MYSTRING)
  .\list\delay.obj (DELAY)
  .\list\GPIO.obj (GPIO)
  .\list\USART1.obj (USART1)
  .\list\stc_timer.obj (STC_TIMER)
  .\list\eeprom.obj (EEPROM)
  .\list\ADC.obj (ADC)
  D:\PROGRAM FILES (X86)\KEIL\C51\LIB\C51L.LIB (?C_STARTUP)
  D:\PROGRAM FILES (X86)\KEIL\C51\LIB\C51L.LIB (?C?CLDPTR)
  D:\PROGRAM FILES (X86)\KEIL\C51\LIB\C51L.LIB (?C?CLDOPTR)
  D:\PROGRAM FILES (X86)\KEIL\C51\LIB\C51L.LIB (?C?CSTPTR)
  D:\PROGRAM FILES (X86)\KEIL\C51\LIB\C51L.LIB (?C?CSTOPTR)
  D:\PROGRAM FILES (X86)\KEIL\C51\LIB\C51L.LIB (?C?UIDIV)
  D:\PROGRAM FILES (X86)\KEIL\C51\LIB\C51L.LIB (?C?IILDX)
  D:\PROGRAM FILES (X86)\KEIL\C51\LIB\C51L.LIB (?C?ILDIX)
  D:\PROGRAM FILES (X86)\KEIL\C51\LIB\C51L.LIB (?C?ILDOPTR)
  D:\PROGRAM FILES (X86)\KEIL\C51\LIB\C51L.LIB (?C?LMUL)
  D:\PROGRAM FILES (X86)\KEIL\C51\LIB\C51L.LIB (?C?ULDIV)
  D:\PROGRAM FILES (X86)\KEIL\C51\LIB\C51L.LIB (?C?ULCMP)
  D:\PROGRAM FILES (X86)\KEIL\C51\LIB\C51L.LIB (?C?ULSHR)
  D:\PROGRAM FILES (X86)\KEIL\C51\LIB\C51L.LIB (?C?LLDOPTR0)
  D:\PROGRAM FILES (X86)\KEIL\C51\LIB\C51L.LIB (?C?LSTXDATA)
  D:\PROGRAM FILES (X86)\KEIL\C51\LIB\C51L.LIB (?C?LSTKXDATA)
  D:\PROGRAM FILES (X86)\KEIL\C51\LIB\C51L.LIB (?C?OFFXADD)
  D:\PROGRAM FILES (X86)\KEIL\C51\LIB\C51L.LIB (?C?PLDPTR)
  D:\PROGRAM FILES (X86)\KEIL\C51\LIB\C51L.LIB (?C?PSTPTR)
  D:\PROGRAM FILES (X86)\KEIL\C51\LIB\C51L.LIB (?C?PLDOPTR)
  D:\PROGRAM FILES (X86)\KEIL\C51\LIB\C51L.LIB (PRINTF)
  D:\PROGRAM FILES (X86)\KEIL\C51\LIB\C51L.LIB (STRCAT)
  D:\PROGRAM FILES (X86)\KEIL\C51\LIB\C51L.LIB (STRNCPY)
  D:\PROGRAM FILES (X86)\KEIL\C51\LIB\C51L.LIB (STRLEN)
  D:\PROGRAM FILES (X86)\KEIL\C51\LIB\C51L.LIB (STRSTR)
  D:\PROGRAM FILES (X86)\KEIL\C51\LIB\C51L.LIB (?C?MEMSET)
  D:\PROGRAM FILES (X86)\KEIL\C51\LIB\C51L.LIB (?C_INIT)
  D:\PROGRAM FILES (X86)\KEIL\C51\LIB\C51L.LIB (?C?LLDIDATA0)
  D:\PROGRAM FILES (X86)\KEIL\C51\LIB\C51L.LIB (?C?LLDXDATA0)
  D:\PROGRAM FILES (X86)\KEIL\C51\LIB\C51L.LIB (?C?LLDPDATA0)
  D:\PROGRAM FILES (X86)\KEIL\C51\LIB\C51L.LIB (?C?LLDCODE0)
  D:\PROGRAM FILES (X86)\KEIL\C51\LIB\C51L.LIB (?C?PLDIDATA)
  D:\PROGRAM FILES (X86)\KEIL\C51\LIB\C51L.LIB (?C?PSTIDATA)
BL51 BANKED LINKER/LOCATER V6.22                                                      02/28/2019  14:36:11  PAGE 2


  D:\PROGRAM FILES (X86)\KEIL\C51\LIB\C51L.LIB (?C?PLDXDATA)
  D:\PROGRAM FILES (X86)\KEIL\C51\LIB\C51L.LIB (?C?PLDIXDATA)
  D:\PROGRAM FILES (X86)\KEIL\C51\LIB\C51L.LIB (?C?PSTXDATA)
  D:\PROGRAM FILES (X86)\KEIL\C51\LIB\C51L.LIB (?C?PLDPDATA)
  D:\PROGRAM FILES (X86)\KEIL\C51\LIB\C51L.LIB (?C?PSTPDATA)
  D:\PROGRAM FILES (X86)\KEIL\C51\LIB\C51L.LIB (?C?PLDCODE)
  D:\PROGRAM FILES (X86)\KEIL\C51\LIB\C51L.LIB (?C?CCASE)


LINK MAP OF MODULE:  .\list\dtu (MAIN)


            TYPE    BASE      LENGTH    RELOCATION   SEGMENT NAME
            -----------------------------------------------------

            * * * * * * *   D A T A   M E M O R Y   * * * * * * *
            REG     0000H     0008H     ABSOLUTE     "REG BANK 0"
            DATA    0008H     0005H     UNIT         ?DT?PRINTF?PRINTF
            DATA    000DH     0002H     UNIT         ?DT?SYS_CLOCK
                    000FH     0001H                  *** GAP ***
            REG     0010H     0008H     ABSOLUTE     "REG BANK 2"
            REG     0018H     0008H     ABSOLUTE     "REG BANK 3"
            BIT     0020H.0   0001H.1   UNIT         ?BI?PRINTF?PRINTF
                    0021H.1   0000H.7                *** GAP ***
            IDATA   0022H     0001H     UNIT         ?STACK

            * * * * * * *  X D A T A   M E M O R Y  * * * * * * *
            XDATA   0000H     0216H     UNIT         ?XD?USART1
            XDATA   0216H     00B9H     UNIT         ?XD?AES
            XDATA   02CFH     0043H     UNIT         ?XD?GPRS
            XDATA   0312H     0031H     UNIT         ?XD?FUNCTION
            XDATA   0343H     0028H     UNIT         ?XD?PRINTF?PRINTF
            XDATA   036BH     0013H     UNIT         ?XD?_APP_ENCRYPT_CBC?AES128APP
            XDATA   037EH     0013H     UNIT         ?XD?_AES128_CBC_ENCRYPT_BUFFER?AES
            XDATA   0391H     0013H     UNIT         ?XD?_AES128_CBC_DECRYPT_BUFFER?AES
            XDATA   03A4H     0012H     UNIT         ?XD?_APP_DECRYPT_CBC?AES128APP
            XDATA   03B6H     0010H     UNIT         ?XD?KEYEXPANSION?AES
            XDATA   03C6H     0010H     UNIT         ?XD?_CRC16_2?CRC16
            XDATA   03D6H     000FH     UNIT         ?XD?_GPRS_CMD?GPRS
            XDATA   03E5H     000DH     UNIT         ?XD?UART_CONFIG?MAIN
            XDATA   03F2H     000DH     UNIT         ?XD?_USRT1_CONFIG?MAIN
            XDATA   03FFH     000CH     UNIT         ?XD?_STRPBRK?MYSTRING
            XDATA   040BH     000CH     UNIT         ?XD?_STRSEP?MYSTRING
            XDATA   0417H     000CH     UNIT         ?XD?_STRTRIM_FAST?MYSTRING
            XDATA   0423H     000CH     UNIT         ?XD?_STRSTR?STRSTR
            XDATA   042FH     000BH     UNIT         ?XD?_CRC16?CRC16
            XDATA   043AH     000AH     UNIT         ?XD?_TRIM?MYSTRING
            XDATA   0444H     000AH     UNIT         ?XD?_STRNCPY?STRNCPY
            XDATA   044EH     0009H     UNIT         ?XD?_AES128_ECB_ENCRYPT?AES
            XDATA   0457H     0009H     UNIT         ?XD?_AES128_ECB_DECRYPT?AES
            XDATA   0460H     0009H     UNIT         ?XD?_STRTRIM?MYSTRING
            XDATA   0469H     0009H     UNIT         ?XD?_USART_CONFIGURATION?USART1
            XDATA   0472H     0009H     UNIT         ?XD?_STRCAT?STRCAT
            XDATA   047BH     0008H     UNIT         ?XD?SYS_CLOCK_INIT?SYS_CLOCK
            XDATA   0483H     0007H     UNIT         ?XD?_INIT_GPRS?GPRS
            XDATA   048AH     0007H     UNIT         ?XD?_EEPROM_READ_N?EEPROM
            XDATA   0491H     0007H     UNIT         ?XD?_EEPROM_WRITE_N?EEPROM
BL51 BANKED LINKER/LOCATER V6.22                                                      02/28/2019  14:36:11  PAGE 3


            XDATA   0498H     0007H     UNIT         _XDATA_GROUP_
            XDATA   049FH     0006H     UNIT         ?XD?ADC_CONFIG?MAIN
            XDATA   04A5H     0006H     UNIT         ?XD?INVMIXCOLUMNS?AES
            XDATA   04ABH     0006H     UNIT         ?XD?_BLOCKCOPY?AES
            XDATA   04B1H     0004H     UNIT         ?XD?_PHEX?AES128APP
            XDATA   04B5H     0004H     UNIT         ?XD?MIXCOLUMNS?AES
            XDATA   04B9H     0004H     UNIT         ?XD?_DELAY_MS?DELAY
            XDATA   04BDH     0003H     UNIT         ?XD?_ADDROUNDKEY?AES
            XDATA   04C0H     0003H     UNIT         ?XD?_XORWITHIV?AES
            XDATA   04C3H     0003H     UNIT         ?XD?_SEND_STRING?GPRS
            XDATA   04C6H     0003H     UNIT         ?XD?_AT_SEND?GPRS
            XDATA   04C9H     0003H     UNIT         ?XD?_PRINTF1?USART1
            XDATA   04CCH     0003H     UNIT         ?XD?_PRINTF2?USART1
            XDATA   04CFH     0002H     UNIT         ?XD?GPIO_CONFIG?MAIN
            XDATA   04D1H     0002H     UNIT         ?XD?SUBBYTES?AES
            XDATA   04D3H     0002H     UNIT         ?XD?INVSUBBYTES?AES
            XDATA   04D5H     0001H     UNIT         ?XD?CIPHER?AES
            XDATA   04D6H     0001H     UNIT         ?XD?INVCIPHER?AES

            * * * * * * *   C O D E   M E M O R Y   * * * * * * *
            CODE    0000H     0003H     ABSOLUTE     
            CODE    0003H     0007H     UNIT         ?CO?AES128APP
            CODE    000AH     0001H     UNIT         ?PR?INIT_CONFIG?FUNCTION
            CODE    000BH     0003H     ABSOLUTE     
            CODE    000EH     000DH     UNIT         ?PR?TIMER0_INT?STC_TIMER
            CODE    001BH     0003H     ABSOLUTE     
            CODE    001EH     0004H     UNIT         ?PR?ADC_INT?ADC
            CODE    0022H     0001H     UNIT         ?PR?TIMER1_INT?STC_TIMER
            CODE    0023H     0003H     ABSOLUTE     
            CODE    0026H     0001H     UNIT         ?PR?TIMER2_INT?STC_TIMER
                    0027H     0004H                  *** GAP ***
            CODE    002BH     0003H     ABSOLUTE     
            CODE    002EH     0015H     UNIT         ?PR?_STRLEN?STRLEN
            CODE    0043H     0003H     ABSOLUTE     
            CODE    0046H     0013H     UNIT         ?PR?_PRINTSTRING1?USART1
            CODE    0059H     0009H     UNIT         ?PR?GET_SYS_TICKS?SYS_CLOCK
                    0062H     0001H                  *** GAP ***
            CODE    0063H     0003H     ABSOLUTE     
            CODE    0066H     08D6H     UNIT         ?PR?_INIT_GPRS?GPRS
            CODE    093CH     046DH     UNIT         ?C?LIB_CODE
            CODE    0DA9H     03BBH     UNIT         ?PR?KEYEXPANSION?AES
            CODE    1164H     037BH     UNIT         ?PR?_USART_CONFIGURATION?USART1
            CODE    14DFH     0365H     UNIT         ?PR?PRINTF?PRINTF
            CODE    1844H     02FFH     UNIT         ?CO?AES
            CODE    1B43H     02E6H     UNIT         ?CO?GPRS
            CODE    1E29H     0200H     UNIT         ?CO?CRC16
            CODE    2029H     01FAH     UNIT         ?PR?INVMIXCOLUMNS?AES
            CODE    2223H     01F9H     UNIT         ?PR?MIXCOLUMNS?AES
            CODE    241CH     01C4H     UNIT         ?PR?_GPIO_INILIZE?GPIO
            CODE    25E0H     019BH     UNIT         ?PR?_TIMER_INILIZE?STC_TIMER
            CODE    277BH     015DH     UNIT         ?PR?_AES128_CBC_DECRYPT_BUFFER?AES
            CODE    28D8H     012DH     UNIT         ?PR?_APP_ENCRYPT_CBC?AES128APP
            CODE    2A05H     012AH     UNIT         ?PR?_AES128_CBC_ENCRYPT_BUFFER?AES
            CODE    2B2FH     0100H     UNIT         ?PR?_TRIM?MYSTRING
            CODE    2C2FH     00DAH     UNIT         ?PR?_STRTRIM_FAST?MYSTRING
            CODE    2D09H     00D9H     UNIT         ?PR?_APP_DECRYPT_CBC?AES128APP
            CODE    2DE2H     00CCH     UNIT         ?PR?_GPRS_CMD?GPRS
BL51 BANKED LINKER/LOCATER V6.22                                                      02/28/2019  14:36:11  PAGE 4


            CODE    2EAEH     00CAH     UNIT         ?PR?_CRC16_2?CRC16
            CODE    2F78H     00BFH     UNIT         ?PR?_STRSTR?STRSTR
            CODE    3037H     00B6H     UNIT         ?PR?_STRTRIM?MYSTRING
            CODE    30EDH     00A3H     UNIT         ?PR?SHIFTROWS?AES
            CODE    3190H     00A3H     UNIT         ?PR?INVSHIFTROWS?AES
            CODE    3233H     009BH     UNIT         ?C_INITSEG
            CODE    32CEH     0093H     UNIT         ?PR?_STRSEP?MYSTRING
            CODE    3361H     008CH     UNIT         ?C_C51STARTUP
            CODE    33EDH     0089H     UNIT         ?PR?UART1_INT?USART1
            CODE    3476H     007BH     UNIT         ?PR?SUBBYTES?AES
            CODE    34F1H     007BH     UNIT         ?PR?INVSUBBYTES?AES
            CODE    356CH     0075H     UNIT         ?PR?_CRC16?CRC16
            CODE    35E1H     0072H     UNIT         ?PR?_STRPBRK?MYSTRING
            CODE    3653H     006DH     UNIT         ?PR?_ADDROUNDKEY?AES
            CODE    36C0H     006BH     UNIT         ?PR?_STRCAT?STRCAT
            CODE    372BH     0068H     UNIT         ?PR?_STRNCPY?STRNCPY
            CODE    3793H     005EH     UNIT         ?PR?UART2_INT?USART1
            CODE    37F1H     005EH     UNIT         ?PR?_GET_ADC10BITRESULT?ADC
            CODE    384FH     005BH     UNIT         ?PR?_BLOCKCOPY?AES
            CODE    38AAH     005AH     UNIT         ?PR?UART_CONFIG?MAIN
            CODE    3904H     0053H     UNIT         ?PR?_ADC_INILIZE?ADC
            CODE    3957H     0051H     UNIT         ?PR?_XORWITHIV?AES
            CODE    39A8H     004DH     UNIT         ?PR?INVCIPHER?AES
            CODE    39F5H     004CH     UNIT         ?PR?CIPHER?AES
            CODE    3A41H     0049H     UNIT         ?PR?_PHEX?AES128APP
            CODE    3A8AH     0044H     UNIT         ?PR?_AES128_ECB_ENCRYPT?AES
            CODE    3ACEH     0044H     UNIT         ?PR?_AES128_ECB_DECRYPT?AES
            CODE    3B12H     003FH     UNIT         ?PR?_EEPROM_READ_N?EEPROM
            CODE    3B51H     003FH     UNIT         ?PR?_EEPROM_WRITE_N?EEPROM
            CODE    3B90H     003EH     UNIT         ?PR?_DELAY_MS?DELAY
            CODE    3BCEH     003DH     UNIT         ?PR?_AT_SEND?GPRS
            CODE    3C0BH     0033H     UNIT         ?PR?_XTIME?AES
            CODE    3C3EH     0033H     UNIT         ?PR?_SEND_STRING?GPRS
            CODE    3C71H     0032H     UNIT         ?PR?UART1_CHECK_TIMEOUT?FUNCTION
            CODE    3CA3H     0032H     UNIT         ?PR?UART2_CHECK_TIMEOUT?FUNCTION
            CODE    3CD5H     002DH     UNIT         ?PR?_PRINTF1?USART1
            CODE    3D02H     002DH     UNIT         ?PR?_PRINTF2?USART1
            CODE    3D2FH     002CH     UNIT         ?PR?_USRT1_CONFIG?MAIN
            CODE    3D5BH     002BH     UNIT         ?PR?GPIO_CONFIG?MAIN
            CODE    3D86H     0023H     UNIT         ?PR?ADC_CONFIG?MAIN
            CODE    3DA9H     0023H     UNIT         ?PR?_UART1_SET_TIMEOUT?FUNCTION
            CODE    3DCCH     0023H     UNIT         ?PR?_UART2_SET_TIMEOUT?FUNCTION
            CODE    3DEFH     0023H     UNIT         ?PR?SYS_CLOCK_INIT?SYS_CLOCK
            CODE    3E12H     0020H     UNIT         ?PR?_EEPROM_SECTORERASE?EEPROM
            CODE    3E32H     0013H     UNIT         ?PR?_PRINTSTRING2?USART1
            CODE    3E45H     0012H     UNIT         ?PR?MAIN?MAIN
            CODE    3E57H     0010H     UNIT         ?PR?_PUTCHAR?MAIN
            CODE    3E67H     000FH     UNIT         ?PR?DELAY1000MS?DELAY
            CODE    3E76H     000FH     UNIT         ?PR?_TX1_WRITE2BUFF?USART1
            CODE    3E85H     000FH     UNIT         ?PR?_TX2_WRITE2BUFF?USART1
            CODE    3E94H     000EH     UNIT         ?PR?DISABLEEEPROM?EEPROM
            CODE    3EA2H     000CH     UNIT         ?PR?INIT?MAIN
            CODE    3EAEH     000CH     UNIT         ?PR?_GETSBOXVALUE?AES
            CODE    3EBAH     000CH     UNIT         ?PR?_ADC_POWERCONTROL?ADC
            CODE    3EC6H     000BH     UNIT         ?PR?FUNCTION?FUNCTION
            CODE    3ED1H     0007H     UNIT         ?PR?_GETSBOXINVERT?AES

BL51 BANKED LINKER/LOCATER V6.22                                                      02/28/2019  14:36:11  PAGE 5




OVERLAY MAP OF MODULE:   .\list\dtu (MAIN)


SEGMENT                                      XDATA_GROUP
  +--> CALLED SEGMENT                      START    LENGTH
----------------------------------------------------------
?PR?UART1_INT?USART1                       0498H    0001H
  +--> ?PR?_UART1_SET_TIMEOUT?FUNCTION

?PR?_UART1_SET_TIMEOUT?FUNCTION            0499H    0002H
  +--> ?PR?GET_SYS_TICKS?SYS_CLOCK

*** NEW ROOT ***************************************************

?PR?UART2_INT?USART1                       -----    -----
  +--> ?PR?_UART2_SET_TIMEOUT?FUNCTION

?PR?_UART2_SET_TIMEOUT?FUNCTION            049BH    0002H
  +--> ?PR?GET_SYS_TICKS?SYS_CLOCK

*** NEW ROOT ***************************************************

?C_C51STARTUP                              -----    -----
  +--> ?PR?MAIN?MAIN
  +--> ?C_INITSEG

?PR?MAIN?MAIN                              049DH    0002H
  +--> ?PR?_GET_ADC10BITRESULT?ADC
  +--> ?PR?FUNCTION?FUNCTION

?PR?FUNCTION?FUNCTION                      -----    -----
  +--> ?PR?INIT_CONFIG?FUNCTION
  +--> ?PR?UART1_CHECK_TIMEOUT?FUNCTION
  +--> ?PR?UART2_CHECK_TIMEOUT?FUNCTION

?PR?UART1_CHECK_TIMEOUT?FUNCTION           -----    -----
  +--> ?PR?GET_SYS_TICKS?SYS_CLOCK

?PR?UART2_CHECK_TIMEOUT?FUNCTION           -----    -----
  +--> ?PR?GET_SYS_TICKS?SYS_CLOCK

?C_INITSEG                                 -----    -----
  +--> ?CO?GPRS



SYMBOL TABLE OF MODULE:  .\list\dtu (MAIN)

  VALUE           TYPE          NAME
  ----------------------------------

  -------         MODULE        MAIN
  C:0000H         SYMBOL        _ICE_DUMMY_
  D:0080H         PUBLIC        P0
  D:0090H         PUBLIC        P1
BL51 BANKED LINKER/LOCATER V6.22                                                      02/28/2019  14:36:11  PAGE 6


  D:00A0H         PUBLIC        P2
  D:00B0H         PUBLIC        P3
  D:00C0H         PUBLIC        P4
  D:00C8H         PUBLIC        P5
  B:00A8H.7       PUBLIC        EA
  C:3D5BH         PUBLIC        GPIO_config
  D:00A8H         PUBLIC        IE
  C:38AAH         PUBLIC        UART_config
  D:00B8H         PUBLIC        IP
  B:0098H.1       PUBLIC        TI
  C:3D86H         PUBLIC        ADC_config
  D:00D8H         PUBLIC        CCON
  C:3E45H         PUBLIC        main
  D:0099H         PUBLIC        SBUF
  D:0098H         PUBLIC        SCON
  D:0088H         PUBLIC        TCON
  C:3EA2H         PUBLIC        init
  D:00F0H         PUBLIC        B
  D:00E0H         PUBLIC        ACC
  C:3D2FH         PUBLIC        _USRT1_config
  D:00D0H         PUBLIC        PSW
  C:3E57H         PUBLIC        _putchar
  -------         PROC          GPIO_CONFIG
  -------         DO            
  X:04CFH         SYMBOL        GPIO_InitStructure
  -------         ENDDO         
  C:3D5BH         LINE#         15
  C:3D5BH         LINE#         16
  C:3D5BH         LINE#         18
  C:3D61H         LINE#         19
  C:3D66H         LINE#         20
  C:3D70H         LINE#         21
  C:3D7BH         LINE#         22
  -------         ENDPROC       GPIO_CONFIG
  -------         PROC          ADC_CONFIG
  -------         DO            
  X:049FH         SYMBOL        ADC_InitStructure
  -------         ENDDO         
  C:3D86H         LINE#         25
  C:3D86H         LINE#         26
  C:3D86H         LINE#         28
  C:3D8CH         LINE#         29
  C:3D90H         LINE#         30
  C:3D94H         LINE#         31
  C:3D97H         LINE#         32
  C:3D99H         LINE#         33
  C:3D9BH         LINE#         34
  C:3DA4H         LINE#         35
  -------         ENDPROC       ADC_CONFIG
  -------         PROC          UART_CONFIG
  -------         DO            
  X:03E5H         SYMBOL        COMx_InitStructure
  -------         ENDDO         
  C:38AAH         LINE#         38
  C:38AAH         LINE#         39
  C:38AAH         LINE#         41
  C:38B0H         LINE#         42
BL51 BANKED LINKER/LOCATER V6.22                                                      02/28/2019  14:36:11  PAGE 7


  C:38B4H         LINE#         43
  C:38BCH         LINE#         44
  C:38C2H         LINE#         45
  C:38C5H         LINE#         46
  C:38C8H         LINE#         47
  C:38CBH         LINE#         48
  C:38CDH         LINE#         49
  C:38CFH         LINE#         50
  C:38DAH         LINE#         52
  C:38E0H         LINE#         53
  C:38EAH         LINE#         54
  C:38F0H         LINE#         55
  C:38F4H         LINE#         56
  C:38F7H         LINE#         57
  C:38F9H         LINE#         58
  -------         ENDPROC       UART_CONFIG
  -------         PROC          _USRT1_CONFIG
  D:0004H         SYMBOL        buad
  -------         DO            
  X:03F2H         SYMBOL        COMx_InitStructure
  -------         ENDDO         
  C:3D2FH         LINE#         64
  C:3D2FH         LINE#         65
  C:3D2FH         LINE#         67
  C:3D35H         LINE#         68
  C:3D39H         LINE#         69
  C:3D3DH         LINE#         70
  C:3D43H         LINE#         71
  C:3D46H         LINE#         72
  C:3D49H         LINE#         73
  C:3D4CH         LINE#         74
  C:3D4EH         LINE#         75
  C:3D50H         LINE#         76
  -------         ENDPROC       _USRT1_CONFIG
  -------         PROC          INIT
  C:3EA2H         LINE#         79
  C:3EA2H         LINE#         80
  C:3EA2H         LINE#         81
  C:3EA5H         LINE#         82
  C:3EA8H         LINE#         83
  C:3EABH         LINE#         84
  C:3EADH         LINE#         93
  -------         ENDPROC       INIT
  -------         PROC          MAIN
  -------         DO            
  X:049DH         SYMBOL        j
  -------         ENDDO         
  C:3E45H         LINE#         95
  C:3E45H         LINE#         96
  C:3E45H         LINE#         97
  C:3E52H         LINE#         98
  C:3E52H         LINE#         99
  C:3E52H         LINE#         100
  C:3E55H         LINE#         101
  -------         ENDPROC       MAIN
  -------         PROC          _PUTCHAR
  D:0007H         SYMBOL        c
BL51 BANKED LINKER/LOCATER V6.22                                                      02/28/2019  14:36:11  PAGE 8


  C:3E57H         LINE#         105
  C:3E57H         LINE#         106
  C:3E57H         LINE#         107
  C:3E5BH         LINE#         108
  C:3E5BH         LINE#         109
  C:3E5EH         LINE#         110
  C:3E61H         LINE#         111
  C:3E61H         LINE#         112
  C:3E63H         LINE#         113
  C:3E66H         LINE#         115
  C:3E66H         LINE#         116
  -------         ENDPROC       _PUTCHAR
  -------         ENDMOD        MAIN

  -------         MODULE        FUNCTION
  C:0000H         SYMBOL        _ICE_DUMMY_
  C:3CA3H         PUBLIC        uart2_check_TimeOut
  D:0080H         PUBLIC        P0
  D:0090H         PUBLIC        P1
  D:00A0H         PUBLIC        P2
  D:00B0H         PUBLIC        P3
  D:00C0H         PUBLIC        P4
  D:00C8H         PUBLIC        P5
  D:00A8H         PUBLIC        IE
  C:000AH         PUBLIC        init_config
  D:00B8H         PUBLIC        IP
  D:00D8H         PUBLIC        CCON
  X:0312H         PUBLIC        timerout1
  X:0316H         PUBLIC        timerout2
  D:0098H         PUBLIC        SCON
  D:0088H         PUBLIC        TCON
  D:00F0H         PUBLIC        B
  D:00E0H         PUBLIC        ACC
  C:3DA9H         PUBLIC        _uart1_set_TimeOut
  C:3DCCH         PUBLIC        _uart2_set_TimeOut
  X:031AH         PUBLIC        aes128
  C:3EC6H         PUBLIC        function
  D:00D0H         PUBLIC        PSW
  C:3C71H         PUBLIC        uart1_check_TimeOut
  -------         PROC          INIT_CONFIG
  C:000AH         LINE#         33
  C:000AH         LINE#         34
  C:000AH         LINE#         36
  -------         ENDPROC       INIT_CONFIG
  -------         PROC          FUNCTION
  C:3EC6H         LINE#         37
  C:3EC6H         LINE#         38
  C:3EC6H         LINE#         40
  C:3EC9H         LINE#         41
  C:3EC9H         LINE#         42
  C:3EC9H         LINE#         43
  C:3ECCH         LINE#         44
  C:3ECFH         LINE#         45
  -------         ENDPROC       FUNCTION
  -------         PROC          _UART1_SET_TIMEOUT
  X:0499H         SYMBOL        ms
  C:3DA9H         LINE#         53
BL51 BANKED LINKER/LOCATER V6.22                                                      02/28/2019  14:36:11  PAGE 9


  C:3DB1H         LINE#         54
  C:3DB1H         LINE#         56
  C:3DBCH         LINE#         57
  C:3DCBH         LINE#         58
  -------         ENDPROC       _UART1_SET_TIMEOUT
  -------         PROC          _UART2_SET_TIMEOUT
  X:049BH         SYMBOL        ms
  C:3DCCH         LINE#         60
  C:3DD4H         LINE#         61
  C:3DD4H         LINE#         63
  C:3DDFH         LINE#         64
  C:3DEEH         LINE#         65
  -------         ENDPROC       _UART2_SET_TIMEOUT
  -------         PROC          UART1_CHECK_TIMEOUT
  -------         DO            
  D:0006H         SYMBOL        count1
  -------         ENDDO         
  C:3C71H         LINE#         71
  C:3C71H         LINE#         72
  C:3C71H         LINE#         74
  C:3C7AH         LINE#         75
  C:3C7AH         LINE#         76
  C:3C7DH         LINE#         77
  C:3C99H         LINE#         78
  C:3C99H         LINE#         80
  C:3C9EH         LINE#         81
  C:3CA2H         LINE#         82
  C:3CA2H         LINE#         83
  C:3CA2H         LINE#         84
  -------         ENDPROC       UART1_CHECK_TIMEOUT
  -------         PROC          UART2_CHECK_TIMEOUT
  -------         DO            
  D:0006H         SYMBOL        count2
  -------         ENDDO         
  C:3CA3H         LINE#         86
  C:3CA3H         LINE#         87
  C:3CA3H         LINE#         90
  C:3CACH         LINE#         91
  C:3CACH         LINE#         92
  C:3CAFH         LINE#         93
  C:3CCBH         LINE#         94
  C:3CCBH         LINE#         96
  C:3CD0H         LINE#         97
  C:3CD4H         LINE#         98
  C:3CD4H         LINE#         99
  C:3CD4H         LINE#         100
  -------         ENDPROC       UART2_CHECK_TIMEOUT
  -------         ENDMOD        FUNCTION

  -------         MODULE        AES128APP
  C:0000H         SYMBOL        _ICE_DUMMY_
  D:0080H         PUBLIC        P0
  D:0090H         PUBLIC        P1
  D:00A0H         PUBLIC        P2
  D:00B0H         PUBLIC        P3
  D:00C0H         PUBLIC        P4
  D:00C8H         PUBLIC        P5
BL51 BANKED LINKER/LOCATER V6.22                                                      02/28/2019  14:36:11  PAGE 10


  D:00A8H         PUBLIC        IE
  D:00B8H         PUBLIC        IP
  D:00D8H         PUBLIC        CCON
  C:2D09H         PUBLIC        _app_decrypt_cbc
  D:0098H         PUBLIC        SCON
  D:0088H         PUBLIC        TCON
  C:3A41H         PUBLIC        _phex
  C:28D8H         PUBLIC        _app_encrypt_cbc
  D:00F0H         PUBLIC        B
  D:00E0H         PUBLIC        ACC
  D:00D0H         PUBLIC        PSW
  -------         PROC          _PHEX
  X:04B1H         SYMBOL        str
  -------         DO            
  X:04B4H         SYMBOL        i
  -------         ENDDO         
  C:3A41H         LINE#         21
  C:3A4CH         LINE#         22
  C:3A4CH         LINE#         24
  C:3A59H         LINE#         25
  C:3A81H         LINE#         26
  -------         ENDPROC       _PHEX
  -------         PROC          _APP_DECRYPT_CBC
  X:03A4H         SYMBOL        key
  X:03A7H         SYMBOL        iv
  X:03AAH         SYMBOL        in
  X:03ADH         SYMBOL        out
  -------         DO            
  X:03B0H         SYMBOL        len
  D:0004H         SYMBOL        cnt
  X:03B2H         SYMBOL        Sa
  X:03B4H         SYMBOL        Re
  -------         ENDDO         
  C:2D09H         LINE#         33
  C:2D14H         LINE#         34
  C:2D14H         LINE#         38
  C:2D1DH         LINE#         39
  C:2D34H         LINE#         40
  C:2D3DH         LINE#         41
  C:2D64H         LINE#         42
  C:2D84H         LINE#         43
  C:2DD9H         LINE#         44
  C:2DE1H         LINE#         45
  -------         ENDPROC       _APP_DECRYPT_CBC
  -------         PROC          _APP_ENCRYPT_CBC
  X:036BH         SYMBOL        key
  X:036EH         SYMBOL        iv
  X:0371H         SYMBOL        in
  X:0374H         SYMBOL        len
  X:0375H         SYMBOL        out
  -------         DO            
  X:0378H         SYMBOL        cnt
  X:037AH         SYMBOL        Sa
  X:037CH         SYMBOL        Re
  -------         ENDDO         
  C:28D8H         LINE#         51
  C:28E3H         LINE#         52
BL51 BANKED LINKER/LOCATER V6.22                                                      02/28/2019  14:36:11  PAGE 11


  C:28E3H         LINE#         56
  C:28F4H         LINE#         57
  C:2900H         LINE#         58
  C:2902H         LINE#         59
  C:2902H         LINE#         60
  C:2936H         LINE#         61
  C:295EH         LINE#         62
  C:295EH         LINE#         64
  C:29D0H         LINE#         66
  C:29E8H         LINE#         67
  C:2A04H         LINE#         68
  -------         ENDPROC       _APP_ENCRYPT_CBC
  -------         ENDMOD        AES128APP

  -------         MODULE        AES
  C:0000H         SYMBOL        _ICE_DUMMY_
  C:3ACEH         PUBLIC        _AES128_ECB_decrypt
  C:386FH         PUBLIC        _BlockCopy
  C:3A8AH         PUBLIC        _AES128_ECB_encrypt
  C:39BDH         PUBLIC        InvCipher
  C:1A44H         PUBLIC        Rcon
  C:2223H         PUBLIC        MixColumns
  C:395FH         SYMBOL        _XorWithIv
  X:0216H         SYMBOL        state
  C:3C2CH         PUBLIC        _xtime
  X:0219H         SYMBOL        Key
  C:30EDH         PUBLIC        ShiftRows
  C:1944H         PUBLIC        rsbox
  C:3476H         PUBLIC        SubBytes
  X:021CH         SYMBOL        RoundKey
  C:3ED1H         SYMBOL        _getSBoxInvert
  C:1844H         PUBLIC        sbox
  X:02CCH         SYMBOL        Iv
  C:3653H         PUBLIC        _AddRoundKey
  C:3EB3H         PUBLIC        _getSBoxValue
  C:2029H         PUBLIC        InvMixColumns
  C:3A0AH         SYMBOL        Cipher
  C:3190H         PUBLIC        InvShiftRows
  C:277BH         PUBLIC        _AES128_CBC_decrypt_buffer
  C:34F1H         PUBLIC        InvSubBytes
  C:0DBBH         SYMBOL        KeyExpansion
  C:2A05H         PUBLIC        _AES128_CBC_encrypt_buffer
  C:3EAEH         SYMBOL        L?0100
  -------         PROC          L?0099
  -------         ENDPROC       L?0099
  C:3EAEH         SYMBOL        L?0100
  -------         PROC          _GETSBOXVALUE
  D:0007H         SYMBOL        num
  C:3EB3H         LINE#         149
  C:3EB3H         LINE#         150
  C:3EB3H         LINE#         151
  C:3EB9H         LINE#         152
  -------         ENDPROC       _GETSBOXVALUE
  -------         PROC          _GETSBOXINVERT
  D:0007H         SYMBOL        num
  C:3ED1H         LINE#         154
  C:3ED1H         LINE#         155
BL51 BANKED LINKER/LOCATER V6.22                                                      02/28/2019  14:36:11  PAGE 12


  C:3ED1H         LINE#         156
  C:3ED7H         LINE#         157
  -------         ENDPROC       _GETSBOXINVERT
  C:0DB1H         SYMBOL        L?0095
  C:0DB4H         SYMBOL        L?0096
  -------         PROC          L?0094
  -------         ENDPROC       L?0094
  C:0DB1H         SYMBOL        L?0095
  C:0DB4H         SYMBOL        L?0096
  -------         PROC          KEYEXPANSION
  -------         DO            
  X:03B6H         SYMBOL        i
  X:03BAH         SYMBOL        j
  X:03BEH         SYMBOL        k
  X:03C2H         SYMBOL        tempa
  -------         ENDDO         
  C:0DBBH         LINE#         160
  C:0DBBH         LINE#         161
  C:0DBBH         LINE#         166
  C:0DE2H         LINE#         167
  C:0DE2H         LINE#         168
  C:0E24H         LINE#         169
  C:0E5BH         LINE#         170
  C:0EA9H         LINE#         171
  C:0EE0H         LINE#         172
  C:0F02H         LINE#         175
  C:0F1FH         LINE#         176
  C:0F1FH         LINE#         177
  C:0F43H         LINE#         178
  C:0F43H         LINE#         179
  C:0F7CH         LINE#         180
  C:0F9DH         LINE#         181
  C:0FB8H         LINE#         182
  C:0FB8H         LINE#         187
  C:0FB8H         LINE#         188
  C:0FC7H         LINE#         189
  C:0FCFH         LINE#         190
  C:0FD7H         LINE#         191
  C:0FDFH         LINE#         192
  C:0FEAH         LINE#         193
  C:0FEAH         LINE#         199
  C:0FEAH         LINE#         200
  C:0FF5H         LINE#         201
  C:0FFBH         LINE#         202
  C:1001H         LINE#         203
  C:1009H         LINE#         204
  C:1009H         LINE#         206
  C:1039H         LINE#         207
  C:1039H         LINE#         208
  C:1039H         LINE#         209
  C:1039H         LINE#         211
  C:1039H         LINE#         212
  C:1039H         LINE#         213
  C:1039H         LINE#         214
  C:1039H         LINE#         215
  C:1039H         LINE#         216
  C:1039H         LINE#         217
BL51 BANKED LINKER/LOCATER V6.22                                                      02/28/2019  14:36:11  PAGE 13


  C:1039H         LINE#         218
  C:107BH         LINE#         219
  C:10BDH         LINE#         220
  C:10FFH         LINE#         221
  C:1141H         LINE#         222
  C:1163H         LINE#         223
  -------         ENDPROC       KEYEXPANSION
  -------         PROC          _ADDROUNDKEY
  X:04BDH         SYMBOL        round
  -------         DO            
  X:04BEH         SYMBOL        i
  X:04BFH         SYMBOL        j
  -------         ENDDO         
  C:3653H         LINE#         227
  C:3658H         LINE#         228
  C:3658H         LINE#         230
  C:365BH         LINE#         231
  C:365BH         LINE#         232
  C:3660H         LINE#         233
  C:3660H         LINE#         234
  C:36ABH         LINE#         235
  C:36B5H         LINE#         236
  C:36BFH         LINE#         237
  -------         ENDPROC       _ADDROUNDKEY
  -------         PROC          SUBBYTES
  -------         DO            
  X:04D1H         SYMBOL        i
  X:04D2H         SYMBOL        j
  -------         ENDDO         
  C:3476H         LINE#         241
  C:3476H         LINE#         242
  C:3476H         LINE#         244
  C:347BH         LINE#         245
  C:347BH         LINE#         246
  C:348AH         LINE#         247
  C:348AH         LINE#         248
  C:34DCH         LINE#         249
  C:34E4H         LINE#         250
  C:34F0H         LINE#         251
  -------         ENDPROC       SUBBYTES
  -------         PROC          SHIFTROWS
  -------         DO            
  D:0007H         SYMBOL        temp
  -------         ENDDO         
  C:30EDH         LINE#         256
  C:30EDH         LINE#         257
  C:30EDH         LINE#         261
  C:30FFH         LINE#         262
  C:310BH         LINE#         263
  C:3117H         LINE#         264
  C:3123H         LINE#         265
  C:312AH         LINE#         268
  C:3131H         LINE#         269
  C:313DH         LINE#         270
  C:3144H         LINE#         272
  C:314BH         LINE#         273
  C:3157H         LINE#         274
BL51 BANKED LINKER/LOCATER V6.22                                                      02/28/2019  14:36:11  PAGE 14


  C:315EH         LINE#         277
  C:3165H         LINE#         278
  C:3171H         LINE#         279
  C:317DH         LINE#         280
  C:3189H         LINE#         281
  -------         ENDPROC       SHIFTROWS
  C:3C1BH         SYMBOL        L?0087
  C:3C20H         SYMBOL        L?0088
  C:3C21H         SYMBOL        L?0089
  C:3C23H         SYMBOL        L?0090
  C:3C24H         SYMBOL        L?0091
  -------         PROC          L?0086
  -------         ENDPROC       L?0086
  C:3C1BH         SYMBOL        L?0087
  C:3C20H         SYMBOL        L?0088
  C:3C21H         SYMBOL        L?0089
  C:3C23H         SYMBOL        L?0090
  C:3C24H         SYMBOL        L?0091
  -------         PROC          _XTIME
  D:0007H         SYMBOL        x
  C:3C2CH         LINE#         284
  C:3C2CH         LINE#         285
  C:3C2CH         LINE#         286
  C:3C3DH         LINE#         287
  -------         ENDPROC       _XTIME
  -------         PROC          MIXCOLUMNS
  -------         DO            
  X:04B5H         SYMBOL        i
  X:04B6H         SYMBOL        Tmp
  X:04B7H         SYMBOL        Tm
  X:04B8H         SYMBOL        t
  -------         ENDDO         
  C:2223H         LINE#         290
  C:2223H         LINE#         291
  C:2223H         LINE#         294
  C:2228H         LINE#         295
  C:2228H         LINE#         296
  C:2248H         LINE#         297
  C:2298H         LINE#         298
  C:22EEH         LINE#         299
  C:234CH         LINE#         300
  C:23ADH         LINE#         301
  C:240CH         LINE#         302
  C:241BH         LINE#         303
  -------         ENDPROC       MIXCOLUMNS
  -------         PROC          INVMIXCOLUMNS
  -------         DO            
  X:04A5H         SYMBOL        i
  X:04A7H         SYMBOL        a
  X:04A8H         SYMBOL        b
  X:04A9H         SYMBOL        c
  X:04AAH         SYMBOL        d
  -------         ENDDO         
  C:2029H         LINE#         328
  C:2029H         LINE#         329
  C:2029H         LINE#         332
  C:2045H         LINE#         333
BL51 BANKED LINKER/LOCATER V6.22                                                      02/28/2019  14:36:11  PAGE 15


  C:2045H         LINE#         334
  C:2066H         LINE#         335
  C:2076H         LINE#         336
  C:2080H         LINE#         337
  C:208AH         LINE#         339
  C:20D9H         LINE#         340
  C:2137H         LINE#         341
  C:219DH         LINE#         342
  C:220EH         LINE#         343
  C:2222H         LINE#         344
  -------         ENDPROC       INVMIXCOLUMNS
  -------         PROC          INVSUBBYTES
  -------         DO            
  X:04D3H         SYMBOL        i
  X:04D4H         SYMBOL        j
  -------         ENDDO         
  C:34F1H         LINE#         349
  C:34F1H         LINE#         350
  C:34F1H         LINE#         352
  C:34F6H         LINE#         353
  C:34F6H         LINE#         354
  C:3505H         LINE#         355
  C:3505H         LINE#         356
  C:3557H         LINE#         357
  C:355FH         LINE#         358
  C:356BH         LINE#         359
  -------         ENDPROC       INVSUBBYTES
  -------         PROC          INVSHIFTROWS
  -------         DO            
  D:0007H         SYMBOL        temp
  -------         ENDDO         
  C:3190H         LINE#         361
  C:3190H         LINE#         362
  C:3190H         LINE#         366
  C:31A2H         LINE#         367
  C:31AEH         LINE#         368
  C:31BAH         LINE#         369
  C:31C6H         LINE#         370
  C:31CDH         LINE#         373
  C:31D4H         LINE#         374
  C:31E0H         LINE#         375
  C:31E7H         LINE#         377
  C:31EEH         LINE#         378
  C:31FAH         LINE#         379
  C:3201H         LINE#         382
  C:3208H         LINE#         383
  C:3214H         LINE#         384
  C:3220H         LINE#         385
  C:322CH         LINE#         386
  -------         ENDPROC       INVSHIFTROWS
  -------         PROC          L?0097
  -------         ENDPROC       L?0097
  -------         PROC          CIPHER
  -------         DO            
  X:04D5H         SYMBOL        round
  -------         ENDDO         
  C:3A0AH         LINE#         391
BL51 BANKED LINKER/LOCATER V6.22                                                      02/28/2019  14:36:11  PAGE 16


  C:3A0AH         LINE#         392
  C:3A0AH         LINE#         393
  C:3A0FH         LINE#         396
  C:3A13H         LINE#         401
  C:3A19H         LINE#         402
  C:3A19H         LINE#         403
  C:3A1CH         LINE#         404
  C:3A1FH         LINE#         405
  C:3A22H         LINE#         406
  C:3A2AH         LINE#         407
  C:3A36H         LINE#         411
  C:3A39H         LINE#         412
  C:3A3CH         LINE#         413
  -------         ENDPROC       CIPHER
  -------         PROC          L?0098
  -------         ENDPROC       L?0098
  -------         PROC          INVCIPHER
  -------         DO            
  X:04D6H         SYMBOL        round
  -------         ENDDO         
  C:39BDH         LINE#         416
  C:39BDH         LINE#         417
  C:39BDH         LINE#         418
  C:39C2H         LINE#         421
  C:39C7H         LINE#         426
  C:39CDH         LINE#         427
  C:39CDH         LINE#         428
  C:39D0H         LINE#         429
  C:39D3H         LINE#         430
  C:39DBH         LINE#         431
  C:39DEH         LINE#         432
  C:39EAH         LINE#         436
  C:39EDH         LINE#         437
  C:39F0H         LINE#         438
  -------         ENDPROC       INVCIPHER
  C:3867H         SYMBOL        L?0093
  -------         PROC          L?0092
  -------         ENDPROC       L?0092
  C:3867H         SYMBOL        L?0093
  -------         PROC          _BLOCKCOPY
  X:04ABH         SYMBOL        output
  X:04AEH         SYMBOL        input
  -------         DO            
  D:0007H         SYMBOL        i
  -------         ENDDO         
  C:386FH         LINE#         441
  C:387AH         LINE#         442
  C:387AH         LINE#         444
  C:387CH         LINE#         445
  C:387CH         LINE#         446
  C:38A4H         LINE#         447
  C:38A9H         LINE#         448
  -------         ENDPROC       _BLOCKCOPY
  -------         PROC          _AES128_ECB_ENCRYPT
  X:044EH         SYMBOL        input
  X:0451H         SYMBOL        key
  X:0454H         SYMBOL        output
BL51 BANKED LINKER/LOCATER V6.22                                                      02/28/2019  14:36:11  PAGE 17


  C:3A8AH         LINE#         458
  C:3A95H         LINE#         459
  C:3A95H         LINE#         461
  C:3AB0H         LINE#         462
  C:3AC5H         LINE#         464
  C:3AC8H         LINE#         465
  C:3ACBH         LINE#         468
  -------         ENDPROC       _AES128_ECB_ENCRYPT
  -------         PROC          _AES128_ECB_DECRYPT
  X:0457H         SYMBOL        input
  X:045AH         SYMBOL        key
  X:045DH         SYMBOL        output
  C:3ACEH         LINE#         471
  C:3AD9H         LINE#         472
  C:3AD9H         LINE#         474
  C:3AF4H         LINE#         475
  C:3B09H         LINE#         478
  C:3B0CH         LINE#         479
  C:3B0FH         LINE#         481
  -------         ENDPROC       _AES128_ECB_DECRYPT
  -------         PROC          L?0101
  -------         ENDPROC       L?0101
  -------         PROC          _XORWITHIV
  X:04C0H         SYMBOL        buf
  -------         DO            
  D:0007H         SYMBOL        i
  -------         ENDDO         
  C:395FH         LINE#         494
  C:396AH         LINE#         495
  C:396AH         LINE#         497
  C:396CH         LINE#         498
  C:396CH         LINE#         499
  C:39A2H         LINE#         500
  C:39A7H         LINE#         501
  -------         ENDPROC       _XORWITHIV
  -------         PROC          _AES128_CBC_ENCRYPT_BUFFER
  X:037EH         SYMBOL        output
  X:0381H         SYMBOL        input
  X:0384H         SYMBOL        length
  X:0388H         SYMBOL        key
  X:038BH         SYMBOL        iv
  -------         DO            
  X:038EH         SYMBOL        i
  X:0390H         SYMBOL        remainders
  -------         ENDDO         
  C:2A05H         LINE#         503
  C:2A10H         LINE#         504
  C:2A10H         LINE#         506
  C:2A25H         LINE#         508
  C:2A45H         LINE#         509
  C:2A5AH         LINE#         512
  C:2A68H         LINE#         513
  C:2A68H         LINE#         514
  C:2A69H         LINE#         515
  C:2A6CH         LINE#         516
  C:2A6CH         LINE#         518
  C:2A7AH         LINE#         519
BL51 BANKED LINKER/LOCATER V6.22                                                      02/28/2019  14:36:11  PAGE 18


  C:2A7AH         LINE#         520
  C:2A85H         LINE#         521
  C:2A85H         LINE#         523
  C:2AABH         LINE#         524
  C:2AABH         LINE#         525
  C:2AB1H         LINE#         526
  C:2AB4H         LINE#         527
  C:2AB4H         LINE#         528
  C:2AB7H         LINE#         529
  C:2ACCH         LINE#         530
  C:2AD6H         LINE#         531
  C:2AE0H         LINE#         532
  C:2AF1H         LINE#         534
  C:2AF7H         LINE#         535
  C:2AF7H         LINE#         536
  C:2AFAH         LINE#         537
  C:2B2BH         LINE#         538
  C:2B2BH         LINE#         539
  C:2B2EH         LINE#         540
  C:2B2EH         LINE#         541
  -------         ENDPROC       _AES128_CBC_ENCRYPT_BUFFER
  -------         PROC          _AES128_CBC_DECRYPT_BUFFER
  X:0391H         SYMBOL        output
  X:0394H         SYMBOL        input
  X:0397H         SYMBOL        length
  X:039BH         SYMBOL        key
  X:039EH         SYMBOL        iv
  -------         DO            
  X:03A1H         SYMBOL        i
  X:03A3H         SYMBOL        remainders
  -------         ENDDO         
  C:277BH         LINE#         543
  C:2786H         LINE#         544
  C:2786H         LINE#         546
  C:279BH         LINE#         548
  C:27BBH         LINE#         549
  C:27D0H         LINE#         552
  C:27DEH         LINE#         553
  C:27DEH         LINE#         554
  C:27E2H         LINE#         555
  C:27E5H         LINE#         556
  C:27E5H         LINE#         559
  C:27F3H         LINE#         560
  C:27F3H         LINE#         561
  C:27FEH         LINE#         562
  C:27FEH         LINE#         564
  C:2824H         LINE#         565
  C:2824H         LINE#         566
  C:283FH         LINE#         567
  C:283FH         LINE#         568
  C:2842H         LINE#         569
  C:2848H         LINE#         570
  C:285DH         LINE#         571
  C:2867H         LINE#         572
  C:2871H         LINE#         573
  C:2882H         LINE#         575
  C:2888H         LINE#         576
BL51 BANKED LINKER/LOCATER V6.22                                                      02/28/2019  14:36:11  PAGE 19


  C:2888H         LINE#         577
  C:28A3H         LINE#         578
  C:28D4H         LINE#         579
  C:28D4H         LINE#         580
  C:28D7H         LINE#         581
  C:28D7H         LINE#         582
  -------         ENDPROC       _AES128_CBC_DECRYPT_BUFFER
  -------         ENDMOD        AES

  -------         MODULE        CRC16
  C:0000H         SYMBOL        _ICE_DUMMY_
  C:356CH         PUBLIC        _crc16
  C:1E29H         PUBLIC        auchCRCHi
  C:2EAEH         PUBLIC        _crc16_2
  C:1F29H         PUBLIC        auchCRCLo
  -------         PROC          _CRC16
  X:042FH         SYMBOL        puchMsg
  X:0432H         SYMBOL        usDataLen
  -------         DO            
  X:0434H         SYMBOL        uchCRCHi
  X:0435H         SYMBOL        uchCRCLo
  X:0436H         SYMBOL        uIndex
  -------         ENDDO         
  C:356CH         LINE#         80
  C:357DH         LINE#         81
  C:357DH         LINE#         82
  C:3581H         LINE#         83
  C:3583H         LINE#         85
  C:3591H         LINE#         86
  C:3591H         LINE#         87
  C:35B5H         LINE#         89
  C:35CBH         LINE#         90
  C:35D4H         LINE#         91
  C:35D6H         LINE#         92
  C:35E0H         LINE#         93
  -------         ENDPROC       _CRC16
  -------         PROC          _CRC16_2
  X:03C6H         SYMBOL        puchMsg1
  X:03C9H         SYMBOL        usDataLen1
  X:03CBH         SYMBOL        puchMsg2
  X:03CEH         SYMBOL        usDataLen2
  -------         DO            
  X:03D0H         SYMBOL        uchCRCHi
  X:03D1H         SYMBOL        uchCRCLo
  X:03D2H         SYMBOL        uIndex
  -------         ENDDO         
  C:2EAEH         LINE#         102
  C:2EBFH         LINE#         103
  C:2EBFH         LINE#         104
  C:2EC5H         LINE#         105
  C:2EC7H         LINE#         108
  C:2ED5H         LINE#         109
  C:2ED5H         LINE#         110
  C:2EF9H         LINE#         111
  C:2F0FH         LINE#         112
  C:2F18H         LINE#         113
  C:2F1AH         LINE#         114
BL51 BANKED LINKER/LOCATER V6.22                                                      02/28/2019  14:36:11  PAGE 20


  C:2F28H         LINE#         115
  C:2F28H         LINE#         116
  C:2F4CH         LINE#         117
  C:2F62H         LINE#         118
  C:2F6BH         LINE#         119
  C:2F6DH         LINE#         120
  C:2F77H         LINE#         121
  -------         ENDPROC       _CRC16_2
  -------         ENDMOD        CRC16

  -------         MODULE        SYS_CLOCK
  C:0000H         SYMBOL        _ICE_DUMMY_
  D:0080H         PUBLIC        P0
  D:0090H         PUBLIC        P1
  D:00A0H         PUBLIC        P2
  D:00B0H         PUBLIC        P3
  D:00C0H         PUBLIC        P4
  C:0059H         PUBLIC        get_sys_ticks
  D:00C8H         PUBLIC        P5
  D:00A8H         PUBLIC        IE
  D:00B8H         PUBLIC        IP
  D:00D8H         PUBLIC        CCON
  D:0098H         PUBLIC        SCON
  D:0088H         PUBLIC        TCON
  D:00F0H         PUBLIC        B
  D:00E0H         PUBLIC        ACC
  B:0088H.4       PUBLIC        TR0
  D:000DH         PUBLIC        sys_ticks
  C:3DEFH         PUBLIC        sys_clock_init
  D:00D0H         PUBLIC        PSW
  -------         PROC          SYS_CLOCK_INIT
  -------         DO            
  X:047BH         SYMBOL        TIM_InitStructure
  -------         ENDDO         
  C:3DEFH         LINE#         11
  C:3DEFH         LINE#         12
  C:3DEFH         LINE#         14
  C:3DF4H         LINE#         15
  C:3DF7H         LINE#         16
  C:3DF9H         LINE#         17
  C:3DFBH         LINE#         18
  C:3DFEH         LINE#         19
  C:3E05H         LINE#         20
  C:3E08H         LINE#         21
  -------         ENDPROC       SYS_CLOCK_INIT
  -------         PROC          GET_SYS_TICKS
  -------         DO            
  D:0004H         SYMBOL        ticks
  -------         ENDDO         
  C:0059H         LINE#         25
  C:0059H         LINE#         26
  C:0059H         LINE#         28
  C:005BH         LINE#         29
  C:005FH         LINE#         30
  C:0061H         LINE#         31
  C:0061H         LINE#         32
  -------         ENDPROC       GET_SYS_TICKS
BL51 BANKED LINKER/LOCATER V6.22                                                      02/28/2019  14:36:11  PAGE 21


  -------         ENDMOD        SYS_CLOCK

  -------         MODULE        GPRS
  C:0000H         SYMBOL        _ICE_DUMMY_
  D:0080H         PUBLIC        P0
  D:0090H         PUBLIC        P1
  C:3BCEH         PUBLIC        _AT_Send
  X:02CFH         PUBLIC        DNSserver
  D:00A0H         PUBLIC        P2
  X:02D1H         PUBLIC        CCSTT
  D:00B0H         PUBLIC        P3
  X:02D3H         PUBLIC        CIPMODE
  D:00C0H         PUBLIC        P4
  D:00C8H         PUBLIC        P5
  X:02D5H         PUBLIC        CIPSEND
  X:02D7H         PUBLIC        CIPMUX0
  X:02D9H         PUBLIC        CIPMUX1
  X:02DBH         PUBLIC        CDNSGIP
  D:00A8H         PUBLIC        IE
  X:02DDH         PUBLIC        UCSTT
  X:02DFH         PUBLIC        AT
  D:00B8H         PUBLIC        IP
  X:02E1H         PUBLIC        CLCK
  X:02E3H         PUBLIC        CIPSHUT
  D:00D8H         PUBLIC        CCON
  C:3C3EH         PUBLIC        _send_string
  X:02E5H         PUBLIC        CPIN
  X:02E7H         PUBLIC        CGSN
  X:02E9H         PUBLIC        CFUN
  D:0098H         PUBLIC        SCON
  D:0088H         PUBLIC        TCON
  X:02EBH         PUBLIC        COPS
  D:00F0H         PUBLIC        B
  X:02EDH         PUBLIC        CIPSTATUS
  X:02EFH         PUBLIC        CGAUTO
  X:02F1H         PUBLIC        gprs_status
  D:00E0H         PUBLIC        ACC
  X:02F2H         PUBLIC        s_config
  X:02F8H         PUBLIC        ICF
  X:02FAH         PUBLIC        CREG1
  X:02FCH         PUBLIC        CREG2
  C:2DE2H         PUBLIC        _gprs_cmd
  C:0066H         PUBLIC        _init_GPRS
  X:02FEH         PUBLIC        ATF
  X:0300H         PUBLIC        GMM
  X:0302H         PUBLIC        CSQ
  X:0304H         PUBLIC        CGREG
  X:0306H         PUBLIC        CIICR
  X:0308H         PUBLIC        IPR
  X:030AH         PUBLIC        ATW
  X:030CH         PUBLIC        CIPSTART
  X:030EH         PUBLIC        CGATT
  X:0310H         PUBLIC        CIFSR
  D:00D0H         PUBLIC        PSW
  -------         PROC          _SEND_STRING
  X:04C3H         SYMBOL        s
  C:3C3EH         LINE#         49
BL51 BANKED LINKER/LOCATER V6.22                                                      02/28/2019  14:36:11  PAGE 22


  C:3C49H         LINE#         50
  C:3C49H         LINE#         51
  C:3C59H         LINE#         52
  C:3C6EH         LINE#         53
  C:3C70H         LINE#         54
  -------         ENDPROC       _SEND_STRING
  -------         PROC          _AT_SEND
  X:04C6H         SYMBOL        ATX
  C:3BCEH         LINE#         56
  C:3BD9H         LINE#         57
  C:3BD9H         LINE#         58
  C:3BE8H         LINE#         59
  C:3BEDH         LINE#         60
  C:3BFBH         LINE#         61
  C:3C04H         LINE#         62
  -------         ENDPROC       _AT_SEND
  -------         PROC          _GPRS_CMD
  X:03D6H         SYMBOL        cmd
  X:03D9H         SYMBOL        input
  X:03DCH         SYMBOL        ck_str
  X:03DFH         SYMBOL        outtime_s
  -------         DO            
  X:03E0H         SYMBOL        tartt_time
  X:03E2H         SYMBOL        second_time
  X:03E4H         SYMBOL        res
  -------         ENDDO         
  C:2DE2H         LINE#         66
  C:2DEDH         LINE#         67
  C:2DEDH         LINE#         69
  C:2DF2H         LINE#         71
  C:2DF6H         LINE#         72
  C:2E01H         LINE#         73
  C:2E0FH         LINE#         74
  C:2E16H         LINE#         75
  C:2E1CH         LINE#         76
  C:2E44H         LINE#         77
  C:2E44H         LINE#         78
  C:2E4FH         LINE#         79
  C:2E5AH         LINE#         80
  C:2E7AH         LINE#         81
  C:2E9CH         LINE#         82
  C:2E9CH         LINE#         83
  C:2EA3H         LINE#         84
  C:2EA3H         LINE#         85
  C:2EA3H         LINE#         86
  C:2EA3H         LINE#         87
  C:2EA8H         LINE#         88
  C:2EADH         LINE#         89
  -------         ENDPROC       _GPRS_CMD
  -------         PROC          _INIT_GPRS
  X:0483H         SYMBOL        s
  -------         DO            
  X:0486H         SYMBOL        addr
  X:0489H         SYMBOL        res
  -------         ENDDO         
  C:0066H         LINE#         92
  C:0071H         LINE#         93
BL51 BANKED LINKER/LOCATER V6.22                                                      02/28/2019  14:36:11  PAGE 23


  C:0071H         LINE#         97
  C:007AH         LINE#         99
  C:00AAH         LINE#         100
  C:00DAH         LINE#         101
  C:010AH         LINE#         102
  C:013AH         LINE#         103
  C:016AH         LINE#         104
  C:019AH         LINE#         105
  C:01C9H         LINE#         109
  C:01FEH         LINE#         110
  C:0206H         LINE#         111
  C:022FH         LINE#         113
  C:0241H         LINE#         117
  C:0271H         LINE#         121
  C:02A6H         LINE#         122
  C:02AEH         LINE#         123
  C:02D7H         LINE#         125
  C:02E9H         LINE#         127
  C:031EH         LINE#         128
  C:0326H         LINE#         129
  C:034FH         LINE#         131
  C:0361H         LINE#         133
  C:0396H         LINE#         134
  C:039EH         LINE#         135
  C:03C7H         LINE#         137
  C:03D9H         LINE#         139
  C:040EH         LINE#         140
  C:0416H         LINE#         141
  C:043FH         LINE#         143
  C:0451H         LINE#         147
  C:0486H         LINE#         148
  C:048EH         LINE#         149
  C:04B7H         LINE#         151
  C:04C9H         LINE#         153
  C:04FEH         LINE#         154
  C:0506H         LINE#         155
  C:052FH         LINE#         157
  C:0541H         LINE#         162
  C:0576H         LINE#         163
  C:057EH         LINE#         164
  C:05A7H         LINE#         166
  C:05B9H         LINE#         170
  C:05EEH         LINE#         171
  C:05F6H         LINE#         172
  C:061FH         LINE#         174
  C:0631H         LINE#         176
  C:0666H         LINE#         177
  C:066EH         LINE#         178
  C:0697H         LINE#         180
  C:06A9H         LINE#         182
  C:06C5H         LINE#         183
  C:06C5H         LINE#         184
  C:06F5H         LINE#         185
  C:0702H         LINE#         186
  C:0704H         LINE#         187
  C:0720H         LINE#         188
  C:0750H         LINE#         189
BL51 BANKED LINKER/LOCATER V6.22                                                      02/28/2019  14:36:11  PAGE 24


  C:077FH         LINE#         190
  C:077FH         LINE#         196
  C:07B4H         LINE#         197
  C:07BCH         LINE#         198
  C:07E5H         LINE#         200
  C:07F7H         LINE#         202
  C:082CH         LINE#         204
  C:085BH         LINE#         208
  C:087FH         LINE#         209
  C:08A9H         LINE#         212
  C:08C7H         LINE#         213
  C:08F8H         LINE#         214
  C:0900H         LINE#         215
  C:0929H         LINE#         217
  C:093BH         LINE#         219
  -------         ENDPROC       _INIT_GPRS
  -------         ENDMOD        GPRS

  -------         MODULE        MYSTRING
  C:0000H         SYMBOL        _ICE_DUMMY_
  C:35E1H         PUBLIC        _strpbrk
  C:3037H         PUBLIC        _strtrim
  C:32CEH         PUBLIC        _strsep
  C:2C2FH         PUBLIC        _strtrim_fast
  C:2B2FH         PUBLIC        _trim
  -------         PROC          _STRPBRK
  D:0001H         SYMBOL        cs
  X:0402H         SYMBOL        ct
  -------         DO            
  X:0405H         SYMBOL        sc1
  X:0408H         SYMBOL        sc2
  -------         ENDDO         
  C:35E1H         LINE#         10
  C:35E1H         LINE#         11
  C:35E1H         LINE#         14
  C:35FCH         LINE#         15
  C:3622H         LINE#         16
  C:3633H         LINE#         17
  C:3634H         LINE#         18
  C:3640H         LINE#         19
  C:364CH         LINE#         20
  C:3652H         LINE#         21
  -------         ENDPROC       _STRPBRK
  -------         PROC          _STRSEP
  X:040BH         SYMBOL        s
  X:040EH         SYMBOL        ct
  -------         DO            
  X:0411H         SYMBOL        sbegin
  X:0414H         SYMBOL        end
  -------         ENDDO         
  C:32CEH         LINE#         35
  C:32D9H         LINE#         36
  C:32D9H         LINE#         37
  C:32E7H         LINE#         40
  C:32ECH         LINE#         41
  C:32F0H         LINE#         43
  C:331EH         LINE#         44
BL51 BANKED LINKER/LOCATER V6.22                                                      02/28/2019  14:36:11  PAGE 25


  C:3322H         LINE#         45
  C:3336H         LINE#         46
  C:3355H         LINE#         47
  C:3360H         LINE#         48
  -------         ENDPROC       _STRSEP
  -------         PROC          _STRTRIM
  X:0460H         SYMBOL        s
  -------         DO            
  X:0463H         SYMBOL        p
  X:0466H         SYMBOL        q
  -------         ENDDO         
  C:3037H         LINE#         76
  C:3042H         LINE#         77
  C:304BH         LINE#         78
  C:3060H         LINE#         79
  C:3083H         LINE#         80
  C:30ADH         LINE#         82
  C:30B7H         LINE#         83
  C:30DAH         LINE#         84
  C:30E1H         LINE#         85
  C:30ECH         LINE#         86
  -------         ENDPROC       _STRTRIM
  -------         PROC          _STRTRIM_FAST
  X:0417H         SYMBOL        s
  -------         DO            
  X:041AH         SYMBOL        p
  X:041DH         SYMBOL        q
  X:0420H         SYMBOL        end
  -------         ENDDO         
  C:2C2FH         LINE#         88
  C:2C3AH         LINE#         89
  C:2C43H         LINE#         90
  C:2C58H         LINE#         91
  C:2C6BH         LINE#         92
  C:2C8EH         LINE#         93
  C:2CAEH         LINE#         94
  C:2CD8H         LINE#         95
  C:2CECH         LINE#         96
  C:2CEEH         LINE#         97
  C:2CFDH         LINE#         99
  C:2D08H         LINE#         100
  -------         ENDPROC       _STRTRIM_FAST
  -------         PROC          _TRIM
  X:043AH         SYMBOL        strIn
  X:043DH         SYMBOL        strOut
  -------         DO            
  X:0440H         SYMBOL        i
  X:0442H         SYMBOL        j
  -------         ENDDO         
  C:2B2FH         LINE#         102
  C:2B3AH         LINE#         106
  C:2B41H         LINE#         108
  C:2B52H         LINE#         110
  C:2B74H         LINE#         111
  C:2B84H         LINE#         113
  C:2BA6H         LINE#         114
  C:2BB6H         LINE#         115
BL51 BANKED LINKER/LOCATER V6.22                                                      02/28/2019  14:36:11  PAGE 26


  C:2C01H         LINE#         116
  -------         ENDPROC       _TRIM
  -------         ENDMOD        MYSTRING

  -------         MODULE        DELAY
  C:0000H         SYMBOL        _ICE_DUMMY_
  D:0080H         PUBLIC        P0
  D:0090H         PUBLIC        P1
  D:00A0H         PUBLIC        P2
  D:00B0H         PUBLIC        P3
  D:00C0H         PUBLIC        P4
  D:00C8H         PUBLIC        P5
  D:00A8H         PUBLIC        IE
  C:3E67H         PUBLIC        Delay1000ms
  D:00B8H         PUBLIC        IP
  D:00D8H         PUBLIC        CCON
  D:0098H         PUBLIC        SCON
  D:0088H         PUBLIC        TCON
  D:00F0H         PUBLIC        B
  D:00E0H         PUBLIC        ACC
  C:3B90H         PUBLIC        _delay_ms
  D:00D0H         PUBLIC        PSW
  -------         PROC          _DELAY_MS
  X:04B9H         SYMBOL        ms
  -------         DO            
  X:04BBH         SYMBOL        start
  D:0002H         SYMBOL        ticks
  -------         ENDDO         
  C:3B90H         LINE#         8
  C:3B98H         LINE#         9
  C:3B98H         LINE#         10
  C:3BA3H         LINE#         12
  C:3BA3H         LINE#         13
  C:3BAAH         LINE#         14
  C:3BCDH         LINE#         15
  -------         ENDPROC       _DELAY_MS
  -------         PROC          DELAY1000MS
  -------         DO            
  D:0007H         SYMBOL        i
  D:0006H         SYMBOL        j
  D:0005H         SYMBOL        k
  -------         ENDDO         
  C:3E67H         LINE#         18
  C:3E67H         LINE#         19
  C:3E67H         LINE#         22
  C:3E68H         LINE#         23
  C:3E69H         LINE#         24
  C:3E6BH         LINE#         25
  C:3E6DH         LINE#         26
  C:3E6FH         LINE#         28
  C:3E6FH         LINE#         30
  C:3E6FH         LINE#         31
  C:3E71H         LINE#         32
  C:3E73H         LINE#         33
  C:3E75H         LINE#         34
  -------         ENDPROC       DELAY1000MS
  -------         ENDMOD        DELAY
BL51 BANKED LINKER/LOCATER V6.22                                                      02/28/2019  14:36:11  PAGE 27



  -------         MODULE        GPIO
  C:0000H         SYMBOL        _ICE_DUMMY_
  D:0093H         PUBLIC        P0M1
  D:0092H         PUBLIC        P1M0
  D:0096H         PUBLIC        P2M0
  D:0091H         PUBLIC        P1M1
  D:0080H         PUBLIC        P0
  D:00B2H         PUBLIC        P3M0
  D:0095H         PUBLIC        P2M1
  D:0090H         PUBLIC        P1
  D:00B4H         PUBLIC        P4M0
  D:00B1H         PUBLIC        P3M1
  D:00A0H         PUBLIC        P2
  D:00CAH         PUBLIC        P5M0
  D:00B3H         PUBLIC        P4M1
  D:00B0H         PUBLIC        P3
  D:00C9H         PUBLIC        P5M1
  D:00C0H         PUBLIC        P4
  D:00C8H         PUBLIC        P5
  D:00A8H         PUBLIC        IE
  D:00B8H         PUBLIC        IP
  D:00D8H         PUBLIC        CCON
  D:0098H         PUBLIC        SCON
  D:0088H         PUBLIC        TCON
  D:00F0H         PUBLIC        B
  D:00E0H         PUBLIC        ACC
  C:241CH         PUBLIC        _GPIO_Inilize
  D:00D0H         PUBLIC        PSW
  D:0094H         PUBLIC        P0M0
  -------         PROC          _GPIO_INILIZE
  D:0007H         SYMBOL        GPIO
  D:0001H         SYMBOL        GPIOx
  C:241CH         LINE#         32
  C:241CH         LINE#         33
  C:241CH         LINE#         34
  C:2425H         LINE#         35
  C:2431H         LINE#         36
  C:2434H         LINE#         37
  C:2434H         LINE#         38
  C:2442H         LINE#         39
  C:2453H         LINE#         40
  C:2464H         LINE#         41
  C:2475H         LINE#         42
  C:2475H         LINE#         43
  C:247AH         LINE#         44
  C:247AH         LINE#         45
  C:248BH         LINE#         46
  C:249AH         LINE#         47
  C:24AAH         LINE#         48
  C:24BDH         LINE#         49
  C:24BDH         LINE#         50
  C:24C2H         LINE#         51
  C:24C2H         LINE#         52
  C:24D3H         LINE#         53
  C:24E2H         LINE#         54
  C:24F2H         LINE#         55
BL51 BANKED LINKER/LOCATER V6.22                                                      02/28/2019  14:36:11  PAGE 28


  C:2505H         LINE#         56
  C:2505H         LINE#         57
  C:250AH         LINE#         58
  C:250AH         LINE#         59
  C:251BH         LINE#         60
  C:252AH         LINE#         61
  C:253AH         LINE#         62
  C:254DH         LINE#         63
  C:254DH         LINE#         64
  C:2552H         LINE#         65
  C:2552H         LINE#         66
  C:2563H         LINE#         67
  C:2572H         LINE#         68
  C:2582H         LINE#         69
  C:2595H         LINE#         70
  C:2595H         LINE#         71
  C:259AH         LINE#         72
  C:259AH         LINE#         73
  C:25ABH         LINE#         74
  C:25BAH         LINE#         75
  C:25CAH         LINE#         76
  C:25DDH         LINE#         77
  C:25DDH         LINE#         78
  C:25DFH         LINE#         79
  -------         ENDPROC       _GPIO_INILIZE
  -------         ENDMOD        GPIO

  -------         MODULE        USART1
  C:0000H         SYMBOL        _ICE_DUMMY_
  D:0080H         PUBLIC        P0
  D:0090H         PUBLIC        P1
  X:0000H         PUBLIC        config_mode
  D:00A0H         PUBLIC        P2
  D:00B0H         PUBLIC        P3
  D:00C0H         PUBLIC        P4
  D:00C8H         PUBLIC        P5
  X:0001H         PUBLIC        uart1_cmd
  X:0002H         PUBLIC        Rend
  D:00A2H         PUBLIC        P_SW1
  D:00BAH         PUBLIC        P_SW2
  D:00A8H         PUBLIC        IE
  X:0004H         PUBLIC        COM1
  X:000BH         PUBLIC        COM2
  B:00A8H.4       PUBLIC        ES
  D:00B8H         PUBLIC        IP
  X:0012H         PUBLIC        RX1_Buffer
  X:0092H         PUBLIC        RX2_Buffer
  B:0098H.0       PUBLIC        RI
  C:33EDH         PUBLIC        UART1_int
  X:0112H         PUBLIC        TX1_Buffer
  C:3793H         PUBLIC        UART2_int
  X:0192H         PUBLIC        TX2_Buffer
  B:0098H.1       PUBLIC        TI
  B:00B8H.4       PUBLIC        PS
  D:00D8H         PUBLIC        CCON
  C:3CD5H         PUBLIC        _Printf1
  C:3D02H         PUBLIC        _Printf2
BL51 BANKED LINKER/LOCATER V6.22                                                      02/28/2019  14:36:11  PAGE 29


  X:0212H         PUBLIC        count
  D:0099H         PUBLIC        SBUF
  D:0087H         PUBLIC        PCON
  D:0098H         PUBLIC        SCON
  D:0089H         PUBLIC        TMOD
  D:0088H         PUBLIC        TCON
  X:0213H         PUBLIC        temp
  X:0214H         PUBLIC        Rec_over
  X:0215H         PUBLIC        rec
  C:0046H         PUBLIC        _PrintString1
  C:3E32H         PUBLIC        _PrintString2
  D:00AFH         PUBLIC        IE2
  D:00F0H         PUBLIC        B
  D:008EH         PUBLIC        AUXR
  C:3E76H         PUBLIC        _TX1_write2buff
  C:3E85H         PUBLIC        _TX2_write2buff
  D:00E0H         PUBLIC        ACC
  B:00A8H.3       PUBLIC        ET1
  D:00B5H         PUBLIC        IP2
  D:008DH         PUBLIC        TH1
  D:00D6H         PUBLIC        TH2
  D:008BH         PUBLIC        TL1
  D:00D7H         PUBLIC        TL2
  C:1164H         PUBLIC        _USART_Configuration
  D:00C7H         PUBLIC        ISP_CONTR
  B:0088H.6       PUBLIC        TR1
  D:009BH         PUBLIC        S2BUF
  D:0097H         PUBLIC        PCON2
  B:0098H.4       PUBLIC        REN
  D:009AH         PUBLIC        S2CON
  D:008FH         PUBLIC        INT_CLKO
  D:00D0H         PUBLIC        PSW
  -------         PROC          _USART_CONFIGURATION
  X:0469H         SYMBOL        UARTx
  X:046AH         SYMBOL        COMx
  -------         DO            
  X:046DH         SYMBOL        i
  X:046EH         SYMBOL        j
  -------         ENDDO         
  C:1164H         LINE#         31
  C:1174H         LINE#         32
  C:1174H         LINE#         36
  C:117BH         LINE#         37
  C:117BH         LINE#         38
  C:1180H         LINE#         39
  C:1183H         LINE#         40
  C:1185H         LINE#         41
  C:1187H         LINE#         42
  C:1189H         LINE#         43
  C:118BH         LINE#         44
  C:118DH         LINE#         45
  C:1191H         LINE#         46
  C:11B3H         LINE#         47
  C:11D6H         LINE#         49
  C:11ECH         LINE#         50
  C:11F9H         LINE#         51
  C:11FBH         LINE#         52
BL51 BANKED LINKER/LOCATER V6.22                                                      02/28/2019  14:36:11  PAGE 30


  C:1206H         LINE#         53
  C:1213H         LINE#         54
  C:1213H         LINE#         55
  C:122AH         LINE#         56
  C:1247H         LINE#         57
  C:1269H         LINE#         58
  C:127FH         LINE#         59
  C:127FH         LINE#         60
  C:1281H         LINE#         61
  C:1284H         LINE#         62
  C:1287H         LINE#         63
  C:128AH         LINE#         64
  C:128DH         LINE#         65
  C:12A2H         LINE#         66
  C:12ABH         LINE#         67
  C:12ADH         LINE#         68
  C:12B0H         LINE#         69
  C:12B3H         LINE#         70
  C:12B5H         LINE#         71
  C:12B7H         LINE#         72
  C:12BCH         LINE#         73
  C:12BCH         LINE#         74
  C:12BFH         LINE#         75
  C:12C2H         LINE#         76
  C:12C5H         LINE#         77
  C:12C8H         LINE#         78
  C:12DDH         LINE#         79
  C:12E6H         LINE#         80
  C:12E9H         LINE#         81
  C:12ECH         LINE#         82
  C:12EFH         LINE#         83
  C:12F1H         LINE#         84
  C:12F4H         LINE#         85
  C:12F4H         LINE#         86
  C:1305H         LINE#         87
  C:1305H         LINE#         88
  C:1313H         LINE#         89
  C:1316H         LINE#         90
  C:1318H         LINE#         91
  C:131CH         LINE#         92
  C:131CH         LINE#         93
  C:132AH         LINE#         94
  C:132DH         LINE#         95
  C:132DH         LINE#         96
  C:1345H         LINE#         97
  C:1347H         LINE#         98
  C:1354H         LINE#         99
  C:1356H         LINE#         100
  C:1366H         LINE#         101
  C:1374H         LINE#         102
  C:1377H         LINE#         103
  C:137AH         LINE#         104
  C:137AH         LINE#         106
  C:1385H         LINE#         107
  C:1385H         LINE#         108
  C:138BH         LINE#         109
  C:138EH         LINE#         110
BL51 BANKED LINKER/LOCATER V6.22                                                      02/28/2019  14:36:11  PAGE 31


  C:1390H         LINE#         111
  C:1392H         LINE#         112
  C:1394H         LINE#         113
  C:1396H         LINE#         114
  C:1398H         LINE#         115
  C:13BAH         LINE#         116
  C:13DDH         LINE#         118
  C:13F8H         LINE#         119
  C:13F8H         LINE#         120
  C:1406H         LINE#         121
  C:1409H         LINE#         122
  C:1414H         LINE#         123
  C:1417H         LINE#         124
  C:142EH         LINE#         125
  C:144BH         LINE#         126
  C:146DH         LINE#         127
  C:1470H         LINE#         128
  C:1473H         LINE#         129
  C:1476H         LINE#         130
  C:148BH         LINE#         131
  C:1494H         LINE#         132
  C:1497H         LINE#         133
  C:149AH         LINE#         134
  C:149CH         LINE#         135
  C:149FH         LINE#         136
  C:14B8H         LINE#         137
  C:14BBH         LINE#         138
  C:14C9H         LINE#         139
  C:14CCH         LINE#         140
  C:14DCH         LINE#         141
  C:14DCH         LINE#         142
  C:14DEH         LINE#         144
  -------         ENDPROC       _USART_CONFIGURATION
  -------         PROC          UART1_INT
  -------         DO            
  X:0498H         SYMBOL        buf
  -------         ENDDO         
  C:33EDH         LINE#         150
  C:33FAH         LINE#         153
  C:33FDH         LINE#         154
  C:33FDH         LINE#         155
  C:33FFH         LINE#         156
  C:3405H         LINE#         157
  C:3405H         LINE#         158
  C:340BH         LINE#         159
  C:3412H         LINE#         160
  C:341DH         LINE#         161
  C:3435H         LINE#         162
  C:343BH         LINE#         164
  C:343BH         LINE#         165
  C:343BH         LINE#         167
  C:344AH         LINE#         168
  C:344AH         LINE#         169
  C:3450H         LINE#         170
  C:3450H         LINE#         171
  C:3457H         LINE#         172
  C:3457H         LINE#         173
BL51 BANKED LINKER/LOCATER V6.22                                                      02/28/2019  14:36:11  PAGE 32


  C:345CH         LINE#         174
  C:345CH         LINE#         175
  C:345FH         LINE#         176
  C:3461H         LINE#         177
  C:3461H         LINE#         178
  C:3461H         LINE#         180
  C:3464H         LINE#         181
  C:3464H         LINE#         182
  C:3466H         LINE#         189
  C:346BH         LINE#         190
  C:346BH         LINE#         191
  -------         ENDPROC       UART1_INT
  -------         PROC          UART2_INT
  C:3793H         LINE#         194
  C:37A0H         LINE#         196
  C:37A5H         LINE#         197
  C:37A5H         LINE#         198
  C:37A8H         LINE#         199
  C:37AEH         LINE#         200
  C:37AEH         LINE#         201
  C:37B4H         LINE#         202
  C:37BFH         LINE#         203
  C:37D3H         LINE#         204
  C:37D9H         LINE#         205
  C:37D9H         LINE#         206
  C:37D9H         LINE#         208
  C:37DEH         LINE#         209
  C:37DEH         LINE#         210
  C:37E1H         LINE#         217
  C:37E6H         LINE#         218
  C:37E6H         LINE#         220
  -------         ENDPROC       UART2_INT
  -------         PROC          _TX1_WRITE2BUFF
  D:0007H         SYMBOL        dat
  C:3E76H         LINE#         222
  C:3E76H         LINE#         223
  C:3E76H         LINE#         232
  C:3E7CH         LINE#         233
  C:3E82H         LINE#         234
  C:3E84H         LINE#         235
  -------         ENDPROC       _TX1_WRITE2BUFF
  -------         PROC          _PRINTSTRING1
  D:0001H         SYMBOL        puts
  C:0046H         LINE#         237
  C:0046H         LINE#         238
  C:0046H         LINE#         239
  C:0058H         LINE#         240
  -------         ENDPROC       _PRINTSTRING1
  -------         PROC          _PRINTF1
  X:04C9H         SYMBOL        puts
  D:0005H         SYMBOL        len
  -------         DO            
  D:0006H         SYMBOL        i
  -------         ENDDO         
  C:3CD5H         LINE#         242
  C:3CE0H         LINE#         243
  C:3CE0H         LINE#         245
BL51 BANKED LINKER/LOCATER V6.22                                                      02/28/2019  14:36:11  PAGE 33


  C:3CE7H         LINE#         246
  C:3CE7H         LINE#         247
  C:3CFEH         LINE#         248
  C:3D01H         LINE#         249
  -------         ENDPROC       _PRINTF1
  -------         PROC          _TX2_WRITE2BUFF
  D:0007H         SYMBOL        dat
  C:3E85H         LINE#         251
  C:3E85H         LINE#         252
  C:3E85H         LINE#         261
  C:3E8BH         LINE#         262
  C:3E91H         LINE#         263
  C:3E93H         LINE#         264
  -------         ENDPROC       _TX2_WRITE2BUFF
  -------         PROC          _PRINTSTRING2
  D:0001H         SYMBOL        puts
  C:3E32H         LINE#         266
  C:3E32H         LINE#         267
  C:3E32H         LINE#         268
  C:3E44H         LINE#         269
  -------         ENDPROC       _PRINTSTRING2
  -------         PROC          _PRINTF2
  X:04CCH         SYMBOL        puts
  D:0005H         SYMBOL        len
  -------         DO            
  D:0006H         SYMBOL        i
  -------         ENDDO         
  C:3D02H         LINE#         271
  C:3D0DH         LINE#         272
  C:3D0DH         LINE#         274
  C:3D14H         LINE#         275
  C:3D14H         LINE#         276
  C:3D2BH         LINE#         277
  C:3D2EH         LINE#         278
  -------         ENDPROC       _PRINTF2
  -------         ENDMOD        USART1

[...]
  C:3928H         LINE#         19
  C:3936H         LINE#         20
  C:3939H         LINE#         21
  C:3946H         LINE#         22
  C:3948H         LINE#         23
  C:3954H         LINE#         24
  C:3956H         LINE#         25
  -------         ENDPROC       _ADC_INILIZE
  -------         PROC          _ADC_POWERCONTROL
  D:0007H         SYMBOL        pwr
  C:3EBAH         LINE#         35
  C:3EBAH         LINE#         36
  C:3EBAH         LINE#         37
  C:3EC2H         LINE#         38
  C:3EC5H         LINE#         39
  -------         ENDPROC       _ADC_POWERCONTROL
  -------         PROC          _GET_ADC10BITRESULT
  D:0007H         SYMBOL        channel
  -------         DO            
  D:0004H         SYMBOL        adc
  D:0003H         SYMBOL        i
  -------         ENDDO         
  C:37F1H         LINE#         48
  C:37F1H         LINE#         49
  C:37F1H         LINE#         53
  C:37F9H         LINE#         54
  C:37FCH         LINE#         55
  C:37FEH         LINE#         57
  C:3807H         LINE#         58
  C:380BH         LINE#         60
  C:380DH         LINE#         61
  C:380DH         LINE#         62
  C:3812H         LINE#         63
  C:3812H         LINE#         64
  C:3815H         LINE#         65
  C:381AH         LINE#         66
  C:381AH         LINE#         67
  C:381EH         LINE#         68
  C:3821H         LINE#         69
  C:3823H         LINE#         71
  C:3823H         LINE#         72
  C:3829H         LINE#         73
  C:3840H         LINE#         74
  C:3840H         LINE#         75
  C:3845H         LINE#         76
  C:3845H         LINE#         77
  C:384AH         LINE#         78
  C:384EH         LINE#         79
  -------         ENDPROC       _GET_ADC10BITRESULT
  -------         PROC          ADC_INT
  C:001EH         LINE#         89
  C:001EH         LINE#         91
  C:0021H         LINE#         92
  -------         ENDPROC       ADC_INT
  -------         ENDMOD        ADC
BL51 BANKED LINKER/LOCATER V6.22                                                      02/28/2019  14:36:11  PAGE 39



  -------         MODULE        ?C?CLDPTR
  C:093CH         PUBLIC        ?C?CLDPTR
  -------         ENDMOD        ?C?CLDPTR

  -------         MODULE        ?C?CLDOPTR
  C:0955H         PUBLIC        ?C?CLDOPTR
  -------         ENDMOD        ?C?CLDOPTR

  -------         MODULE        ?C?CSTPTR
  C:0982H         PUBLIC        ?C?CSTPTR
  -------         ENDMOD        ?C?CSTPTR

  -------         MODULE        ?C?CSTOPTR
  C:0994H         PUBLIC        ?C?CSTOPTR
  -------         ENDMOD        ?C?CSTOPTR

  -------         MODULE        ?C?UIDIV
  C:09B6H         PUBLIC        ?C?UIDIV
  -------         ENDMOD        ?C?UIDIV

  -------         MODULE        ?C?IILDX
  C:0A0BH         PUBLIC        ?C?IILDX
  -------         ENDMOD        ?C?IILDX

  -------         MODULE        ?C?ILDIX
  C:0A21H         PUBLIC        ?C?ILDIX
  -------         ENDMOD        ?C?ILDIX

  -------         MODULE        ?C?ILDOPTR
  C:0A37H         PUBLIC        ?C?ILDOPTR
  -------         ENDMOD        ?C?ILDOPTR

  -------         MODULE        ?C?LMUL
  C:0A6FH         PUBLIC        ?C?LMUL
  -------         ENDMOD        ?C?LMUL

  -------         MODULE        ?C?ULDIV
  C:0AFAH         PUBLIC        ?C?ULDIV
  -------         ENDMOD        ?C?ULDIV

  -------         MODULE        ?C?ULCMP
  C:0B8CH         PUBLIC        ?C?ULCMP
  -------         ENDMOD        ?C?ULCMP

  -------         MODULE        ?C?ULSHR
  C:0B9DH         PUBLIC        ?C?ULSHR
  -------         ENDMOD        ?C?ULSHR

  -------         MODULE        ?C?LLDOPTR0
  C:0BB0H         PUBLIC        ?C?LLDOPTR0
  -------         ENDMOD        ?C?LLDOPTR0

  -------         MODULE        ?C?LSTXDATA
  C:0BE0H         PUBLIC        ?C?LSTXDATA
  -------         ENDMOD        ?C?LSTXDATA

BL51 BANKED LINKER/LOCATER V6.22                                                      02/28/2019  14:36:11  PAGE 40


  -------         MODULE        ?C?LSTKXDATA
  C:0BECH         PUBLIC        ?C?LSTKXDATA
  -------         ENDMOD        ?C?LSTKXDATA

  -------         MODULE        ?C?OFFXADD
  C:0C1DH         PUBLIC        ?C?OFFXADD
  -------         ENDMOD        ?C?OFFXADD

  -------         MODULE        ?C?PLDPTR
  C:0C29H         PUBLIC        ?C?PLDPTR
  -------         ENDMOD        ?C?PLDPTR

  -------         MODULE        ?C?PSTPTR
  C:0C49H         PUBLIC        ?C?PSTPTR
  -------         ENDMOD        ?C?PSTPTR

  -------         MODULE        ?C?PLDOPTR
  C:0C98H         PUBLIC        ?C?PLDOPTR
  -------         ENDMOD        ?C?PLDOPTR

  -------         MODULE        PRINTF
  X:0343H         PUBLIC        ?_PRINTF517?BYTE
  X:0343H         PUBLIC        ?_PRINTF?BYTE
  X:0343H         PUBLIC        ?_SPRINTF517?BYTE
  X:0343H         PUBLIC        ?_SPRINTF?BYTE
  C:154AH         PUBLIC        _PRINTF
  C:154AH         PUBLIC        _PRINTF517
  C:1544H         PUBLIC        _SPRINTF
  C:1544H         PUBLIC        _SPRINTF517
  -------         ENDMOD        PRINTF

  -------         MODULE        STRCAT
  X:0472H         PUBLIC        ?_strcat?BYTE
  C:36C0H         PUBLIC        _strcat
  -------         ENDMOD        STRCAT

  -------         MODULE        STRNCPY
  X:0444H         PUBLIC        ?_strncpy?BYTE
  C:372BH         PUBLIC        _strncpy
  -------         ENDMOD        STRNCPY

  -------         MODULE        STRLEN
  C:002EH         PUBLIC        _STRLEN
  -------         ENDMOD        STRLEN

  -------         MODULE        STRSTR
  X:0423H         PUBLIC        ?_strstr?BYTE
  C:2F78H         PUBLIC        _strstr
  -------         ENDMOD        STRSTR

  -------         MODULE        ?C?MEMSET
  C:0CC8H         PUBLIC        ?C?MEMSET
  -------         ENDMOD        ?C?MEMSET

  -------         MODULE        ?C?LLDIDATA0
  C:0CF4H         PUBLIC        ?C?LLDIDATA0
  -------         ENDMOD        ?C?LLDIDATA0
BL51 BANKED LINKER/LOCATER V6.22                                                      02/28/2019  14:36:11  PAGE 41



  -------         MODULE        ?C?LLDXDATA0
  C:0D01H         PUBLIC        ?C?LLDXDATA0
  -------         ENDMOD        ?C?LLDXDATA0

  -------         MODULE        ?C?LLDPDATA0
  C:0D0DH         PUBLIC        ?C?LLDPDATA0
  -------         ENDMOD        ?C?LLDPDATA0

  -------         MODULE        ?C?LLDCODE0
  C:0D1AH         PUBLIC        ?C?LLDCODE0
  -------         ENDMOD        ?C?LLDCODE0

  -------         MODULE        ?C?PLDIDATA
  C:0D2AH         PUBLIC        ?C?PLDIDATA
  -------         ENDMOD        ?C?PLDIDATA

  -------         MODULE        ?C?PSTIDATA
  C:0D33H         PUBLIC        ?C?PSTIDATA
  -------         ENDMOD        ?C?PSTIDATA

  -------         MODULE        ?C?PLDXDATA
  C:0D3CH         PUBLIC        ?C?PLDXDATA
  -------         ENDMOD        ?C?PLDXDATA

  -------         MODULE        ?C?PLDIXDATA
  C:0D45H         PUBLIC        ?C?PLDIXDATA
  -------         ENDMOD        ?C?PLDIXDATA

  -------         MODULE        ?C?PSTXDATA
  C:0D5CH         PUBLIC        ?C?PSTXDATA
  -------         ENDMOD        ?C?PSTXDATA

  -------         MODULE        ?C?PLDPDATA
  C:0D65H         PUBLIC        ?C?PLDPDATA
  -------         ENDMOD        ?C?PLDPDATA

  -------         MODULE        ?C?PSTPDATA
  C:0D6EH         PUBLIC        ?C?PSTPDATA
  -------         ENDMOD        ?C?PSTPDATA

  -------         MODULE        ?C?PLDCODE
  C:0D77H         PUBLIC        ?C?PLDCODE
  -------         ENDMOD        ?C?PLDCODE

  -------         MODULE        ?C?CCASE
  C:0D83H         PUBLIC        ?C?CCASE
  -------         ENDMOD        ?C?CCASE



INTER-MODULE CROSS-REFERENCE LISTING
------------------------------------


NAME . . . . . . . . . . . . . . . USAGE    MODULE NAMES
--------------------------------------------------------
BL51 BANKED LINKER/LOCATER V6.22                                                      02/28/2019  14:36:11  PAGE 42



?C?CCASE . . . . . . . . . . . . . CODE;    ?C?CCASE  PRINTF  
?C?CLDOPTR . . . . . . . . . . . . CODE;    ?C?CLDOPTR  ADC  AES  AES128APP  GPIO  MYSTRING  PRINTF  STC_TIMER  USART1  
                                            
?C?CLDPTR. . . . . . . . . . . . . CODE;    ?C?CLDPTR  ADC  AES  CRC16  EEPROM  GPIO  GPRS  MYSTRING  PRINTF  STC_TIMER 
                                             STRCAT  STRLEN  STRNCPY  STRSTR  USART1  
?C?CSTOPTR . . . . . . . . . . . . CODE;    ?C?CSTOPTR  AES  AES128APP  MYSTRING  STRNCPY  
?C?CSTPTR. . . . . . . . . . . . . CODE;    ?C?CSTPTR  AES  EEPROM  MYSTRING  PRINTF  STRCAT  
?C?IILDX . . . . . . . . . . . . . CODE;    ?C?IILDX  AES  EEPROM  MYSTRING  STRCAT  STRNCPY  STRSTR  
?C?ILDIX . . . . . . . . . . . . . CODE;    ?C?ILDIX  CRC16  GPRS  MYSTRING  STRCAT  STRNCPY  
?C?ILDOPTR . . . . . . . . . . . . CODE;    ?C?ILDOPTR  STC_TIMER  
?C?LLDCODE0. . . . . . . . . . . . CODE;    ?C?LLDCODE0  ?C?LLDOPTR0  
?C?LLDIDATA0 . . . . . . . . . . . CODE;    ?C?LLDIDATA0  ?C?LLDOPTR0  
?C?LLDOPTR0. . . . . . . . . . . . CODE;    ?C?LLDOPTR0  USART1  
?C?LLDPDATA0 . . . . . . . . . . . CODE;    ?C?LLDPDATA0  ?C?LLDOPTR0  
?C?LLDXDATA0 . . . . . . . . . . . CODE;    ?C?LLDXDATA0  ?C?LLDOPTR0  
?C?LMUL. . . . . . . . . . . . . . CODE;    ?C?LMUL  AES  
?C?LSTKXDATA . . . . . . . . . . . CODE;    ?C?LSTKXDATA  AES  AES128APP  MAIN  
?C?LSTXDATA. . . . . . . . . . . . CODE;    ?C?LSTXDATA  AES  AES128APP  CRC16  MAIN  USART1  
?C?MEMSET. . . . . . . . . . . . . CODE;    ?C?MEMSET  AES  GPRS  
?C?OFFXADD . . . . . . . . . . . . CODE;    ?C?OFFXADD  AES  
?C?PLDCODE . . . . . . . . . . . . CODE;    ?C?PLDCODE  ?C?PLDOPTR  ?C?PLDPTR  
?C?PLDIDATA. . . . . . . . . . . . CODE;    ?C?PLDIDATA  ?C?PLDOPTR  ?C?PLDPTR  
?C?PLDIXDATA . . . . . . . . . . . CODE;    ?C?PLDIXDATA  PRINTF  
?C?PLDOPTR . . . . . . . . . . . . CODE;    ?C?PLDOPTR  GPRS  
?C?PLDPDATA. . . . . . . . . . . . CODE;    ?C?PLDPDATA  ?C?PLDOPTR  ?C?PLDPTR  
?C?PLDPTR. . . . . . . . . . . . . CODE;    ?C?PLDPTR  MYSTRING  
?C?PLDXDATA. . . . . . . . . . . . CODE;    ?C?PLDXDATA  ?C?PLDOPTR  ?C?PLDPTR  
?C?PSTIDATA. . . . . . . . . . . . CODE;    ?C?PSTIDATA  ?C?PSTPTR  
?C?PSTPDATA. . . . . . . . . . . . CODE;    ?C?PSTPDATA  ?C?PSTPTR  
?C?PSTPTR. . . . . . . . . . . . . CODE;    ?C?PSTPTR  MYSTRING  
?C?PSTXDATA. . . . . . . . . . . . CODE;    ?C?PSTXDATA  ?C?PSTPTR  PRINTF  
?C?UIDIV . . . . . . . . . . . . . CODE;    ?C?UIDIV  DELAY  GPRS  
?C?ULCMP . . . . . . . . . . . . . CODE;    ?C?ULCMP  AES  USART1  
?C?ULDIV . . . . . . . . . . . . . CODE;    ?C?ULDIV  AES  USART1  
?C?ULSHR . . . . . . . . . . . . . CODE;    ?C?ULSHR  USART1  
?C_INITSEGSTART. . . . . . . . . . CODE;    ** L51 GENERATED **  
?C_START . . . . . . . . . . . . . CODE;    ?C_INIT  ?C_STARTUP  
?C_STARTUP . . . . . . . . . . . . CODE;    ?C_STARTUP  MAIN  
?_AES128_CBC_DECRYPT_BUFFER?BYTE . XDATA;   AES  AES128APP  
?_AES128_CBC_ENCRYPT_BUFFER?BYTE . XDATA;   AES  AES128APP  
?_AES128_ECB_DECRYPT?BYTE. . . . . XDATA;   AES  
?_AES128_ECB_ENCRYPT?BYTE. . . . . XDATA;   AES  
?_APP_DECRYPT_CBC?BYTE . . . . . . XDATA;   AES128APP  
?_APP_ENCRYPT_CBC?BYTE . . . . . . XDATA;   AES128APP  
?_BLOCKCOPY?BYTE . . . . . . . . . XDATA;   AES  
?_CRC16_2?BYTE . . . . . . . . . . XDATA;   CRC16  
?_EEPROM_READ_N?BYTE . . . . . . . XDATA;   EEPROM  
?_EEPROM_WRITE_N?BYTE. . . . . . . XDATA;   EEPROM  
?_GPRS_CMD?BYTE. . . . . . . . . . XDATA;   GPRS  
?_PRINTF517?BYTE . . . . . . . . . XDATA;   PRINTF  
?_PRINTF?BYTE. . . . . . . . . . . XDATA;   PRINTF  AES128APP  GPRS  
?_SPRINTF517?BYTE. . . . . . . . . XDATA;   PRINTF  
?_SPRINTF?BYTE . . . . . . . . . . XDATA;   PRINTF  
?_STRCAT?BYTE. . . . . . . . . . . XDATA;   STRCAT  GPRS  
?_STRNCPY?BYTE . . . . . . . . . . XDATA;   STRNCPY  MYSTRING  
?_STRPBRK?BYTE . . . . . . . . . . XDATA;   MYSTRING  
BL51 BANKED LINKER/LOCATER V6.22                                                      02/28/2019  14:36:11  PAGE 43


?_STRSEP?BYTE. . . . . . . . . . . XDATA;   MYSTRING  
?_STRSTR?BYTE. . . . . . . . . . . XDATA;   STRSTR  GPRS  
?_TRIM?BYTE. . . . . . . . . . . . XDATA;   MYSTRING  
ADC_CONFIG . . . . . . . . . . . . CODE;    MAIN  
ADC_INT. . . . . . . . . . . . . . CODE;    ADC  
AES128 . . . . . . . . . . . . . . XDATA;   FUNCTION  
AT . . . . . . . . . . . . . . . . XDATA;   GPRS  
ATF. . . . . . . . . . . . . . . . XDATA;   GPRS  
ATW. . . . . . . . . . . . . . . . XDATA;   GPRS  
AUCHCRCHI. . . . . . . . . . . . . CODE;    CRC16  
AUCHCRCLO. . . . . . . . . . . . . CODE;    CRC16  
CCSTT. . . . . . . . . . . . . . . XDATA;   GPRS  
CDNSGIP. . . . . . . . . . . . . . XDATA;   GPRS  
CFUN . . . . . . . . . . . . . . . XDATA;   GPRS  
CGATT. . . . . . . . . . . . . . . XDATA;   GPRS  
CGAUTO . . . . . . . . . . . . . . XDATA;   GPRS  
CGREG. . . . . . . . . . . . . . . XDATA;   GPRS  
CGSN . . . . . . . . . . . . . . . XDATA;   GPRS  
CIFSR. . . . . . . . . . . . . . . XDATA;   GPRS  
CIICR. . . . . . . . . . . . . . . XDATA;   GPRS  
CIPMODE. . . . . . . . . . . . . . XDATA;   GPRS  
CIPMUX0. . . . . . . . . . . . . . XDATA;   GPRS  
CIPMUX1. . . . . . . . . . . . . . XDATA;   GPRS  
CIPSEND. . . . . . . . . . . . . . XDATA;   GPRS  
CIPSHUT. . . . . . . . . . . . . . XDATA;   GPRS  
CIPSTART . . . . . . . . . . . . . XDATA;   GPRS  
CIPSTATUS. . . . . . . . . . . . . XDATA;   GPRS  
CLCK . . . . . . . . . . . . . . . XDATA;   GPRS  
COM1 . . . . . . . . . . . . . . . XDATA;   USART1  FUNCTION  
COM2 . . . . . . . . . . . . . . . XDATA;   USART1  FUNCTION  GPRS  
CONFIG_MODE. . . . . . . . . . . . XDATA;   USART1  
COPS . . . . . . . . . . . . . . . XDATA;   GPRS  
COUNT. . . . . . . . . . . . . . . XDATA;   USART1  
CPIN . . . . . . . . . . . . . . . XDATA;   GPRS  
CREG1. . . . . . . . . . . . . . . XDATA;   GPRS  
CREG2. . . . . . . . . . . . . . . XDATA;   GPRS  
CSQ. . . . . . . . . . . . . . . . XDATA;   GPRS  
DELAY1000MS. . . . . . . . . . . . CODE;    DELAY  
DISABLEEEPROM. . . . . . . . . . . CODE;    EEPROM  
DNSSERVER. . . . . . . . . . . . . XDATA;   GPRS  
FUNCTION . . . . . . . . . . . . . CODE;    FUNCTION  MAIN  
GET_SYS_TICKS. . . . . . . . . . . CODE;    SYS_CLOCK  DELAY  FUNCTION  GPRS  
GMM. . . . . . . . . . . . . . . . XDATA;   GPRS  
GPIO_CONFIG. . . . . . . . . . . . CODE;    MAIN  
GPRS_STATUS. . . . . . . . . . . . XDATA;   GPRS  
ICF. . . . . . . . . . . . . . . . XDATA;   GPRS  
INIT . . . . . . . . . . . . . . . CODE;    MAIN  
INIT_CONFIG. . . . . . . . . . . . CODE;    FUNCTION  
INVCIPHER. . . . . . . . . . . . . CODE;    AES  
INVMIXCOLUMNS. . . . . . . . . . . CODE;    AES  
INVSHIFTROWS . . . . . . . . . . . CODE;    AES  
INVSUBBYTES. . . . . . . . . . . . CODE;    AES  
IPR. . . . . . . . . . . . . . . . XDATA;   GPRS  
MAIN . . . . . . . . . . . . . . . CODE;    MAIN  ?C_INIT  
MIXCOLUMNS . . . . . . . . . . . . CODE;    AES  
RCON . . . . . . . . . . . . . . . CODE;    AES  
REC. . . . . . . . . . . . . . . . XDATA;   USART1  
BL51 BANKED LINKER/LOCATER V6.22                                                      02/28/2019  14:36:11  PAGE 44


REC_OVER . . . . . . . . . . . . . XDATA;   USART1  
REND . . . . . . . . . . . . . . . XDATA;   USART1  
RSBOX. . . . . . . . . . . . . . . CODE;    AES  
RX1_BUFFER . . . . . . . . . . . . XDATA;   USART1  
RX2_BUFFER . . . . . . . . . . . . XDATA;   USART1  GPRS  
SBOX . . . . . . . . . . . . . . . CODE;    AES  
SHIFTROWS. . . . . . . . . . . . . CODE;    AES  
SUBBYTES . . . . . . . . . . . . . CODE;    AES  
SYS_CLOCK_INIT . . . . . . . . . . CODE;    SYS_CLOCK  MAIN  
SYS_TICKS. . . . . . . . . . . . . DATA;    SYS_CLOCK  STC_TIMER  
S_CONFIG . . . . . . . . . . . . . XDATA;   GPRS  
TEMP . . . . . . . . . . . . . . . XDATA;   USART1  
TIMER0_INT . . . . . . . . . . . . CODE;    STC_TIMER  
TIMER1_INT . . . . . . . . . . . . CODE;    STC_TIMER  
TIMER2_INT . . . . . . . . . . . . CODE;    STC_TIMER  
TIMEROUT1. . . . . . . . . . . . . XDATA;   FUNCTION  
TIMEROUT2. . . . . . . . . . . . . XDATA;   FUNCTION  
TX1_BUFFER . . . . . . . . . . . . XDATA;   USART1  
TX2_BUFFER . . . . . . . . . . . . XDATA;   USART1  
UART1_CHECK_TIMEOUT. . . . . . . . CODE;    FUNCTION  
UART1_CMD. . . . . . . . . . . . . XDATA;   USART1  
UART1_INT. . . . . . . . . . . . . CODE;    USART1  
UART2_CHECK_TIMEOUT. . . . . . . . CODE;    FUNCTION  
UART2_INT. . . . . . . . . . . . . CODE;    USART1  
UART_CONFIG. . . . . . . . . . . . CODE;    MAIN  
UCSTT. . . . . . . . . . . . . . . XDATA;   GPRS  
_ADC_INILIZE . . . . . . . . . . . CODE;    ADC  MAIN  
_ADC_POWERCONTROL. . . . . . . . . CODE;    ADC  MAIN  
_ADDROUNDKEY . . . . . . . . . . . CODE;    AES  
_AES128_CBC_DECRYPT_BUFFER . . . . CODE;    AES  AES128APP  
_AES128_CBC_ENCRYPT_BUFFER . . . . CODE;    AES  AES128APP  
_AES128_ECB_DECRYPT. . . . . . . . CODE;    AES  
_AES128_ECB_ENCRYPT. . . . . . . . CODE;    AES  
_APP_DECRYPT_CBC . . . . . . . . . CODE;    AES128APP  
_APP_ENCRYPT_CBC . . . . . . . . . CODE;    AES128APP  
_AT_SEND . . . . . . . . . . . . . CODE;    GPRS  
_BLOCKCOPY . . . . . . . . . . . . CODE;    AES  
_CRC16 . . . . . . . . . . . . . . CODE;    CRC16  
_CRC16_2 . . . . . . . . . . . . . CODE;    CRC16  
_DELAY_MS. . . . . . . . . . . . . CODE;    DELAY  GPRS  
_EEPROM_READ_N . . . . . . . . . . CODE;    EEPROM  
_EEPROM_SECTORERASE. . . . . . . . CODE;    EEPROM  
_EEPROM_WRITE_N. . . . . . . . . . CODE;    EEPROM  
_GETSBOXVALUE. . . . . . . . . . . CODE;    AES  
_GET_ADC10BITRESULT. . . . . . . . CODE;    ADC  MAIN  
_GPIO_INILIZE. . . . . . . . . . . CODE;    GPIO  MAIN  
_GPRS_CMD. . . . . . . . . . . . . CODE;    GPRS  
_INIT_GPRS . . . . . . . . . . . . CODE;    GPRS  
_PHEX. . . . . . . . . . . . . . . CODE;    AES128APP  
_PRINTF. . . . . . . . . . . . . . CODE;    PRINTF  AES128APP  GPRS  
_PRINTF1 . . . . . . . . . . . . . CODE;    USART1  AES128APP  
_PRINTF2 . . . . . . . . . . . . . CODE;    USART1  
_PRINTF517 . . . . . . . . . . . . CODE;    PRINTF  
_PRINTSTRING1. . . . . . . . . . . CODE;    USART1  
_PRINTSTRING2. . . . . . . . . . . CODE;    USART1  
_PUTCHAR . . . . . . . . . . . . . CODE;    MAIN  PRINTF  
_SEND_STRING . . . . . . . . . . . CODE;    GPRS  
BL51 BANKED LINKER/LOCATER V6.22                                                      02/28/2019  14:36:11  PAGE 45


_SPRINTF . . . . . . . . . . . . . CODE;    PRINTF  
_SPRINTF517. . . . . . . . . . . . CODE;    PRINTF  
_STRCAT. . . . . . . . . . . . . . CODE;    STRCAT  GPRS  
_STRLEN. . . . . . . . . . . . . . CODE;    STRLEN  MYSTRING  
_STRNCPY . . . . . . . . . . . . . CODE;    STRNCPY  MYSTRING  
_STRPBRK . . . . . . . . . . . . . CODE;    MYSTRING  
_STRSEP. . . . . . . . . . . . . . CODE;    MYSTRING  
_STRSTR. . . . . . . . . . . . . . CODE;    STRSTR  GPRS  
_STRTRIM . . . . . . . . . . . . . CODE;    MYSTRING  
_STRTRIM_FAST. . . . . . . . . . . CODE;    MYSTRING  
_TIMER_INILIZE . . . . . . . . . . CODE;    STC_TIMER  SYS_CLOCK  
_TRIM. . . . . . . . . . . . . . . CODE;    MYSTRING  
_TX1_WRITE2BUFF. . . . . . . . . . CODE;    USART1  
_TX2_WRITE2BUFF. . . . . . . . . . CODE;    USART1  GPRS  
_UART1_SET_TIMEOUT . . . . . . . . CODE;    FUNCTION  USART1  
_UART2_SET_TIMEOUT . . . . . . . . CODE;    FUNCTION  USART1  
_USART_CONFIGURATION . . . . . . . CODE;    USART1  MAIN  
_USRT1_CONFIG. . . . . . . . . . . CODE;    MAIN  
_XTIME . . . . . . . . . . . . . . CODE;    AES  

Program Size: data=33.1 xdata=1239 code=16083
LINK/LOCATE RUN COMPLETE.  0 WARNING(S),  0 ERROR(S)
